<!doctype html public "-//w3c//dtd html 4.0 transitional//en">
<html><head>
<title>Static Call Graph - [.\obj\SmartGloves_APROM.axf]</title></head>
<body><HR>
<H1>Static Call Graph for image .\obj\SmartGloves_APROM.axf</H1><HR>
<BR><P>#&#060CALLGRAPH&#062# ARM Linker, 5060528: Last Updated: Thu Oct 19 17:15:05 2017
<BR><P>
<H3>Maximum Stack Usage =        744 bytes + Unknown(Functions without stacksize, Cycles, Untraceable Function Pointers)</H3><H3>
Call chain for Maximum Stack Depth:</H3>
__rt_entry_main &rArr; main &rArr; DoVR_two_as_one &rArr; DoVR_create_multi &rArr; CSpotter_Init_Multi &rArr; NINJA_API_9 &rArr; BsrRay &rArr; BsrDina &rArr; BsrJami &rArr; BsrJose
<P>
<H3>
Functions with no stack information
</H3><UL>
 <LI><a href="#[22]">__user_initial_stackheap</a>
</UL>
</UL>
<P>
<H3>
Mutually Recursive functions
</H3> <LI><a href="#[6]">NMI_Handler</a>&nbsp;&nbsp;&nbsp;&rArr;&nbsp;&nbsp;&nbsp;<a href="#[6]">NMI_Handler</a><BR>
 <LI><a href="#[7]">HardFault_Handler</a>&nbsp;&nbsp;&nbsp;&rArr;&nbsp;&nbsp;&nbsp;<a href="#[7]">HardFault_Handler</a><BR>
 <LI><a href="#[8]">SVC_Handler</a>&nbsp;&nbsp;&nbsp;&rArr;&nbsp;&nbsp;&nbsp;<a href="#[8]">SVC_Handler</a><BR>
 <LI><a href="#[9]">PendSV_Handler</a>&nbsp;&nbsp;&nbsp;&rArr;&nbsp;&nbsp;&nbsp;<a href="#[9]">PendSV_Handler</a><BR>
 <LI><a href="#[a]">SysTick_Handler</a>&nbsp;&nbsp;&nbsp;&rArr;&nbsp;&nbsp;&nbsp;<a href="#[a]">SysTick_Handler</a><BR>
 <LI><a href="#[12]">Default_Handler</a>&nbsp;&nbsp;&nbsp;&rArr;&nbsp;&nbsp;&nbsp;<a href="#[12]">Default_Handler</a><BR>
</UL>
<P>
<H3>
Function Pointers
</H3><UL>
 <LI><a href="#[19]">ACMP_IRQHandler</a> from startup_isd9100.o(.text) referenced from startup_isd9100.o(RESET)
 <LI><a href="#[1d]">ADC_IRQHandler</a> from startup_isd9100.o(.text) referenced from startup_isd9100.o(RESET)
 <LI><a href="#[10]">ALC_IRQHandler</a> from startup_isd9100.o(.text) referenced from startup_isd9100.o(RESET)
 <LI><a href="#[b]">BOD_IRQHandler</a> from startup_isd9100.o(.text) referenced from startup_isd9100.o(RESET)
 <LI><a href="#[1c]">CAPS_IRQHandler</a> from startup_isd9100.o(.text) referenced from startup_isd9100.o(RESET)
 <LI><a href="#[12]">Default_Handler</a> from startup_isd9100.o(.text) referenced 13 times from startup_isd9100.o(RESET)
 <LI><a href="#[d]">EINT0_IRQHandler</a> from startup_isd9100.o(.text) referenced from startup_isd9100.o(RESET)
 <LI><a href="#[e]">EINT1_IRQHandler</a> from startup_isd9100.o(.text) referenced from startup_isd9100.o(RESET)
 <LI><a href="#[f]">GPAB_IRQHandler</a> from main.o(i.GPAB_IRQHandler) referenced from startup_isd9100.o(RESET)
 <LI><a href="#[7]">HardFault_Handler</a> from startup_isd9100.o(.text) referenced from startup_isd9100.o(RESET)
 <LI><a href="#[17]">I2C0_IRQHandler</a> from startup_isd9100.o(.text) referenced from startup_isd9100.o(RESET)
 <LI><a href="#[1b]">I2S_IRQHandler</a> from startup_isd9100.o(.text) referenced from startup_isd9100.o(RESET)
 <LI><a href="#[6]">NMI_Handler</a> from startup_isd9100.o(.text) referenced from startup_isd9100.o(RESET)
 <LI><a href="#[1a]">PDMA_IRQHandler</a> from interrupthandler.o(i.PDMA_IRQHandler) referenced from startup_isd9100.o(RESET)
 <LI><a href="#[11]">PWM0_IRQHandler</a> from startup_isd9100.o(.text) referenced from startup_isd9100.o(RESET)
 <LI><a href="#[9]">PendSV_Handler</a> from startup_isd9100.o(.text) referenced from startup_isd9100.o(RESET)
 <LI><a href="#[1e]">RTC_IRQHandler</a> from startup_isd9100.o(.text) referenced from startup_isd9100.o(RESET)
 <LI><a href="#[20]">Reset_Handler</a> from startup_isd9100.o(.text) referenced from startup_isd9100.o(RESET)
 <LI><a href="#[16]">SPI0_IRQHandler</a> from startup_isd9100.o(.text) referenced from startup_isd9100.o(RESET)
 <LI><a href="#[8]">SVC_Handler</a> from startup_isd9100.o(.text) referenced from startup_isd9100.o(RESET)
 <LI><a href="#[a]">SysTick_Handler</a> from startup_isd9100.o(.text) referenced from startup_isd9100.o(RESET)
 <LI><a href="#[18]">TALARM_IRQHandler</a> from startup_isd9100.o(.text) referenced from startup_isd9100.o(RESET)
 <LI><a href="#[13]">TMR0_IRQHandler</a> from main.o(i.TMR0_IRQHandler) referenced from startup_isd9100.o(RESET)
 <LI><a href="#[14]">TMR1_IRQHandler</a> from main.o(i.TMR1_IRQHandler) referenced from startup_isd9100.o(RESET)
 <LI><a href="#[15]">UART0_IRQHandler</a> from startup_isd9100.o(.text) referenced from startup_isd9100.o(RESET)
 <LI><a href="#[c]">WDT_IRQHandler</a> from startup_isd9100.o(.text) referenced from startup_isd9100.o(RESET)
 <LI><a href="#[21]">__main</a> from __main.o(!!!main) referenced from startup_isd9100.o(.text)
</UL>
<P>
<H3>
Global Symbols
</H3>
<P><STRONG><a name="[21]"></a>__main</STRONG> (Thumb, 8 bytes, Stack size 0 bytes, __main.o(!!!main))
<BR><BR>[Calls]<UL><LI><a href="#[24]">&gt;&gt;</a>&nbsp;&nbsp;&nbsp;__rt_entry
<LI><a href="#[23]">&gt;&gt;</a>&nbsp;&nbsp;&nbsp;__scatterload
</UL>

<P><STRONG><a name="[23]"></a>__scatterload</STRONG> (Thumb, 0 bytes, Stack size unknown bytes, __scatter.o(!!!scatter))
<BR><BR>[Called By]<UL><LI><a href="#[21]">&gt;&gt;</a>&nbsp;&nbsp;&nbsp;__main
</UL>

<P><STRONG><a name="[25]"></a>__scatterload_rt2</STRONG> (Thumb, 52 bytes, Stack size unknown bytes, __scatter.o(!!!scatter), UNUSED)
<BR><BR>[Calls]<UL><LI><a href="#[24]">&gt;&gt;</a>&nbsp;&nbsp;&nbsp;__rt_entry
</UL>

<P><STRONG><a name="[fa]"></a>__scatterload_rt2_thumb_only</STRONG> (Thumb, 0 bytes, Stack size unknown bytes, __scatter.o(!!!scatter), UNUSED)

<P><STRONG><a name="[fb]"></a>__scatterload_null</STRONG> (Thumb, 0 bytes, Stack size unknown bytes, __scatter.o(!!!scatter), UNUSED)

<P><STRONG><a name="[26]"></a>__scatterload_copy</STRONG> (Thumb, 26 bytes, Stack size unknown bytes, __scatter_copy.o(!!handler_copy), UNUSED)
<BR><BR>[Calls]<UL><LI><a href="#[26]">&gt;&gt;</a>&nbsp;&nbsp;&nbsp;__scatterload_copy
</UL>
<BR>[Called By]<UL><LI><a href="#[26]">&gt;&gt;</a>&nbsp;&nbsp;&nbsp;__scatterload_copy
</UL>

<P><STRONG><a name="[fc]"></a>__scatterload_zeroinit</STRONG> (Thumb, 28 bytes, Stack size unknown bytes, __scatter_zi.o(!!handler_zi), UNUSED)

<P><STRONG><a name="[2a]"></a>__rt_lib_init</STRONG> (Thumb, 0 bytes, Stack size unknown bytes, libinit.o(.ARM.Collect$$libinit$$00000000))
<BR><BR>[Called By]<UL><LI><a href="#[29]">&gt;&gt;</a>&nbsp;&nbsp;&nbsp;__rt_entry_li
</UL>

<P><STRONG><a name="[fd]"></a>__rt_lib_init_alloca_1</STRONG> (Thumb, 0 bytes, Stack size unknown bytes, libinit2.o(.ARM.Collect$$libinit$$0000002E))

<P><STRONG><a name="[fe]"></a>__rt_lib_init_argv_1</STRONG> (Thumb, 0 bytes, Stack size unknown bytes, libinit2.o(.ARM.Collect$$libinit$$0000002C))

<P><STRONG><a name="[ff]"></a>__rt_lib_init_atexit_1</STRONG> (Thumb, 0 bytes, Stack size unknown bytes, libinit2.o(.ARM.Collect$$libinit$$0000001B))

<P><STRONG><a name="[100]"></a>__rt_lib_init_clock_1</STRONG> (Thumb, 0 bytes, Stack size unknown bytes, libinit2.o(.ARM.Collect$$libinit$$00000021))

<P><STRONG><a name="[101]"></a>__rt_lib_init_cpp_1</STRONG> (Thumb, 0 bytes, Stack size unknown bytes, libinit2.o(.ARM.Collect$$libinit$$00000032))

<P><STRONG><a name="[102]"></a>__rt_lib_init_exceptions_1</STRONG> (Thumb, 0 bytes, Stack size unknown bytes, libinit2.o(.ARM.Collect$$libinit$$00000030))

<P><STRONG><a name="[103]"></a>__rt_lib_init_fp_1</STRONG> (Thumb, 0 bytes, Stack size unknown bytes, libinit2.o(.ARM.Collect$$libinit$$00000002))

<P><STRONG><a name="[104]"></a>__rt_lib_init_fp_trap_1</STRONG> (Thumb, 0 bytes, Stack size unknown bytes, libinit2.o(.ARM.Collect$$libinit$$0000001F))

<P><STRONG><a name="[105]"></a>__rt_lib_init_getenv_1</STRONG> (Thumb, 0 bytes, Stack size unknown bytes, libinit2.o(.ARM.Collect$$libinit$$00000023))

<P><STRONG><a name="[106]"></a>__rt_lib_init_heap_1</STRONG> (Thumb, 0 bytes, Stack size unknown bytes, libinit2.o(.ARM.Collect$$libinit$$0000000A))

<P><STRONG><a name="[107]"></a>__rt_lib_init_lc_collate_1</STRONG> (Thumb, 0 bytes, Stack size unknown bytes, libinit2.o(.ARM.Collect$$libinit$$00000011))

<P><STRONG><a name="[108]"></a>__rt_lib_init_lc_ctype_1</STRONG> (Thumb, 0 bytes, Stack size unknown bytes, libinit2.o(.ARM.Collect$$libinit$$00000013))

<P><STRONG><a name="[109]"></a>__rt_lib_init_lc_monetary_1</STRONG> (Thumb, 0 bytes, Stack size unknown bytes, libinit2.o(.ARM.Collect$$libinit$$00000015))

<P><STRONG><a name="[10a]"></a>__rt_lib_init_lc_numeric_1</STRONG> (Thumb, 0 bytes, Stack size unknown bytes, libinit2.o(.ARM.Collect$$libinit$$00000017))

<P><STRONG><a name="[10b]"></a>__rt_lib_init_lc_time_1</STRONG> (Thumb, 0 bytes, Stack size unknown bytes, libinit2.o(.ARM.Collect$$libinit$$00000019))

<P><STRONG><a name="[10c]"></a>__rt_lib_init_preinit_1</STRONG> (Thumb, 0 bytes, Stack size unknown bytes, libinit2.o(.ARM.Collect$$libinit$$00000004))

<P><STRONG><a name="[10d]"></a>__rt_lib_init_rand_1</STRONG> (Thumb, 0 bytes, Stack size unknown bytes, libinit2.o(.ARM.Collect$$libinit$$0000000E))

<P><STRONG><a name="[10e]"></a>__rt_lib_init_return</STRONG> (Thumb, 0 bytes, Stack size unknown bytes, libinit2.o(.ARM.Collect$$libinit$$00000033))

<P><STRONG><a name="[10f]"></a>__rt_lib_init_signal_1</STRONG> (Thumb, 0 bytes, Stack size unknown bytes, libinit2.o(.ARM.Collect$$libinit$$0000001D))

<P><STRONG><a name="[110]"></a>__rt_lib_init_stdio_1</STRONG> (Thumb, 0 bytes, Stack size unknown bytes, libinit2.o(.ARM.Collect$$libinit$$00000025))

<P><STRONG><a name="[111]"></a>__rt_lib_init_user_alloc_1</STRONG> (Thumb, 0 bytes, Stack size unknown bytes, libinit2.o(.ARM.Collect$$libinit$$0000000C))

<P><STRONG><a name="[2f]"></a>__rt_lib_shutdown</STRONG> (Thumb, 0 bytes, Stack size unknown bytes, libshutdown.o(.ARM.Collect$$libshutdown$$00000000))
<BR><BR>[Called By]<UL><LI><a href="#[2e]">&gt;&gt;</a>&nbsp;&nbsp;&nbsp;__rt_exit_ls
</UL>

<P><STRONG><a name="[112]"></a>__rt_lib_shutdown_cpp_1</STRONG> (Thumb, 0 bytes, Stack size unknown bytes, libshutdown2.o(.ARM.Collect$$libshutdown$$00000002))

<P><STRONG><a name="[113]"></a>__rt_lib_shutdown_fp_trap_1</STRONG> (Thumb, 0 bytes, Stack size unknown bytes, libshutdown2.o(.ARM.Collect$$libshutdown$$00000007))

<P><STRONG><a name="[114]"></a>__rt_lib_shutdown_heap_1</STRONG> (Thumb, 0 bytes, Stack size unknown bytes, libshutdown2.o(.ARM.Collect$$libshutdown$$0000000F))

<P><STRONG><a name="[115]"></a>__rt_lib_shutdown_return</STRONG> (Thumb, 0 bytes, Stack size unknown bytes, libshutdown2.o(.ARM.Collect$$libshutdown$$00000010))

<P><STRONG><a name="[116]"></a>__rt_lib_shutdown_signal_1</STRONG> (Thumb, 0 bytes, Stack size unknown bytes, libshutdown2.o(.ARM.Collect$$libshutdown$$0000000A))

<P><STRONG><a name="[117]"></a>__rt_lib_shutdown_stdio_1</STRONG> (Thumb, 0 bytes, Stack size unknown bytes, libshutdown2.o(.ARM.Collect$$libshutdown$$00000004))

<P><STRONG><a name="[118]"></a>__rt_lib_shutdown_user_alloc_1</STRONG> (Thumb, 0 bytes, Stack size unknown bytes, libshutdown2.o(.ARM.Collect$$libshutdown$$0000000C))

<P><STRONG><a name="[24]"></a>__rt_entry</STRONG> (Thumb, 0 bytes, Stack size unknown bytes, __rtentry.o(.ARM.Collect$$rtentry$$00000000))
<BR><BR>[Called By]<UL><LI><a href="#[21]">&gt;&gt;</a>&nbsp;&nbsp;&nbsp;__main
<LI><a href="#[25]">&gt;&gt;</a>&nbsp;&nbsp;&nbsp;__scatterload_rt2
</UL>

<P><STRONG><a name="[119]"></a>__rt_entry_presh_1</STRONG> (Thumb, 0 bytes, Stack size unknown bytes, __rtentry2.o(.ARM.Collect$$rtentry$$00000002))

<P><STRONG><a name="[27]"></a>__rt_entry_sh</STRONG> (Thumb, 0 bytes, Stack size unknown bytes, __rtentry4.o(.ARM.Collect$$rtentry$$00000004))
<BR><BR>[Stack]<UL><LI>Max Depth = 8 + Unknown Stack Size
<LI>Call Chain = __rt_entry_sh &rArr; __user_setup_stackheap
</UL>
<BR>[Calls]<UL><LI><a href="#[28]">&gt;&gt;</a>&nbsp;&nbsp;&nbsp;__user_setup_stackheap
</UL>

<P><STRONG><a name="[29]"></a>__rt_entry_li</STRONG> (Thumb, 0 bytes, Stack size unknown bytes, __rtentry2.o(.ARM.Collect$$rtentry$$0000000A))
<BR><BR>[Calls]<UL><LI><a href="#[2a]">&gt;&gt;</a>&nbsp;&nbsp;&nbsp;__rt_lib_init
</UL>

<P><STRONG><a name="[11a]"></a>__rt_entry_postsh_1</STRONG> (Thumb, 0 bytes, Stack size unknown bytes, __rtentry2.o(.ARM.Collect$$rtentry$$00000009))

<P><STRONG><a name="[2b]"></a>__rt_entry_main</STRONG> (Thumb, 0 bytes, Stack size unknown bytes, __rtentry2.o(.ARM.Collect$$rtentry$$0000000D))
<BR><BR>[Stack]<UL><LI>Max Depth = 744 + Unknown Stack Size
<LI>Call Chain = __rt_entry_main &rArr; main &rArr; DoVR_two_as_one &rArr; DoVR_create_multi &rArr; CSpotter_Init_Multi &rArr; NINJA_API_9 &rArr; BsrRay &rArr; BsrDina &rArr; BsrJami &rArr; BsrJose
</UL>
<BR>[Calls]<UL><LI><a href="#[2c]">&gt;&gt;</a>&nbsp;&nbsp;&nbsp;main
<LI><a href="#[2d]">&gt;&gt;</a>&nbsp;&nbsp;&nbsp;exit
</UL>

<P><STRONG><a name="[11b]"></a>__rt_entry_postli_1</STRONG> (Thumb, 0 bytes, Stack size unknown bytes, __rtentry2.o(.ARM.Collect$$rtentry$$0000000C))

<P><STRONG><a name="[34]"></a>__rt_exit</STRONG> (Thumb, 0 bytes, Stack size unknown bytes, rtexit.o(.ARM.Collect$$rtexit$$00000000))
<BR><BR>[Called By]<UL><LI><a href="#[2d]">&gt;&gt;</a>&nbsp;&nbsp;&nbsp;exit
</UL>

<P><STRONG><a name="[2e]"></a>__rt_exit_ls</STRONG> (Thumb, 0 bytes, Stack size unknown bytes, rtexit2.o(.ARM.Collect$$rtexit$$00000003))
<BR><BR>[Calls]<UL><LI><a href="#[2f]">&gt;&gt;</a>&nbsp;&nbsp;&nbsp;__rt_lib_shutdown
</UL>

<P><STRONG><a name="[11c]"></a>__rt_exit_prels_1</STRONG> (Thumb, 0 bytes, Stack size unknown bytes, rtexit2.o(.ARM.Collect$$rtexit$$00000002))

<P><STRONG><a name="[30]"></a>__rt_exit_exit</STRONG> (Thumb, 0 bytes, Stack size unknown bytes, rtexit2.o(.ARM.Collect$$rtexit$$00000004))
<BR><BR>[Calls]<UL><LI><a href="#[31]">&gt;&gt;</a>&nbsp;&nbsp;&nbsp;_sys_exit
</UL>

<P><STRONG><a name="[f3]"></a>__aeabi_memcpy4</STRONG> (Thumb, 56 bytes, Stack size 0 bytes, rt_memcpy.o(.emb_text))
<BR><BR>[Called By]<UL><LI><a href="#[f2]">&gt;&gt;</a>&nbsp;&nbsp;&nbsp;TIMER_GetModuleClock
</UL>

<P><STRONG><a name="[11d]"></a>__aeabi_memcpy8</STRONG> (Thumb, 0 bytes, Stack size 0 bytes, rt_memcpy.o(.emb_text), UNUSED)

<P><STRONG><a name="[20]"></a>Reset_Handler</STRONG> (Thumb, 28 bytes, Stack size 0 bytes, startup_isd9100.o(.text))

<P><STRONG><a name="[6]"></a>NMI_Handler</STRONG> (Thumb, 2 bytes, Stack size 0 bytes, startup_isd9100.o(.text))
<BR><BR>[Calls]<UL><LI><a href="#[6]">&gt;&gt;</a>&nbsp;&nbsp;&nbsp;NMI_Handler
</UL>
<BR>[Called By]<UL><LI><a href="#[6]">&gt;&gt;</a>&nbsp;&nbsp;&nbsp;NMI_Handler
</UL>
<BR>[Address Reference Count : 1]<UL><LI> startup_isd9100.o(RESET)
</UL>
<P><STRONG><a name="[7]"></a>HardFault_Handler</STRONG> (Thumb, 2 bytes, Stack size 0 bytes, startup_isd9100.o(.text))
<BR><BR>[Calls]<UL><LI><a href="#[7]">&gt;&gt;</a>&nbsp;&nbsp;&nbsp;HardFault_Handler
</UL>
<BR>[Called By]<UL><LI><a href="#[7]">&gt;&gt;</a>&nbsp;&nbsp;&nbsp;HardFault_Handler
</UL>
<BR>[Address Reference Count : 1]<UL><LI> startup_isd9100.o(RESET)
</UL>
<P><STRONG><a name="[8]"></a>SVC_Handler</STRONG> (Thumb, 2 bytes, Stack size 0 bytes, startup_isd9100.o(.text))
<BR><BR>[Calls]<UL><LI><a href="#[8]">&gt;&gt;</a>&nbsp;&nbsp;&nbsp;SVC_Handler
</UL>
<BR>[Called By]<UL><LI><a href="#[8]">&gt;&gt;</a>&nbsp;&nbsp;&nbsp;SVC_Handler
</UL>
<BR>[Address Reference Count : 1]<UL><LI> startup_isd9100.o(RESET)
</UL>
<P><STRONG><a name="[9]"></a>PendSV_Handler</STRONG> (Thumb, 2 bytes, Stack size 0 bytes, startup_isd9100.o(.text))
<BR><BR>[Calls]<UL><LI><a href="#[9]">&gt;&gt;</a>&nbsp;&nbsp;&nbsp;PendSV_Handler
</UL>
<BR>[Called By]<UL><LI><a href="#[9]">&gt;&gt;</a>&nbsp;&nbsp;&nbsp;PendSV_Handler
</UL>
<BR>[Address Reference Count : 1]<UL><LI> startup_isd9100.o(RESET)
</UL>
<P><STRONG><a name="[a]"></a>SysTick_Handler</STRONG> (Thumb, 2 bytes, Stack size 0 bytes, startup_isd9100.o(.text))
<BR><BR>[Calls]<UL><LI><a href="#[a]">&gt;&gt;</a>&nbsp;&nbsp;&nbsp;SysTick_Handler
</UL>
<BR>[Called By]<UL><LI><a href="#[a]">&gt;&gt;</a>&nbsp;&nbsp;&nbsp;SysTick_Handler
</UL>
<BR>[Address Reference Count : 1]<UL><LI> startup_isd9100.o(RESET)
</UL>
<P><STRONG><a name="[19]"></a>ACMP_IRQHandler</STRONG> (Thumb, 0 bytes, Stack size 0 bytes, startup_isd9100.o(.text))
<BR>[Address Reference Count : 1]<UL><LI> startup_isd9100.o(RESET)
</UL>
<P><STRONG><a name="[1d]"></a>ADC_IRQHandler</STRONG> (Thumb, 0 bytes, Stack size 0 bytes, startup_isd9100.o(.text))
<BR>[Address Reference Count : 1]<UL><LI> startup_isd9100.o(RESET)
</UL>
<P><STRONG><a name="[10]"></a>ALC_IRQHandler</STRONG> (Thumb, 0 bytes, Stack size 0 bytes, startup_isd9100.o(.text))
<BR>[Address Reference Count : 1]<UL><LI> startup_isd9100.o(RESET)
</UL>
<P><STRONG><a name="[b]"></a>BOD_IRQHandler</STRONG> (Thumb, 0 bytes, Stack size 0 bytes, startup_isd9100.o(.text))
<BR>[Address Reference Count : 1]<UL><LI> startup_isd9100.o(RESET)
</UL>
<P><STRONG><a name="[1c]"></a>CAPS_IRQHandler</STRONG> (Thumb, 0 bytes, Stack size 0 bytes, startup_isd9100.o(.text))
<BR>[Address Reference Count : 1]<UL><LI> startup_isd9100.o(RESET)
</UL>
<P><STRONG><a name="[d]"></a>EINT0_IRQHandler</STRONG> (Thumb, 0 bytes, Stack size 0 bytes, startup_isd9100.o(.text))
<BR>[Address Reference Count : 1]<UL><LI> startup_isd9100.o(RESET)
</UL>
<P><STRONG><a name="[e]"></a>EINT1_IRQHandler</STRONG> (Thumb, 0 bytes, Stack size 0 bytes, startup_isd9100.o(.text))
<BR>[Address Reference Count : 1]<UL><LI> startup_isd9100.o(RESET)
</UL>
<P><STRONG><a name="[17]"></a>I2C0_IRQHandler</STRONG> (Thumb, 0 bytes, Stack size 0 bytes, startup_isd9100.o(.text))
<BR>[Address Reference Count : 1]<UL><LI> startup_isd9100.o(RESET)
</UL>
<P><STRONG><a name="[1b]"></a>I2S_IRQHandler</STRONG> (Thumb, 0 bytes, Stack size 0 bytes, startup_isd9100.o(.text))
<BR>[Address Reference Count : 1]<UL><LI> startup_isd9100.o(RESET)
</UL>
<P><STRONG><a name="[11]"></a>PWM0_IRQHandler</STRONG> (Thumb, 0 bytes, Stack size 0 bytes, startup_isd9100.o(.text))
<BR>[Address Reference Count : 1]<UL><LI> startup_isd9100.o(RESET)
</UL>
<P><STRONG><a name="[1e]"></a>RTC_IRQHandler</STRONG> (Thumb, 0 bytes, Stack size 0 bytes, startup_isd9100.o(.text))
<BR>[Address Reference Count : 1]<UL><LI> startup_isd9100.o(RESET)
</UL>
<P><STRONG><a name="[16]"></a>SPI0_IRQHandler</STRONG> (Thumb, 0 bytes, Stack size 0 bytes, startup_isd9100.o(.text))
<BR>[Address Reference Count : 1]<UL><LI> startup_isd9100.o(RESET)
</UL>
<P><STRONG><a name="[18]"></a>TALARM_IRQHandler</STRONG> (Thumb, 0 bytes, Stack size 0 bytes, startup_isd9100.o(.text))
<BR>[Address Reference Count : 1]<UL><LI> startup_isd9100.o(RESET)
</UL>
<P><STRONG><a name="[15]"></a>UART0_IRQHandler</STRONG> (Thumb, 0 bytes, Stack size 0 bytes, startup_isd9100.o(.text))
<BR>[Address Reference Count : 1]<UL><LI> startup_isd9100.o(RESET)
</UL>
<P><STRONG><a name="[c]"></a>WDT_IRQHandler</STRONG> (Thumb, 0 bytes, Stack size 0 bytes, startup_isd9100.o(.text))
<BR>[Address Reference Count : 1]<UL><LI> startup_isd9100.o(RESET)
</UL>
<P><STRONG><a name="[22]"></a>__user_initial_stackheap</STRONG> (Thumb, 0 bytes, Stack size unknown bytes, startup_isd9100.o(.text))
<BR><BR>[Called By]<UL><LI><a href="#[28]">&gt;&gt;</a>&nbsp;&nbsp;&nbsp;__user_setup_stackheap
</UL>

<P><STRONG><a name="[11e]"></a>__aeabi_uidiv</STRONG> (Thumb, 0 bytes, Stack size 0 bytes, aeabi_sdivfast.o(.text), UNUSED)

<P><STRONG><a name="[8b]"></a>__aeabi_uidivmod</STRONG> (Thumb, 28 bytes, Stack size 0 bytes, aeabi_sdivfast.o(.text))
<BR><BR>[Called By]<UL><LI><a href="#[38]">&gt;&gt;</a>&nbsp;&nbsp;&nbsp;TIMER_Open
<LI><a href="#[8a]">&gt;&gt;</a>&nbsp;&nbsp;&nbsp;BsrJoey
</UL>

<P><STRONG><a name="[11f]"></a>__aeabi_idiv</STRONG> (Thumb, 0 bytes, Stack size 8 bytes, aeabi_sdivfast.o(.text), UNUSED)

<P><STRONG><a name="[36]"></a>__aeabi_idivmod</STRONG> (Thumb, 460 bytes, Stack size 8 bytes, aeabi_sdivfast.o(.text))
<BR><BR>[Stack]<UL><LI>Max Depth = 8<LI>Call Chain = __aeabi_idivmod
</UL>
<BR>[Called By]<UL><LI><a href="#[35]">&gt;&gt;</a>&nbsp;&nbsp;&nbsp;ADC_SetPGAGaindB
<LI><a href="#[dc]">&gt;&gt;</a>&nbsp;&nbsp;&nbsp;NINJA_API_11
<LI><a href="#[89]">&gt;&gt;</a>&nbsp;&nbsp;&nbsp;BsrMaarav
<LI><a href="#[88]">&gt;&gt;</a>&nbsp;&nbsp;&nbsp;BsrJoel
<LI><a href="#[b2]">&gt;&gt;</a>&nbsp;&nbsp;&nbsp;NINJA_API_55
<LI><a href="#[72]">&gt;&gt;</a>&nbsp;&nbsp;&nbsp;BsrJami
<LI><a href="#[68]">&gt;&gt;</a>&nbsp;&nbsp;&nbsp;BsrJeni
<LI><a href="#[64]">&gt;&gt;</a>&nbsp;&nbsp;&nbsp;BsrJean
<LI><a href="#[67]">&gt;&gt;</a>&nbsp;&nbsp;&nbsp;BsrJane
<LI><a href="#[66]">&gt;&gt;</a>&nbsp;&nbsp;&nbsp;BsrJana
<LI><a href="#[7b]">&gt;&gt;</a>&nbsp;&nbsp;&nbsp;BsrErin
<LI><a href="#[7d]">&gt;&gt;</a>&nbsp;&nbsp;&nbsp;BsrEmma
<LI><a href="#[73]">&gt;&gt;</a>&nbsp;&nbsp;&nbsp;BsrDina
<LI><a href="#[87]">&gt;&gt;</a>&nbsp;&nbsp;&nbsp;BsrJodi
<LI><a href="#[86]">&gt;&gt;</a>&nbsp;&nbsp;&nbsp;BsrJoan
<LI><a href="#[85]">&gt;&gt;</a>&nbsp;&nbsp;&nbsp;BsrJill
<LI><a href="#[5d]">&gt;&gt;</a>&nbsp;&nbsp;&nbsp;BsrClay
<LI><a href="#[48]">&gt;&gt;</a>&nbsp;&nbsp;&nbsp;BsrErica
<LI><a href="#[4f]">&gt;&gt;</a>&nbsp;&nbsp;&nbsp;BsrElsa
<LI><a href="#[4e]">&gt;&gt;</a>&nbsp;&nbsp;&nbsp;BsrElla
</UL>

<P><STRONG><a name="[120]"></a>__use_two_region_memory</STRONG> (Thumb, 2 bytes, Stack size 0 bytes, heapauxi.o(.text), UNUSED)

<P><STRONG><a name="[121]"></a>__rt_heap_escrow$2region</STRONG> (Thumb, 2 bytes, Stack size 0 bytes, heapauxi.o(.text), UNUSED)

<P><STRONG><a name="[122]"></a>__rt_heap_expand$2region</STRONG> (Thumb, 2 bytes, Stack size 0 bytes, heapauxi.o(.text), UNUSED)

<P><STRONG><a name="[28]"></a>__user_setup_stackheap</STRONG> (Thumb, 62 bytes, Stack size 8 bytes, sys_stackheap_outer.o(.text))
<BR><BR>[Stack]<UL><LI>Max Depth = 8 + Unknown Stack Size
<LI>Call Chain = __user_setup_stackheap
</UL>
<BR>[Calls]<UL><LI><a href="#[22]">&gt;&gt;</a>&nbsp;&nbsp;&nbsp;__user_initial_stackheap
<LI><a href="#[32]">&gt;&gt;</a>&nbsp;&nbsp;&nbsp;__user_perproc_libspace
</UL>
<BR>[Called By]<UL><LI><a href="#[27]">&gt;&gt;</a>&nbsp;&nbsp;&nbsp;__rt_entry_sh
</UL>

<P><STRONG><a name="[2d]"></a>exit</STRONG> (Thumb, 16 bytes, Stack size 8 bytes, exit.o(.text))
<BR><BR>[Stack]<UL><LI>Max Depth = 8 + Unknown Stack Size
<LI>Call Chain = exit
</UL>
<BR>[Calls]<UL><LI><a href="#[34]">&gt;&gt;</a>&nbsp;&nbsp;&nbsp;__rt_exit
<LI><a href="#[33]">&gt;&gt;</a>&nbsp;&nbsp;&nbsp;_call_atexit_fns (Weak Reference)
</UL>
<BR>[Called By]<UL><LI><a href="#[2b]">&gt;&gt;</a>&nbsp;&nbsp;&nbsp;__rt_entry_main
</UL>

<P><STRONG><a name="[123]"></a>__user_libspace</STRONG> (Thumb, 8 bytes, Stack size 0 bytes, libspace.o(.text), UNUSED)

<P><STRONG><a name="[32]"></a>__user_perproc_libspace</STRONG> (Thumb, 0 bytes, Stack size 0 bytes, libspace.o(.text))
<BR><BR>[Called By]<UL><LI><a href="#[28]">&gt;&gt;</a>&nbsp;&nbsp;&nbsp;__user_setup_stackheap
</UL>

<P><STRONG><a name="[124]"></a>__user_perthread_libspace</STRONG> (Thumb, 0 bytes, Stack size 0 bytes, libspace.o(.text), UNUSED)

<P><STRONG><a name="[31]"></a>_sys_exit</STRONG> (Thumb, 8 bytes, Stack size 0 bytes, sys_exit.o(.text))
<BR><BR>[Called By]<UL><LI><a href="#[30]">&gt;&gt;</a>&nbsp;&nbsp;&nbsp;__rt_exit_exit
</UL>

<P><STRONG><a name="[125]"></a>__I$use$semihosting</STRONG> (Thumb, 0 bytes, Stack size 0 bytes, use_no_semi.o(.text), UNUSED)

<P><STRONG><a name="[126]"></a>__use_no_semihosting_swi</STRONG> (Thumb, 2 bytes, Stack size 0 bytes, use_no_semi.o(.text), UNUSED)

<P><STRONG><a name="[d4]"></a>ADC_Close</STRONG> (Thumb, 2 bytes, Stack size 0 bytes, adc.o(i.ADC_Close))
<BR><BR>[Called By]<UL><LI><a href="#[d1]">&gt;&gt;</a>&nbsp;&nbsp;&nbsp;MIC_Close
</UL>

<P><STRONG><a name="[127]"></a>__semihosting_library_function</STRONG> (Thumb, 0 bytes, Stack size 0 bytes, indicate_semi.o(.text), UNUSED)

<P><STRONG><a name="[d2]"></a>ADC_DisableInt</STRONG> (Thumb, 54 bytes, Stack size 0 bytes, adc.o(i.ADC_DisableInt))
<BR><BR>[Called By]<UL><LI><a href="#[d1]">&gt;&gt;</a>&nbsp;&nbsp;&nbsp;MIC_Close
</UL>

<P><STRONG><a name="[d3]"></a>ADC_DisableMICBias</STRONG> (Thumb, 10 bytes, Stack size 0 bytes, adc.o(i.ADC_DisableMICBias))
<BR><BR>[Called By]<UL><LI><a href="#[d1]">&gt;&gt;</a>&nbsp;&nbsp;&nbsp;MIC_Close
</UL>

<P><STRONG><a name="[d8]"></a>ADC_EnableMICBias</STRONG> (Thumb, 12 bytes, Stack size 0 bytes, adc.o(i.ADC_EnableMICBias))
<BR><BR>[Called By]<UL><LI><a href="#[d6]">&gt;&gt;</a>&nbsp;&nbsp;&nbsp;MIC_Open
</UL>

<P><STRONG><a name="[da]"></a>ADC_Open</STRONG> (Thumb, 2 bytes, Stack size 0 bytes, adc.o(i.ADC_Open))
<BR><BR>[Called By]<UL><LI><a href="#[d6]">&gt;&gt;</a>&nbsp;&nbsp;&nbsp;MIC_Open
</UL>

<P><STRONG><a name="[d9]"></a>ADC_SetAMUX</STRONG> (Thumb, 72 bytes, Stack size 8 bytes, adc.o(i.ADC_SetAMUX))
<BR><BR>[Stack]<UL><LI>Max Depth = 8<LI>Call Chain = ADC_SetAMUX
</UL>
<BR>[Called By]<UL><LI><a href="#[d6]">&gt;&gt;</a>&nbsp;&nbsp;&nbsp;MIC_Open
</UL>

<P><STRONG><a name="[35]"></a>ADC_SetPGAGaindB</STRONG> (Thumb, 46 bytes, Stack size 8 bytes, adc.o(i.ADC_SetPGAGaindB))
<BR><BR>[Stack]<UL><LI>Max Depth = 16<LI>Call Chain = ADC_SetPGAGaindB &rArr; __aeabi_idivmod
</UL>
<BR>[Calls]<UL><LI><a href="#[36]">&gt;&gt;</a>&nbsp;&nbsp;&nbsp;__aeabi_idivmod
</UL>
<BR>[Called By]<UL><LI><a href="#[d6]">&gt;&gt;</a>&nbsp;&nbsp;&nbsp;MIC_Open
</UL>

<P><STRONG><a name="[37]"></a>ActiveTimer</STRONG> (Thumb, 68 bytes, Stack size 16 bytes, main.o(i.ActiveTimer))
<BR><BR>[Stack]<UL><LI>Max Depth = 80<LI>Call Chain = ActiveTimer &rArr; TIMER_Open &rArr; TIMER_GetModuleClock
</UL>
<BR>[Calls]<UL><LI><a href="#[38]">&gt;&gt;</a>&nbsp;&nbsp;&nbsp;TIMER_Open
<LI><a href="#[39]">&gt;&gt;</a>&nbsp;&nbsp;&nbsp;SetOutputPin_0
</UL>
<BR>[Called By]<UL><LI><a href="#[2c]">&gt;&gt;</a>&nbsp;&nbsp;&nbsp;main
</UL>

<P><STRONG><a name="[3a]"></a>ActiveVibrator</STRONG> (Thumb, 70 bytes, Stack size 16 bytes, main.o(i.ActiveVibrator))
<BR><BR>[Stack]<UL><LI>Max Depth = 80<LI>Call Chain = ActiveVibrator &rArr; TIMER_Open &rArr; TIMER_GetModuleClock
</UL>
<BR>[Calls]<UL><LI><a href="#[38]">&gt;&gt;</a>&nbsp;&nbsp;&nbsp;TIMER_Open
<LI><a href="#[3b]">&gt;&gt;</a>&nbsp;&nbsp;&nbsp;SetOutputPin
</UL>
<BR>[Called By]<UL><LI><a href="#[cd]">&gt;&gt;</a>&nbsp;&nbsp;&nbsp;Vibrate_SmartGlove
</UL>

<P><STRONG><a name="[3e]"></a>BIQ_Reset</STRONG> (Thumb, 22 bytes, Stack size 0 bytes, biq.o(i.BIQ_Reset))
<BR><BR>[Called By]<UL><LI><a href="#[3c]">&gt;&gt;</a>&nbsp;&nbsp;&nbsp;BIQFilter_Setting
</UL>

<P><STRONG><a name="[3f]"></a>BIQ_SetCoeff</STRONG> (Thumb, 62 bytes, Stack size 16 bytes, biq.o(i.BIQ_SetCoeff))
<BR><BR>[Stack]<UL><LI>Max Depth = 16<LI>Call Chain = BIQ_SetCoeff
</UL>
<BR>[Called By]<UL><LI><a href="#[3c]">&gt;&gt;</a>&nbsp;&nbsp;&nbsp;BIQFilter_Setting
</UL>

<P><STRONG><a name="[40]"></a>BioworldEncodeOutput</STRONG> (Thumb, 394 bytes, Stack size 24 bytes, main.o(i.BioworldEncodeOutput))
<BR><BR>[Stack]<UL><LI>Max Depth = 32<LI>Call Chain = BioworldEncodeOutput &rArr; __ARM_common_switch8
</UL>
<BR>[Calls]<UL><LI><a href="#[42]">&gt;&gt;</a>&nbsp;&nbsp;&nbsp;CLK_SysTickDelay
<LI><a href="#[41]">&gt;&gt;</a>&nbsp;&nbsp;&nbsp;__ARM_common_switch8
<LI><a href="#[3b]">&gt;&gt;</a>&nbsp;&nbsp;&nbsp;SetOutputPin
</UL>
<BR>[Called By]<UL><LI><a href="#[2c]">&gt;&gt;</a>&nbsp;&nbsp;&nbsp;main
</UL>

<P><STRONG><a name="[e6]"></a>BsrAbby</STRONG> (Thumb, 44 bytes, Stack size 0 bytes, BsrJoe.o(i.BsrAbby))
<BR><BR>[Called By]<UL><LI><a href="#[b7]">&gt;&gt;</a>&nbsp;&nbsp;&nbsp;NINJA_API_9
</UL>

<P><STRONG><a name="[44]"></a>BsrAbel</STRONG> (Thumb, 120 bytes, Stack size 16 bytes, BsrJoe.o(i.BsrAbel))
<BR><BR>[Stack]<UL><LI>Max Depth = 16<LI>Call Chain = BsrAbel
</UL>
<BR>[Called By]<UL><LI><a href="#[98]">&gt;&gt;</a>&nbsp;&nbsp;&nbsp;BsrMya
<LI><a href="#[95]">&gt;&gt;</a>&nbsp;&nbsp;&nbsp;BsrMichael
<LI><a href="#[4c]">&gt;&gt;</a>&nbsp;&nbsp;&nbsp;BsrAmos
<LI><a href="#[43]">&gt;&gt;</a>&nbsp;&nbsp;&nbsp;BsrAlma
<LI><a href="#[6a]">&gt;&gt;</a>&nbsp;&nbsp;&nbsp;BsrCory
<LI><a href="#[85]">&gt;&gt;</a>&nbsp;&nbsp;&nbsp;BsrJill
<LI><a href="#[83]">&gt;&gt;</a>&nbsp;&nbsp;&nbsp;BsrJess
<LI><a href="#[59]">&gt;&gt;</a>&nbsp;&nbsp;&nbsp;BsrChaz
<LI><a href="#[93]">&gt;&gt;</a>&nbsp;&nbsp;&nbsp;BsrMegan
</UL>

<P><STRONG><a name="[4b]"></a>BsrAdam</STRONG> (Thumb, 192 bytes, Stack size 12 bytes, BsrJoe.o(i.BsrAdam))
<BR><BR>[Stack]<UL><LI>Max Depth = 12<LI>Call Chain = BsrAdam
</UL>
<BR>[Called By]<UL><LI><a href="#[99]">&gt;&gt;</a>&nbsp;&nbsp;&nbsp;BsrNia
<LI><a href="#[51]">&gt;&gt;</a>&nbsp;&nbsp;&nbsp;BsrAna
<LI><a href="#[4c]">&gt;&gt;</a>&nbsp;&nbsp;&nbsp;BsrAmos
<LI><a href="#[4a]">&gt;&gt;</a>&nbsp;&nbsp;&nbsp;BsrAmir
<LI><a href="#[6d]">&gt;&gt;</a>&nbsp;&nbsp;&nbsp;BsrCoty
<LI><a href="#[85]">&gt;&gt;</a>&nbsp;&nbsp;&nbsp;BsrJill
<LI><a href="#[83]">&gt;&gt;</a>&nbsp;&nbsp;&nbsp;BsrJess
<LI><a href="#[59]">&gt;&gt;</a>&nbsp;&nbsp;&nbsp;BsrChaz
</UL>

<P><STRONG><a name="[43]"></a>BsrAlma</STRONG> (Thumb, 224 bytes, Stack size 40 bytes, BsrDon.o(i.BsrAlma))
<BR><BR>[Stack]<UL><LI>Max Depth = 88<LI>Call Chain = BsrAlma &rArr; BsrErica &rArr; __aeabi_idivmod
</UL>
<BR>[Calls]<UL><LI><a href="#[49]">&gt;&gt;</a>&nbsp;&nbsp;&nbsp;BsrBrad
<LI><a href="#[46]">&gt;&gt;</a>&nbsp;&nbsp;&nbsp;BsrAnnie
<LI><a href="#[45]">&gt;&gt;</a>&nbsp;&nbsp;&nbsp;BsrJohn
<LI><a href="#[47]">&gt;&gt;</a>&nbsp;&nbsp;&nbsp;BsrZoe
<LI><a href="#[48]">&gt;&gt;</a>&nbsp;&nbsp;&nbsp;BsrErica
<LI><a href="#[44]">&gt;&gt;</a>&nbsp;&nbsp;&nbsp;BsrAbel
</UL>
<BR>[Called By]<UL><LI><a href="#[b7]">&gt;&gt;</a>&nbsp;&nbsp;&nbsp;NINJA_API_9
</UL>

<P><STRONG><a name="[4a]"></a>BsrAmir</STRONG> (Thumb, 26 bytes, Stack size 8 bytes, BsrDon.o(i.BsrAmir))
<BR><BR>[Stack]<UL><LI>Max Depth = 20<LI>Call Chain = BsrAmir &rArr; BsrAdam
</UL>
<BR>[Calls]<UL><LI><a href="#[4b]">&gt;&gt;</a>&nbsp;&nbsp;&nbsp;BsrAdam
</UL>
<BR>[Called By]<UL><LI><a href="#[bd]">&gt;&gt;</a>&nbsp;&nbsp;&nbsp;NINJA_API_2
</UL>

<P><STRONG><a name="[4c]"></a>BsrAmos</STRONG> (Thumb, 282 bytes, Stack size 48 bytes, BsrDon.o(i.BsrAmos))
<BR><BR>[Stack]<UL><LI>Max Depth = 228<LI>Call Chain = BsrAmos &rArr; BsrEden &rArr; BsrGreg &rArr; BsrIvan
</UL>
<BR>[Calls]<UL><LI><a href="#[50]">&gt;&gt;</a>&nbsp;&nbsp;&nbsp;BsrJose
<LI><a href="#[4f]">&gt;&gt;</a>&nbsp;&nbsp;&nbsp;BsrElsa
<LI><a href="#[4e]">&gt;&gt;</a>&nbsp;&nbsp;&nbsp;BsrElla
<LI><a href="#[4d]">&gt;&gt;</a>&nbsp;&nbsp;&nbsp;BsrEden
<LI><a href="#[4b]">&gt;&gt;</a>&nbsp;&nbsp;&nbsp;BsrAdam
<LI><a href="#[44]">&gt;&gt;</a>&nbsp;&nbsp;&nbsp;BsrAbel
</UL>
<BR>[Called By]<UL><LI><a href="#[a6]">&gt;&gt;</a>&nbsp;&nbsp;&nbsp;NINJA_API_13
</UL>

<P><STRONG><a name="[51]"></a>BsrAna</STRONG> (Thumb, 58 bytes, Stack size 16 bytes, BsrJim.o(i.BsrAna))
<BR><BR>[Stack]<UL><LI>Max Depth = 28<LI>Call Chain = BsrAna &rArr; BsrAdam
</UL>
<BR>[Calls]<UL><LI><a href="#[4b]">&gt;&gt;</a>&nbsp;&nbsp;&nbsp;BsrAdam
</UL>
<BR>[Called By]<UL><LI><a href="#[95]">&gt;&gt;</a>&nbsp;&nbsp;&nbsp;BsrMichael
<LI><a href="#[bd]">&gt;&gt;</a>&nbsp;&nbsp;&nbsp;NINJA_API_2
</UL>

<P><STRONG><a name="[97]"></a>BsrAnn</STRONG> (Thumb, 336 bytes, Stack size 32 bytes, BsrJim.o(i.BsrAnn))
<BR><BR>[Stack]<UL><LI>Max Depth = 32<LI>Call Chain = BsrAnn
</UL>
<BR>[Called By]<UL><LI><a href="#[95]">&gt;&gt;</a>&nbsp;&nbsp;&nbsp;BsrMichael
</UL>

<P><STRONG><a name="[52]"></a>BsrAnna</STRONG> (Thumb, 38 bytes, Stack size 8 bytes, BsrDon.o(i.BsrAnna))
<BR><BR>[Stack]<UL><LI>Max Depth = 56<LI>Call Chain = BsrAnna &rArr; BsrErica &rArr; __aeabi_idivmod
</UL>
<BR>[Calls]<UL><LI><a href="#[48]">&gt;&gt;</a>&nbsp;&nbsp;&nbsp;BsrErica
</UL>
<BR>[Called By]<UL><LI><a href="#[b7]">&gt;&gt;</a>&nbsp;&nbsp;&nbsp;NINJA_API_9
</UL>

<P><STRONG><a name="[53]"></a>BsrAnne</STRONG> (Thumb, 24 bytes, Stack size 8 bytes, BsrDon.o(i.BsrAnne))
<BR><BR>[Stack]<UL><LI>Max Depth = 8<LI>Call Chain = BsrAnne
</UL>
<BR>[Calls]<UL><LI><a href="#[47]">&gt;&gt;</a>&nbsp;&nbsp;&nbsp;BsrZoe
</UL>
<BR>[Called By]<UL><LI><a href="#[ad]">&gt;&gt;</a>&nbsp;&nbsp;&nbsp;NINJA_API_8
</UL>

<P><STRONG><a name="[46]"></a>BsrAnnie</STRONG> (Thumb, 28 bytes, Stack size 8 bytes, BsrDon.o(i.BsrAnnie))
<BR><BR>[Stack]<UL><LI>Max Depth = 8<LI>Call Chain = BsrAnnie
</UL>
<BR>[Calls]<UL><LI><a href="#[47]">&gt;&gt;</a>&nbsp;&nbsp;&nbsp;BsrZoe
</UL>
<BR>[Called By]<UL><LI><a href="#[43]">&gt;&gt;</a>&nbsp;&nbsp;&nbsp;BsrAlma
<LI><a href="#[ad]">&gt;&gt;</a>&nbsp;&nbsp;&nbsp;NINJA_API_8
</UL>

<P><STRONG><a name="[5c]"></a>BsrAri</STRONG> (Thumb, 108 bytes, Stack size 12 bytes, BsrJim.o(i.BsrAri))
<BR><BR>[Stack]<UL><LI>Max Depth = 12<LI>Call Chain = BsrAri
</UL>
<BR>[Called By]<UL><LI><a href="#[54]">&gt;&gt;</a>&nbsp;&nbsp;&nbsp;BsrAsa
<LI><a href="#[dc]">&gt;&gt;</a>&nbsp;&nbsp;&nbsp;NINJA_API_11
<LI><a href="#[bf]">&gt;&gt;</a>&nbsp;&nbsp;&nbsp;NINJA_API_3
</UL>

<P><STRONG><a name="[54]"></a>BsrAsa</STRONG> (Thumb, 208 bytes, Stack size 16 bytes, BsrJim.o(i.BsrAsa))
<BR><BR>[Stack]<UL><LI>Max Depth = 244<LI>Call Chain = BsrAsa &rArr; BsrCara &rArr; BsrJanek &rArr; BsrBret
</UL>
<BR>[Calls]<UL><LI><a href="#[5c]">&gt;&gt;</a>&nbsp;&nbsp;&nbsp;BsrAri
<LI><a href="#[5d]">&gt;&gt;</a>&nbsp;&nbsp;&nbsp;BsrClay
<LI><a href="#[5b]">&gt;&gt;</a>&nbsp;&nbsp;&nbsp;BsrChazi
<LI><a href="#[5a]">&gt;&gt;</a>&nbsp;&nbsp;&nbsp;BsrChaza
<LI><a href="#[59]">&gt;&gt;</a>&nbsp;&nbsp;&nbsp;BsrChaz
<LI><a href="#[58]">&gt;&gt;</a>&nbsp;&nbsp;&nbsp;BsrChad
<LI><a href="#[57]">&gt;&gt;</a>&nbsp;&nbsp;&nbsp;BsrCara
<LI><a href="#[56]">&gt;&gt;</a>&nbsp;&nbsp;&nbsp;BsrCale
<LI><a href="#[55]">&gt;&gt;</a>&nbsp;&nbsp;&nbsp;BsrCade
</UL>
<BR>[Called By]<UL><LI><a href="#[dc]">&gt;&gt;</a>&nbsp;&nbsp;&nbsp;NINJA_API_11
</UL>

<P><STRONG><a name="[5e]"></a>BsrAve</STRONG> (Thumb, 104 bytes, Stack size 40 bytes, BsrJim.o(i.BsrAve))
<BR><BR>[Stack]<UL><LI>Max Depth = 68<LI>Call Chain = BsrAve &rArr; BsrBen &rArr; BsrMaxi &rArr; BsrLei
</UL>
<BR>[Calls]<UL><LI><a href="#[5f]">&gt;&gt;</a>&nbsp;&nbsp;&nbsp;BsrBen
<LI><a href="#[47]">&gt;&gt;</a>&nbsp;&nbsp;&nbsp;BsrZoe
</UL>
<BR>[Called By]<UL><LI><a href="#[ad]">&gt;&gt;</a>&nbsp;&nbsp;&nbsp;NINJA_API_8
</UL>

<P><STRONG><a name="[e2]"></a>BsrAyla</STRONG> (Thumb, 26 bytes, Stack size 0 bytes, BsrDon.o(i.BsrAyla))
<BR><BR>[Called By]<UL><LI><a href="#[bb]">&gt;&gt;</a>&nbsp;&nbsp;&nbsp;NINJA_API_26
</UL>

<P><STRONG><a name="[e3]"></a>BsrBaby</STRONG> (Thumb, 14 bytes, Stack size 0 bytes, BsrDon.o(i.BsrBaby))
<BR><BR>[Called By]<UL><LI><a href="#[b8]">&gt;&gt;</a>&nbsp;&nbsp;&nbsp;NINJA_API_48
<LI><a href="#[b1]">&gt;&gt;</a>&nbsp;&nbsp;&nbsp;NINJA_API_47
</UL>

<P><STRONG><a name="[5f]"></a>BsrBen</STRONG> (Thumb, 140 bytes, Stack size 16 bytes, BsrJim.o(i.BsrBen))
<BR><BR>[Stack]<UL><LI>Max Depth = 28<LI>Call Chain = BsrBen &rArr; BsrMaxi &rArr; BsrLei
</UL>
<BR>[Calls]<UL><LI><a href="#[60]">&gt;&gt;</a>&nbsp;&nbsp;&nbsp;BsrMaxi
</UL>
<BR>[Called By]<UL><LI><a href="#[95]">&gt;&gt;</a>&nbsp;&nbsp;&nbsp;BsrMichael
<LI><a href="#[5e]">&gt;&gt;</a>&nbsp;&nbsp;&nbsp;BsrAve
</UL>

<P><STRONG><a name="[49]"></a>BsrBrad</STRONG> (Thumb, 56 bytes, Stack size 0 bytes, BsrBen.o(i.BsrBrad))
<BR><BR>[Called By]<UL><LI><a href="#[43]">&gt;&gt;</a>&nbsp;&nbsp;&nbsp;BsrAlma
<LI><a href="#[dc]">&gt;&gt;</a>&nbsp;&nbsp;&nbsp;NINJA_API_11
<LI><a href="#[b7]">&gt;&gt;</a>&nbsp;&nbsp;&nbsp;NINJA_API_9
<LI><a href="#[7e]">&gt;&gt;</a>&nbsp;&nbsp;&nbsp;BsrErik
</UL>

<P><STRONG><a name="[61]"></a>BsrBret</STRONG> (Thumb, 288 bytes, Stack size 100 bytes, BsrJay.o(i.BsrBret))
<BR><BR>[Stack]<UL><LI>Max Depth = 100<LI>Call Chain = BsrBret
</UL>
<BR>[Called By]<UL><LI><a href="#[62]">&gt;&gt;</a>&nbsp;&nbsp;&nbsp;BsrJanek
<LI><a href="#[57]">&gt;&gt;</a>&nbsp;&nbsp;&nbsp;BsrCara
</UL>

<P><STRONG><a name="[55]"></a>BsrCade</STRONG> (Thumb, 348 bytes, Stack size 36 bytes, BsrJay.o(i.BsrCade))
<BR><BR>[Stack]<UL><LI>Max Depth = 36<LI>Call Chain = BsrCade
</UL>
<BR>[Called By]<UL><LI><a href="#[54]">&gt;&gt;</a>&nbsp;&nbsp;&nbsp;BsrAsa
</UL>

<P><STRONG><a name="[56]"></a>BsrCale</STRONG> (Thumb, 28 bytes, Stack size 12 bytes, BsrJay.o(i.BsrCale))
<BR><BR>[Stack]<UL><LI>Max Depth = 12<LI>Call Chain = BsrCale
</UL>
<BR>[Called By]<UL><LI><a href="#[54]">&gt;&gt;</a>&nbsp;&nbsp;&nbsp;BsrAsa
</UL>

<P><STRONG><a name="[57]"></a>BsrCara</STRONG> (Thumb, 636 bytes, Stack size 104 bytes, BsrJay.o(i.BsrCara))
<BR><BR>[Stack]<UL><LI>Max Depth = 228<LI>Call Chain = BsrCara &rArr; BsrJanek &rArr; BsrBret
</UL>
<BR>[Calls]<UL><LI><a href="#[61]">&gt;&gt;</a>&nbsp;&nbsp;&nbsp;BsrBret
<LI><a href="#[62]">&gt;&gt;</a>&nbsp;&nbsp;&nbsp;BsrJanek
</UL>
<BR>[Called By]<UL><LI><a href="#[54]">&gt;&gt;</a>&nbsp;&nbsp;&nbsp;BsrAsa
</UL>

<P><STRONG><a name="[58]"></a>BsrChad</STRONG> (Thumb, 146 bytes, Stack size 20 bytes, BsrJay.o(i.BsrChad))
<BR><BR>[Stack]<UL><LI>Max Depth = 20<LI>Call Chain = BsrChad
</UL>
<BR>[Called By]<UL><LI><a href="#[54]">&gt;&gt;</a>&nbsp;&nbsp;&nbsp;BsrAsa
</UL>

<P><STRONG><a name="[59]"></a>BsrChaz</STRONG> (Thumb, 160 bytes, Stack size 24 bytes, BsrJay.o(i.BsrChaz))
<BR><BR>[Stack]<UL><LI>Max Depth = 40<LI>Call Chain = BsrChaz &rArr; BsrAbel
</UL>
<BR>[Calls]<UL><LI><a href="#[4b]">&gt;&gt;</a>&nbsp;&nbsp;&nbsp;BsrAdam
<LI><a href="#[44]">&gt;&gt;</a>&nbsp;&nbsp;&nbsp;BsrAbel
</UL>
<BR>[Called By]<UL><LI><a href="#[54]">&gt;&gt;</a>&nbsp;&nbsp;&nbsp;BsrAsa
</UL>

<P><STRONG><a name="[5a]"></a>BsrChaza</STRONG> (Thumb, 110 bytes, Stack size 20 bytes, BsrJay.o(i.BsrChaza))
<BR><BR>[Stack]<UL><LI>Max Depth = 20<LI>Call Chain = BsrChaza
</UL>
<BR>[Called By]<UL><LI><a href="#[54]">&gt;&gt;</a>&nbsp;&nbsp;&nbsp;BsrAsa
</UL>

<P><STRONG><a name="[5b]"></a>BsrChazi</STRONG> (Thumb, 202 bytes, Stack size 36 bytes, BsrJay.o(i.BsrChazi))
<BR><BR>[Stack]<UL><LI>Max Depth = 36<LI>Call Chain = BsrChazi
</UL>
<BR>[Called By]<UL><LI><a href="#[54]">&gt;&gt;</a>&nbsp;&nbsp;&nbsp;BsrAsa
</UL>

<P><STRONG><a name="[5d]"></a>BsrClay</STRONG> (Thumb, 702 bytes, Stack size 80 bytes, BsrJay.o(i.BsrClay))
<BR><BR>[Stack]<UL><LI>Max Depth = 152<LI>Call Chain = BsrClay &rArr; BsrJeni &rArr; BsrJana &rArr; __aeabi_idivmod
</UL>
<BR>[Calls]<UL><LI><a href="#[36]">&gt;&gt;</a>&nbsp;&nbsp;&nbsp;__aeabi_idivmod
<LI><a href="#[68]">&gt;&gt;</a>&nbsp;&nbsp;&nbsp;BsrJeni
<LI><a href="#[63]">&gt;&gt;</a>&nbsp;&nbsp;&nbsp;BsrJena
<LI><a href="#[65]">&gt;&gt;</a>&nbsp;&nbsp;&nbsp;BsrJeff
<LI><a href="#[64]">&gt;&gt;</a>&nbsp;&nbsp;&nbsp;BsrJean
<LI><a href="#[69]">&gt;&gt;</a>&nbsp;&nbsp;&nbsp;BsrJanelle
<LI><a href="#[67]">&gt;&gt;</a>&nbsp;&nbsp;&nbsp;BsrJane
<LI><a href="#[66]">&gt;&gt;</a>&nbsp;&nbsp;&nbsp;BsrJana
</UL>
<BR>[Called By]<UL><LI><a href="#[54]">&gt;&gt;</a>&nbsp;&nbsp;&nbsp;BsrAsa
</UL>

<P><STRONG><a name="[6a]"></a>BsrCory</STRONG> (Thumb, 350 bytes, Stack size 24 bytes, BsrJoy.o(i.BsrCory))
<BR><BR>[Stack]<UL><LI>Max Depth = 48<LI>Call Chain = BsrCory &rArr; BsrJade
</UL>
<BR>[Calls]<UL><LI><a href="#[6b]">&gt;&gt;</a>&nbsp;&nbsp;&nbsp;BsrJosh
<LI><a href="#[45]">&gt;&gt;</a>&nbsp;&nbsp;&nbsp;BsrJohn
<LI><a href="#[6c]">&gt;&gt;</a>&nbsp;&nbsp;&nbsp;BsrJade
<LI><a href="#[6d]">&gt;&gt;</a>&nbsp;&nbsp;&nbsp;BsrCoty
<LI><a href="#[44]">&gt;&gt;</a>&nbsp;&nbsp;&nbsp;BsrAbel
</UL>
<BR>[Called By]<UL><LI><a href="#[9a]">&gt;&gt;</a>&nbsp;&nbsp;&nbsp;BsrRay
</UL>

<P><STRONG><a name="[6d]"></a>BsrCoty</STRONG> (Thumb, 30 bytes, Stack size 8 bytes, BsrJoy.o(i.BsrCoty))
<BR><BR>[Stack]<UL><LI>Max Depth = 20<LI>Call Chain = BsrCoty &rArr; BsrAdam
</UL>
<BR>[Calls]<UL><LI><a href="#[4b]">&gt;&gt;</a>&nbsp;&nbsp;&nbsp;BsrAdam
</UL>
<BR>[Called By]<UL><LI><a href="#[6a]">&gt;&gt;</a>&nbsp;&nbsp;&nbsp;BsrCory
<LI><a href="#[94]">&gt;&gt;</a>&nbsp;&nbsp;&nbsp;BsrMia
</UL>

<P><STRONG><a name="[6f]"></a>BsrDale</STRONG> (Thumb, 18 bytes, Stack size 0 bytes, BsrJoy.o(i.BsrDale))
<BR><BR>[Called By]<UL><LI><a href="#[73]">&gt;&gt;</a>&nbsp;&nbsp;&nbsp;BsrDina
<LI><a href="#[70]">&gt;&gt;</a>&nbsp;&nbsp;&nbsp;BsrDeon
<LI><a href="#[6e]">&gt;&gt;</a>&nbsp;&nbsp;&nbsp;BsrDemi
</UL>

<P><STRONG><a name="[e0]"></a>BsrDan</STRONG> (Thumb, 76 bytes, Stack size 8 bytes, BsrJim.o(i.BsrDan))
<BR><BR>[Stack]<UL><LI>Max Depth = 8<LI>Call Chain = BsrDan
</UL>
<BR>[Called By]<UL><LI><a href="#[b7]">&gt;&gt;</a>&nbsp;&nbsp;&nbsp;NINJA_API_9
<LI><a href="#[a7]">&gt;&gt;</a>&nbsp;&nbsp;&nbsp;NINJA_API_15
</UL>

<P><STRONG><a name="[9b]"></a>BsrDane</STRONG> (Thumb, 8 bytes, Stack size 0 bytes, BsrJoy.o(i.BsrDane))
<BR><BR>[Called By]<UL><LI><a href="#[9a]">&gt;&gt;</a>&nbsp;&nbsp;&nbsp;BsrRay
</UL>

<P><STRONG><a name="[71]"></a>BsrDawn</STRONG> (Thumb, 8 bytes, Stack size 0 bytes, BsrJoy.o(i.BsrDawn))
<BR><BR>[Called By]<UL><LI><a href="#[9a]">&gt;&gt;</a>&nbsp;&nbsp;&nbsp;BsrRay
<LI><a href="#[73]">&gt;&gt;</a>&nbsp;&nbsp;&nbsp;BsrDina
<LI><a href="#[70]">&gt;&gt;</a>&nbsp;&nbsp;&nbsp;BsrDeon
</UL>

<P><STRONG><a name="[84]"></a>BsrDeja</STRONG> (Thumb, 72 bytes, Stack size 20 bytes, BsrJoy.o(i.BsrDeja))
<BR><BR>[Stack]<UL><LI>Max Depth = 20<LI>Call Chain = BsrDeja
</UL>
<BR>[Called By]<UL><LI><a href="#[83]">&gt;&gt;</a>&nbsp;&nbsp;&nbsp;BsrJess
</UL>

<P><STRONG><a name="[6e]"></a>BsrDemi</STRONG> (Thumb, 170 bytes, Stack size 56 bytes, BsrJoy.o(i.BsrDemi))
<BR><BR>[Stack]<UL><LI>Max Depth = 56<LI>Call Chain = BsrDemi
</UL>
<BR>[Calls]<UL><LI><a href="#[6f]">&gt;&gt;</a>&nbsp;&nbsp;&nbsp;BsrDale
</UL>
<BR>[Called By]<UL><LI><a href="#[83]">&gt;&gt;</a>&nbsp;&nbsp;&nbsp;BsrJess
</UL>

<P><STRONG><a name="[70]"></a>BsrDeon</STRONG> (Thumb, 206 bytes, Stack size 104 bytes, BsrJoy.o(i.BsrDeon))
<BR><BR>[Stack]<UL><LI>Max Depth = 184<LI>Call Chain = BsrDeon &rArr; BsrJami &rArr; BsrJose
</UL>
<BR>[Calls]<UL><LI><a href="#[6f]">&gt;&gt;</a>&nbsp;&nbsp;&nbsp;BsrDale
<LI><a href="#[72]">&gt;&gt;</a>&nbsp;&nbsp;&nbsp;BsrJami
<LI><a href="#[71]">&gt;&gt;</a>&nbsp;&nbsp;&nbsp;BsrDawn
</UL>
<BR>[Called By]<UL><LI><a href="#[9a]">&gt;&gt;</a>&nbsp;&nbsp;&nbsp;BsrRay
</UL>

<P><STRONG><a name="[73]"></a>BsrDina</STRONG> (Thumb, 248 bytes, Stack size 120 bytes, BsrJoy.o(i.BsrDina))
<BR><BR>[Stack]<UL><LI>Max Depth = 200<LI>Call Chain = BsrDina &rArr; BsrJami &rArr; BsrJose
</UL>
<BR>[Calls]<UL><LI><a href="#[36]">&gt;&gt;</a>&nbsp;&nbsp;&nbsp;__aeabi_idivmod
<LI><a href="#[6f]">&gt;&gt;</a>&nbsp;&nbsp;&nbsp;BsrDale
<LI><a href="#[72]">&gt;&gt;</a>&nbsp;&nbsp;&nbsp;BsrJami
<LI><a href="#[71]">&gt;&gt;</a>&nbsp;&nbsp;&nbsp;BsrDawn
</UL>
<BR>[Called By]<UL><LI><a href="#[9a]">&gt;&gt;</a>&nbsp;&nbsp;&nbsp;BsrRay
</UL>

<P><STRONG><a name="[74]"></a>BsrDion</STRONG> (Thumb, 116 bytes, Stack size 48 bytes, BsrJoy.o(i.BsrDion))
<BR><BR>[Stack]<UL><LI>Max Depth = 72<LI>Call Chain = BsrDion &rArr; BsrJade
</UL>
<BR>[Calls]<UL><LI><a href="#[6b]">&gt;&gt;</a>&nbsp;&nbsp;&nbsp;BsrJosh
<LI><a href="#[6c]">&gt;&gt;</a>&nbsp;&nbsp;&nbsp;BsrJade
<LI><a href="#[47]">&gt;&gt;</a>&nbsp;&nbsp;&nbsp;BsrZoe
</UL>
<BR>[Called By]<UL><LI><a href="#[9f]">&gt;&gt;</a>&nbsp;&nbsp;&nbsp;BsrRoy
</UL>

<P><STRONG><a name="[4d]"></a>BsrEden</STRONG> (Thumb, 286 bytes, Stack size 48 bytes, BsrEva.o(i.BsrEden))
<BR><BR>[Stack]<UL><LI>Max Depth = 180<LI>Call Chain = BsrEden &rArr; BsrGreg &rArr; BsrIvan
</UL>
<BR>[Calls]<UL><LI><a href="#[45]">&gt;&gt;</a>&nbsp;&nbsp;&nbsp;BsrJohn
<LI><a href="#[78]">&gt;&gt;</a>&nbsp;&nbsp;&nbsp;BsrIsai
<LI><a href="#[75]">&gt;&gt;</a>&nbsp;&nbsp;&nbsp;BsrIrma
<LI><a href="#[76]">&gt;&gt;</a>&nbsp;&nbsp;&nbsp;BsrIris
<LI><a href="#[77]">&gt;&gt;</a>&nbsp;&nbsp;&nbsp;BsrHugo
<LI><a href="#[79]">&gt;&gt;</a>&nbsp;&nbsp;&nbsp;BsrGreg
<LI><a href="#[7f]">&gt;&gt;</a>&nbsp;&nbsp;&nbsp;BsrGary
<LI><a href="#[7c]">&gt;&gt;</a>&nbsp;&nbsp;&nbsp;BsrEvan
<LI><a href="#[7b]">&gt;&gt;</a>&nbsp;&nbsp;&nbsp;BsrErin
<LI><a href="#[7e]">&gt;&gt;</a>&nbsp;&nbsp;&nbsp;BsrErik
<LI><a href="#[7a]">&gt;&gt;</a>&nbsp;&nbsp;&nbsp;BsrEric
<LI><a href="#[7d]">&gt;&gt;</a>&nbsp;&nbsp;&nbsp;BsrEmma
</UL>
<BR>[Called By]<UL><LI><a href="#[4c]">&gt;&gt;</a>&nbsp;&nbsp;&nbsp;BsrAmos
</UL>

<P><STRONG><a name="[de]"></a>BsrEli</STRONG> (Thumb, 86 bytes, Stack size 12 bytes, BsrJim.o(i.BsrEli))
<BR><BR>[Stack]<UL><LI>Max Depth = 12<LI>Call Chain = BsrEli
</UL>
<BR>[Called By]<UL><LI><a href="#[dc]">&gt;&gt;</a>&nbsp;&nbsp;&nbsp;NINJA_API_11
<LI><a href="#[b4]">&gt;&gt;</a>&nbsp;&nbsp;&nbsp;NINJA_API_43
<LI><a href="#[a8]">&gt;&gt;</a>&nbsp;&nbsp;&nbsp;NINJA_API_23
</UL>

<P><STRONG><a name="[4e]"></a>BsrElla</STRONG> (Thumb, 330 bytes, Stack size 40 bytes, BsrEva.o(i.BsrElla))
<BR><BR>[Stack]<UL><LI>Max Depth = 52<LI>Call Chain = BsrElla &rArr; BsrJuanitez
</UL>
<BR>[Calls]<UL><LI><a href="#[36]">&gt;&gt;</a>&nbsp;&nbsp;&nbsp;__aeabi_idivmod
<LI><a href="#[80]">&gt;&gt;</a>&nbsp;&nbsp;&nbsp;BsrJuanitez
<LI><a href="#[81]">&gt;&gt;</a>&nbsp;&nbsp;&nbsp;BsrJuanita
</UL>
<BR>[Called By]<UL><LI><a href="#[4c]">&gt;&gt;</a>&nbsp;&nbsp;&nbsp;BsrAmos
</UL>

<P><STRONG><a name="[4f]"></a>BsrElsa</STRONG> (Thumb, 244 bytes, Stack size 40 bytes, BsrEva.o(i.BsrElsa))
<BR><BR>[Stack]<UL><LI>Max Depth = 52<LI>Call Chain = BsrElsa &rArr; BsrJuanitez
</UL>
<BR>[Calls]<UL><LI><a href="#[36]">&gt;&gt;</a>&nbsp;&nbsp;&nbsp;__aeabi_idivmod
<LI><a href="#[80]">&gt;&gt;</a>&nbsp;&nbsp;&nbsp;BsrJuanitez
<LI><a href="#[81]">&gt;&gt;</a>&nbsp;&nbsp;&nbsp;BsrJuanita
</UL>
<BR>[Called By]<UL><LI><a href="#[4c]">&gt;&gt;</a>&nbsp;&nbsp;&nbsp;BsrAmos
</UL>

<P><STRONG><a name="[7d]"></a>BsrEmma</STRONG> (Thumb, 128 bytes, Stack size 48 bytes, BsrEli.o(i.BsrEmma))
<BR><BR>[Stack]<UL><LI>Max Depth = 56<LI>Call Chain = BsrEmma &rArr; __aeabi_idivmod
</UL>
<BR>[Calls]<UL><LI><a href="#[36]">&gt;&gt;</a>&nbsp;&nbsp;&nbsp;__aeabi_idivmod
</UL>
<BR>[Called By]<UL><LI><a href="#[4d]">&gt;&gt;</a>&nbsp;&nbsp;&nbsp;BsrEden
</UL>

<P><STRONG><a name="[7a]"></a>BsrEric</STRONG> (Thumb, 58 bytes, Stack size 20 bytes, BsrEli.o(i.BsrEric))
<BR><BR>[Stack]<UL><LI>Max Depth = 20<LI>Call Chain = BsrEric
</UL>
<BR>[Called By]<UL><LI><a href="#[4d]">&gt;&gt;</a>&nbsp;&nbsp;&nbsp;BsrEden
</UL>

<P><STRONG><a name="[48]"></a>BsrErica</STRONG> (Thumb, 196 bytes, Stack size 40 bytes, BsrEli.o(i.BsrErica))
<BR><BR>[Stack]<UL><LI>Max Depth = 48<LI>Call Chain = BsrErica &rArr; __aeabi_idivmod
</UL>
<BR>[Calls]<UL><LI><a href="#[36]">&gt;&gt;</a>&nbsp;&nbsp;&nbsp;__aeabi_idivmod
</UL>
<BR>[Called By]<UL><LI><a href="#[52]">&gt;&gt;</a>&nbsp;&nbsp;&nbsp;BsrAnna
<LI><a href="#[43]">&gt;&gt;</a>&nbsp;&nbsp;&nbsp;BsrAlma
</UL>

<P><STRONG><a name="[7e]"></a>BsrErik</STRONG> (Thumb, 46 bytes, Stack size 32 bytes, BsrEli.o(i.BsrErik))
<BR><BR>[Stack]<UL><LI>Max Depth = 32<LI>Call Chain = BsrErik
</UL>
<BR>[Calls]<UL><LI><a href="#[49]">&gt;&gt;</a>&nbsp;&nbsp;&nbsp;BsrBrad
</UL>
<BR>[Called By]<UL><LI><a href="#[4d]">&gt;&gt;</a>&nbsp;&nbsp;&nbsp;BsrEden
</UL>

<P><STRONG><a name="[7b]"></a>BsrErin</STRONG> (Thumb, 216 bytes, Stack size 24 bytes, BsrEli.o(i.BsrErin))
<BR><BR>[Stack]<UL><LI>Max Depth = 32<LI>Call Chain = BsrErin &rArr; __aeabi_idivmod
</UL>
<BR>[Calls]<UL><LI><a href="#[36]">&gt;&gt;</a>&nbsp;&nbsp;&nbsp;__aeabi_idivmod
</UL>
<BR>[Called By]<UL><LI><a href="#[4d]">&gt;&gt;</a>&nbsp;&nbsp;&nbsp;BsrEden
</UL>

<P><STRONG><a name="[dd]"></a>BsrEva</STRONG> (Thumb, 36 bytes, Stack size 0 bytes, BsrJim.o(i.BsrEva))
<BR><BR>[Called By]<UL><LI><a href="#[dc]">&gt;&gt;</a>&nbsp;&nbsp;&nbsp;NINJA_API_11
</UL>

<P><STRONG><a name="[7c]"></a>BsrEvan</STRONG> (Thumb, 36 bytes, Stack size 12 bytes, BsrEli.o(i.BsrEvan))
<BR><BR>[Stack]<UL><LI>Max Depth = 12<LI>Call Chain = BsrEvan
</UL>
<BR>[Called By]<UL><LI><a href="#[4d]">&gt;&gt;</a>&nbsp;&nbsp;&nbsp;BsrEden
</UL>

<P><STRONG><a name="[7f]"></a>BsrGary</STRONG> (Thumb, 96 bytes, Stack size 36 bytes, BsrAna.o(i.BsrGary))
<BR><BR>[Stack]<UL><LI>Max Depth = 36<LI>Call Chain = BsrGary
</UL>
<BR>[Called By]<UL><LI><a href="#[4d]">&gt;&gt;</a>&nbsp;&nbsp;&nbsp;BsrEden
</UL>

<P><STRONG><a name="[79]"></a>BsrGreg</STRONG> (Thumb, 248 bytes, Stack size 104 bytes, BsrAnn.o(i.BsrGreg))
<BR><BR>[Stack]<UL><LI>Max Depth = 132<LI>Call Chain = BsrGreg &rArr; BsrIvan
</UL>
<BR>[Calls]<UL><LI><a href="#[82]">&gt;&gt;</a>&nbsp;&nbsp;&nbsp;BsrIvan
</UL>
<BR>[Called By]<UL><LI><a href="#[4d]">&gt;&gt;</a>&nbsp;&nbsp;&nbsp;BsrEden
</UL>

<P><STRONG><a name="[8f]"></a>BsrGuy</STRONG> (Thumb, 52 bytes, Stack size 0 bytes, BsrJim.o(i.BsrGuy))
<BR><BR>[Called By]<UL><LI><a href="#[8e]">&gt;&gt;</a>&nbsp;&nbsp;&nbsp;BsrMabel
<LI><a href="#[b7]">&gt;&gt;</a>&nbsp;&nbsp;&nbsp;NINJA_API_9
<LI><a href="#[c3]">&gt;&gt;</a>&nbsp;&nbsp;&nbsp;NINJA_API_16
</UL>

<P><STRONG><a name="[77]"></a>BsrHugo</STRONG> (Thumb, 64 bytes, Stack size 20 bytes, BsrGuy.o(i.BsrHugo))
<BR><BR>[Stack]<UL><LI>Max Depth = 20<LI>Call Chain = BsrHugo
</UL>
<BR>[Called By]<UL><LI><a href="#[4d]">&gt;&gt;</a>&nbsp;&nbsp;&nbsp;BsrEden
</UL>

<P><STRONG><a name="[76]"></a>BsrIris</STRONG> (Thumb, 56 bytes, Stack size 20 bytes, BsrGuy.o(i.BsrIris))
<BR><BR>[Stack]<UL><LI>Max Depth = 20<LI>Call Chain = BsrIris
</UL>
<BR>[Called By]<UL><LI><a href="#[4d]">&gt;&gt;</a>&nbsp;&nbsp;&nbsp;BsrEden
</UL>

<P><STRONG><a name="[75]"></a>BsrIrma</STRONG> (Thumb, 80 bytes, Stack size 20 bytes, BsrGuy.o(i.BsrIrma))
<BR><BR>[Stack]<UL><LI>Max Depth = 20<LI>Call Chain = BsrIrma
</UL>
<BR>[Called By]<UL><LI><a href="#[4d]">&gt;&gt;</a>&nbsp;&nbsp;&nbsp;BsrEden
</UL>

<P><STRONG><a name="[78]"></a>BsrIsai</STRONG> (Thumb, 26 bytes, Stack size 12 bytes, BsrGuy.o(i.BsrIsai))
<BR><BR>[Stack]<UL><LI>Max Depth = 12<LI>Call Chain = BsrIsai
</UL>
<BR>[Called By]<UL><LI><a href="#[4d]">&gt;&gt;</a>&nbsp;&nbsp;&nbsp;BsrEden
</UL>

<P><STRONG><a name="[92]"></a>BsrIvy</STRONG> (Thumb, 104 bytes, Stack size 12 bytes, BsrJim.o(i.BsrIvy))
<BR><BR>[Stack]<UL><LI>Max Depth = 12<LI>Call Chain = BsrIvy
</UL>
<BR>[Called By]<UL><LI><a href="#[8e]">&gt;&gt;</a>&nbsp;&nbsp;&nbsp;BsrMabel
<LI><a href="#[c1]">&gt;&gt;</a>&nbsp;&nbsp;&nbsp;NINJA_API_18
</UL>

<P><STRONG><a name="[e1]"></a>BsrJan</STRONG> (Thumb, 26 bytes, Stack size 0 bytes, BsrJim.o(i.BsrJan))
<BR><BR>[Called By]<UL><LI><a href="#[ba]">&gt;&gt;</a>&nbsp;&nbsp;&nbsp;NINJA_API_19
</UL>

<P><STRONG><a name="[45]"></a>BsrJohn</STRONG> (Thumb, 22 bytes, Stack size 0 bytes, BsrAli.o(i.BsrJohn))
<BR><BR>[Called By]<UL><LI><a href="#[b5]">&gt;&gt;</a>&nbsp;&nbsp;&nbsp;CSpotter_Init_Multi
<LI><a href="#[98]">&gt;&gt;</a>&nbsp;&nbsp;&nbsp;BsrMya
<LI><a href="#[95]">&gt;&gt;</a>&nbsp;&nbsp;&nbsp;BsrMichael
<LI><a href="#[43]">&gt;&gt;</a>&nbsp;&nbsp;&nbsp;BsrAlma
<LI><a href="#[b7]">&gt;&gt;</a>&nbsp;&nbsp;&nbsp;NINJA_API_9
<LI><a href="#[6a]">&gt;&gt;</a>&nbsp;&nbsp;&nbsp;BsrCory
<LI><a href="#[4d]">&gt;&gt;</a>&nbsp;&nbsp;&nbsp;BsrEden
</UL>

<P><STRONG><a name="[50]"></a>BsrJose</STRONG> (Thumb, 34 bytes, Stack size 8 bytes, BsrAli.o(i.BsrJose))
<BR><BR>[Stack]<UL><LI>Max Depth = 8<LI>Call Chain = BsrJose
</UL>
<BR>[Called By]<UL><LI><a href="#[4c]">&gt;&gt;</a>&nbsp;&nbsp;&nbsp;BsrAmos
<LI><a href="#[a6]">&gt;&gt;</a>&nbsp;&nbsp;&nbsp;NINJA_API_13
<LI><a href="#[72]">&gt;&gt;</a>&nbsp;&nbsp;&nbsp;BsrJami
<LI><a href="#[83]">&gt;&gt;</a>&nbsp;&nbsp;&nbsp;BsrJess
</UL>

<P><STRONG><a name="[6b]"></a>BsrJosh</STRONG> (Thumb, 66 bytes, Stack size 12 bytes, BsrAli.o(i.BsrJosh))
<BR><BR>[Stack]<UL><LI>Max Depth = 12<LI>Call Chain = BsrJosh
</UL>
<BR>[Called By]<UL><LI><a href="#[ae]">&gt;&gt;</a>&nbsp;&nbsp;&nbsp;CSpotter_GetNumWord
<LI><a href="#[74]">&gt;&gt;</a>&nbsp;&nbsp;&nbsp;BsrDion
<LI><a href="#[6a]">&gt;&gt;</a>&nbsp;&nbsp;&nbsp;BsrCory
</UL>

<P><STRONG><a name="[8d]"></a>BsrLee</STRONG> (Thumb, 18 bytes, Stack size 0 bytes, BsrJim.o(i.BsrLee))
<BR><BR>[Called By]<UL><LI><a href="#[8c]">&gt;&gt;</a>&nbsp;&nbsp;&nbsp;BsrLei
</UL>

<P><STRONG><a name="[8c]"></a>BsrLei</STRONG> (Thumb, 18 bytes, Stack size 4 bytes, BsrJim.o(i.BsrLei))
<BR><BR>[Stack]<UL><LI>Max Depth = 4<LI>Call Chain = BsrLei
</UL>
<BR>[Calls]<UL><LI><a href="#[8d]">&gt;&gt;</a>&nbsp;&nbsp;&nbsp;BsrLee
</UL>
<BR>[Called By]<UL><LI><a href="#[60]">&gt;&gt;</a>&nbsp;&nbsp;&nbsp;BsrMaxi
</UL>

<P><STRONG><a name="[60]"></a>BsrMaxi</STRONG> (Thumb, 136 bytes, Stack size 8 bytes, BsrJim.o(i.BsrMaxi))
<BR><BR>[Stack]<UL><LI>Max Depth = 12<LI>Call Chain = BsrMaxi &rArr; BsrLei
</UL>
<BR>[Calls]<UL><LI><a href="#[8c]">&gt;&gt;</a>&nbsp;&nbsp;&nbsp;BsrLei
</UL>
<BR>[Called By]<UL><LI><a href="#[5f]">&gt;&gt;</a>&nbsp;&nbsp;&nbsp;BsrBen
</UL>

<P><STRONG><a name="[94]"></a>BsrMia</STRONG> (Thumb, 42 bytes, Stack size 16 bytes, BsrKai.o(i.BsrMia))
<BR><BR>[Stack]<UL><LI>Max Depth = 36<LI>Call Chain = BsrMia &rArr; BsrCoty &rArr; BsrAdam
</UL>
<BR>[Calls]<UL><LI><a href="#[6d]">&gt;&gt;</a>&nbsp;&nbsp;&nbsp;BsrCoty
</UL>
<BR>[Called By]<UL><LI><a href="#[9a]">&gt;&gt;</a>&nbsp;&nbsp;&nbsp;BsrRay
<LI><a href="#[99]">&gt;&gt;</a>&nbsp;&nbsp;&nbsp;BsrNia
<LI><a href="#[98]">&gt;&gt;</a>&nbsp;&nbsp;&nbsp;BsrMya
</UL>

<P><STRONG><a name="[95]"></a>BsrMichael</STRONG> (Thumb, 338 bytes, Stack size 40 bytes, BsrJim.o(i.BsrMichael))
<BR><BR>[Stack]<UL><LI>Max Depth = 120<LI>Call Chain = BsrMichael &rArr; BsrMegan &rArr; BsrAbel
</UL>
<BR>[Calls]<UL><LI><a href="#[51]">&gt;&gt;</a>&nbsp;&nbsp;&nbsp;BsrAna
<LI><a href="#[45]">&gt;&gt;</a>&nbsp;&nbsp;&nbsp;BsrJohn
<LI><a href="#[5f]">&gt;&gt;</a>&nbsp;&nbsp;&nbsp;BsrBen
<LI><a href="#[97]">&gt;&gt;</a>&nbsp;&nbsp;&nbsp;BsrAnn
<LI><a href="#[96]">&gt;&gt;</a>&nbsp;&nbsp;&nbsp;BsrMelissa
<LI><a href="#[93]">&gt;&gt;</a>&nbsp;&nbsp;&nbsp;BsrMegan
<LI><a href="#[44]">&gt;&gt;</a>&nbsp;&nbsp;&nbsp;BsrAbel
</UL>
<BR>[Called By]<UL><LI><a href="#[b7]">&gt;&gt;</a>&nbsp;&nbsp;&nbsp;NINJA_API_9
</UL>

<P><STRONG><a name="[90]"></a>BsrMichelle</STRONG> (Thumb, 8 bytes, Stack size 0 bytes, BsrJim.o(i.BsrMichelle))
<BR><BR>[Called By]<UL><LI><a href="#[8e]">&gt;&gt;</a>&nbsp;&nbsp;&nbsp;BsrMabel
<LI><a href="#[af]">&gt;&gt;</a>&nbsp;&nbsp;&nbsp;NINJA_API_31
</UL>

<P><STRONG><a name="[98]"></a>BsrMya</STRONG> (Thumb, 90 bytes, Stack size 40 bytes, BsrKai.o(i.BsrMya))
<BR><BR>[Stack]<UL><LI>Max Depth = 84<LI>Call Chain = BsrMya &rArr; BsrNia &rArr; BsrMia &rArr; BsrCoty &rArr; BsrAdam
</UL>
<BR>[Calls]<UL><LI><a href="#[99]">&gt;&gt;</a>&nbsp;&nbsp;&nbsp;BsrNia
<LI><a href="#[45]">&gt;&gt;</a>&nbsp;&nbsp;&nbsp;BsrJohn
<LI><a href="#[94]">&gt;&gt;</a>&nbsp;&nbsp;&nbsp;BsrMia
<LI><a href="#[44]">&gt;&gt;</a>&nbsp;&nbsp;&nbsp;BsrAbel
</UL>
<BR>[Called By]<UL><LI><a href="#[b7]">&gt;&gt;</a>&nbsp;&nbsp;&nbsp;NINJA_API_9
</UL>

<P><STRONG><a name="[99]"></a>BsrNia</STRONG> (Thumb, 30 bytes, Stack size 8 bytes, BsrKai.o(i.BsrNia))
<BR><BR>[Stack]<UL><LI>Max Depth = 44<LI>Call Chain = BsrNia &rArr; BsrMia &rArr; BsrCoty &rArr; BsrAdam
</UL>
<BR>[Calls]<UL><LI><a href="#[94]">&gt;&gt;</a>&nbsp;&nbsp;&nbsp;BsrMia
<LI><a href="#[4b]">&gt;&gt;</a>&nbsp;&nbsp;&nbsp;BsrAdam
</UL>
<BR>[Called By]<UL><LI><a href="#[98]">&gt;&gt;</a>&nbsp;&nbsp;&nbsp;BsrMya
<LI><a href="#[bd]">&gt;&gt;</a>&nbsp;&nbsp;&nbsp;NINJA_API_2
</UL>

<P><STRONG><a name="[9a]"></a>BsrRay</STRONG> (Thumb, 136 bytes, Stack size 184 bytes, BsrKai.o(i.BsrRay))
<BR><BR>[Stack]<UL><LI>Max Depth = 384<LI>Call Chain = BsrRay &rArr; BsrDina &rArr; BsrJami &rArr; BsrJose
</UL>
<BR>[Calls]<UL><LI><a href="#[9c]">&gt;&gt;</a>&nbsp;&nbsp;&nbsp;BsrTom
<LI><a href="#[73]">&gt;&gt;</a>&nbsp;&nbsp;&nbsp;BsrDina
<LI><a href="#[70]">&gt;&gt;</a>&nbsp;&nbsp;&nbsp;BsrDeon
<LI><a href="#[71]">&gt;&gt;</a>&nbsp;&nbsp;&nbsp;BsrDawn
<LI><a href="#[9b]">&gt;&gt;</a>&nbsp;&nbsp;&nbsp;BsrDane
<LI><a href="#[6a]">&gt;&gt;</a>&nbsp;&nbsp;&nbsp;BsrCory
<LI><a href="#[94]">&gt;&gt;</a>&nbsp;&nbsp;&nbsp;BsrMia
</UL>
<BR>[Called By]<UL><LI><a href="#[b7]">&gt;&gt;</a>&nbsp;&nbsp;&nbsp;NINJA_API_9
</UL>

<P><STRONG><a name="[e7]"></a>BsrRex</STRONG> (Thumb, 18 bytes, Stack size 0 bytes, BsrKai.o(i.BsrRex))
<BR><BR>[Called By]<UL><LI><a href="#[b7]">&gt;&gt;</a>&nbsp;&nbsp;&nbsp;NINJA_API_9
</UL>

<P><STRONG><a name="[df]"></a>BsrRey</STRONG> (Thumb, 16 bytes, Stack size 0 bytes, BsrKai.o(i.BsrRey))
<BR><BR>[Called By]<UL><LI><a href="#[a6]">&gt;&gt;</a>&nbsp;&nbsp;&nbsp;NINJA_API_13
</UL>

<P><STRONG><a name="[9d]"></a>BsrRon</STRONG> (Thumb, 100 bytes, Stack size 40 bytes, BsrKai.o(i.BsrRon))
<BR><BR>[Stack]<UL><LI>Max Depth = 144<LI>Call Chain = BsrRon &rArr; BsrJess &rArr; BsrDemi
</UL>
<BR>[Calls]<UL><LI><a href="#[9e]">&gt;&gt;</a>&nbsp;&nbsp;&nbsp;BsrJody
<LI><a href="#[85]">&gt;&gt;</a>&nbsp;&nbsp;&nbsp;BsrJill
<LI><a href="#[83]">&gt;&gt;</a>&nbsp;&nbsp;&nbsp;BsrJess
</UL>
<BR>[Called By]<UL><LI><a href="#[a6]">&gt;&gt;</a>&nbsp;&nbsp;&nbsp;NINJA_API_13
</UL>

<P><STRONG><a name="[9f]"></a>BsrRoy</STRONG> (Thumb, 40 bytes, Stack size 16 bytes, BsrKai.o(i.BsrRoy))
<BR><BR>[Stack]<UL><LI>Max Depth = 88<LI>Call Chain = BsrRoy &rArr; BsrDion &rArr; BsrJade
</UL>
<BR>[Calls]<UL><LI><a href="#[74]">&gt;&gt;</a>&nbsp;&nbsp;&nbsp;BsrDion
<LI><a href="#[47]">&gt;&gt;</a>&nbsp;&nbsp;&nbsp;BsrZoe
</UL>
<BR>[Called By]<UL><LI><a href="#[ad]">&gt;&gt;</a>&nbsp;&nbsp;&nbsp;NINJA_API_8
</UL>

<P><STRONG><a name="[e4]"></a>BsrTed</STRONG> (Thumb, 16 bytes, Stack size 0 bytes, BsrKai.o(i.BsrTed))
<BR><BR>[Called By]<UL><LI><a href="#[b8]">&gt;&gt;</a>&nbsp;&nbsp;&nbsp;NINJA_API_48
<LI><a href="#[b1]">&gt;&gt;</a>&nbsp;&nbsp;&nbsp;NINJA_API_47
</UL>

<P><STRONG><a name="[e5]"></a>BsrTia</STRONG> (Thumb, 70 bytes, Stack size 12 bytes, BsrKai.o(i.BsrTia))
<BR><BR>[Stack]<UL><LI>Max Depth = 12<LI>Call Chain = BsrTia
</UL>
<BR>[Called By]<UL><LI><a href="#[b1]">&gt;&gt;</a>&nbsp;&nbsp;&nbsp;NINJA_API_47
</UL>

<P><STRONG><a name="[9c]"></a>BsrTom</STRONG> (Thumb, 124 bytes, Stack size 20 bytes, BsrKai.o(i.BsrTom))
<BR><BR>[Stack]<UL><LI>Max Depth = 20<LI>Call Chain = BsrTom
</UL>
<BR>[Called By]<UL><LI><a href="#[9a]">&gt;&gt;</a>&nbsp;&nbsp;&nbsp;BsrRay
<LI><a href="#[b8]">&gt;&gt;</a>&nbsp;&nbsp;&nbsp;NINJA_API_48
</UL>

<P><STRONG><a name="[a0]"></a>BsrTre</STRONG> (Thumb, 20 bytes, Stack size 8 bytes, BsrKai.o(i.BsrTre))
<BR><BR>[Stack]<UL><LI>Max Depth = 48<LI>Call Chain = BsrTre &rArr; BsrJoan &rArr; __aeabi_idivmod
</UL>
<BR>[Calls]<UL><LI><a href="#[86]">&gt;&gt;</a>&nbsp;&nbsp;&nbsp;BsrJoan
</UL>
<BR>[Called By]<UL><LI><a href="#[b1]">&gt;&gt;</a>&nbsp;&nbsp;&nbsp;NINJA_API_47
</UL>

<P><STRONG><a name="[47]"></a>BsrZoe</STRONG> (Thumb, 4 bytes, Stack size 0 bytes, BsrJoe.o(i.BsrZoe))
<BR><BR>[Called By]<UL><LI><a href="#[9f]">&gt;&gt;</a>&nbsp;&nbsp;&nbsp;BsrRoy
<LI><a href="#[5e]">&gt;&gt;</a>&nbsp;&nbsp;&nbsp;BsrAve
<LI><a href="#[46]">&gt;&gt;</a>&nbsp;&nbsp;&nbsp;BsrAnnie
<LI><a href="#[53]">&gt;&gt;</a>&nbsp;&nbsp;&nbsp;BsrAnne
<LI><a href="#[43]">&gt;&gt;</a>&nbsp;&nbsp;&nbsp;BsrAlma
<LI><a href="#[74]">&gt;&gt;</a>&nbsp;&nbsp;&nbsp;BsrDion
</UL>

<P><STRONG><a name="[d5]"></a>CLK_DisableModuleClock</STRONG> (Thumb, 24 bytes, Stack size 0 bytes, clk.o(i.CLK_DisableModuleClock))
<BR><BR>[Called By]<UL><LI><a href="#[d1]">&gt;&gt;</a>&nbsp;&nbsp;&nbsp;MIC_Close
</UL>

<P><STRONG><a name="[a1]"></a>CLK_EnableLDO</STRONG> (Thumb, 44 bytes, Stack size 8 bytes, clk.o(i.CLK_EnableLDO))
<BR><BR>[Stack]<UL><LI>Max Depth = 16<LI>Call Chain = CLK_EnableLDO &rArr; SYS_Unlock
</UL>
<BR>[Calls]<UL><LI><a href="#[a2]">&gt;&gt;</a>&nbsp;&nbsp;&nbsp;SYS_Unlock
<LI><a href="#[a3]">&gt;&gt;</a>&nbsp;&nbsp;&nbsp;SYS_Lock
</UL>
<BR>[Called By]<UL><LI><a href="#[f1]">&gt;&gt;</a>&nbsp;&nbsp;&nbsp;SYS_Init
</UL>

<P><STRONG><a name="[3d]"></a>CLK_EnableModuleClock</STRONG> (Thumb, 24 bytes, Stack size 0 bytes, clk.o(i.CLK_EnableModuleClock))
<BR><BR>[Called By]<UL><LI><a href="#[ea]">&gt;&gt;</a>&nbsp;&nbsp;&nbsp;PdmaCtrl_Init
<LI><a href="#[d6]">&gt;&gt;</a>&nbsp;&nbsp;&nbsp;MIC_Open
<LI><a href="#[f1]">&gt;&gt;</a>&nbsp;&nbsp;&nbsp;SYS_Init
<LI><a href="#[3c]">&gt;&gt;</a>&nbsp;&nbsp;&nbsp;BIQFilter_Setting
</UL>

<P><STRONG><a name="[a4]"></a>CLK_EnableXtalRC</STRONG> (Thumb, 22 bytes, Stack size 8 bytes, clk.o(i.CLK_EnableXtalRC))
<BR><BR>[Stack]<UL><LI>Max Depth = 16<LI>Call Chain = CLK_EnableXtalRC &rArr; SYS_Unlock
</UL>
<BR>[Calls]<UL><LI><a href="#[a2]">&gt;&gt;</a>&nbsp;&nbsp;&nbsp;SYS_Unlock
<LI><a href="#[a3]">&gt;&gt;</a>&nbsp;&nbsp;&nbsp;SYS_Lock
</UL>
<BR>[Called By]<UL><LI><a href="#[f1]">&gt;&gt;</a>&nbsp;&nbsp;&nbsp;SYS_Init
</UL>

<P><STRONG><a name="[42]"></a>CLK_SysTickDelay</STRONG> (Thumb, 26 bytes, Stack size 0 bytes, clk.o(i.CLK_SysTickDelay))
<BR><BR>[Called By]<UL><LI><a href="#[40]">&gt;&gt;</a>&nbsp;&nbsp;&nbsp;BioworldEncodeOutput
</UL>

<P><STRONG><a name="[a5]"></a>CSpotter_AddSample</STRONG> (Thumb, 86 bytes, Stack size 8 bytes, CSpotterSDKApi.o(i.CSpotter_AddSample))
<BR><BR>[Stack]<UL><LI>Max Depth = 508<LI>Call Chain = CSpotter_AddSample &rArr; NINJA_API_13 &rArr; NINJA_API_11 &rArr; BsrAsa &rArr; BsrCara &rArr; BsrJanek &rArr; BsrBret
</UL>
<BR>[Calls]<UL><LI><a href="#[a8]">&gt;&gt;</a>&nbsp;&nbsp;&nbsp;NINJA_API_23
<LI><a href="#[a7]">&gt;&gt;</a>&nbsp;&nbsp;&nbsp;NINJA_API_15
<LI><a href="#[a6]">&gt;&gt;</a>&nbsp;&nbsp;&nbsp;NINJA_API_13
</UL>
<BR>[Called By]<UL><LI><a href="#[c5]">&gt;&gt;</a>&nbsp;&nbsp;&nbsp;DoVR_get_two_as_one
</UL>

<P><STRONG><a name="[a9]"></a>CSpotter_GetMemoryUsage_Multi</STRONG> (Thumb, 12 bytes, Stack size 16 bytes, CSpotterSDKApi.o(i.CSpotter_GetMemoryUsage_Multi))
<BR><BR>[Stack]<UL><LI>Max Depth = 296<LI>Call Chain = CSpotter_GetMemoryUsage_Multi &rArr; CSpotter_GetMemoryUsage_MultiWithSpeaker &rArr; NINJA_API_8 &rArr; BsrRoy &rArr; BsrDion &rArr; BsrJade
</UL>
<BR>[Calls]<UL><LI><a href="#[aa]">&gt;&gt;</a>&nbsp;&nbsp;&nbsp;CSpotter_GetMemoryUsage_MultiWithSpeaker
</UL>
<BR>[Called By]<UL><LI><a href="#[b5]">&gt;&gt;</a>&nbsp;&nbsp;&nbsp;CSpotter_Init_Multi
<LI><a href="#[c4]">&gt;&gt;</a>&nbsp;&nbsp;&nbsp;DoVR_create_multi
</UL>

<P><STRONG><a name="[aa]"></a>CSpotter_GetMemoryUsage_MultiWithSpeaker</STRONG> (Thumb, 124 bytes, Stack size 96 bytes, CSpotterSDKApi.o(i.CSpotter_GetMemoryUsage_MultiWithSpeaker))
<BR><BR>[Stack]<UL><LI>Max Depth = 280<LI>Call Chain = CSpotter_GetMemoryUsage_MultiWithSpeaker &rArr; NINJA_API_8 &rArr; BsrRoy &rArr; BsrDion &rArr; BsrJade
</UL>
<BR>[Calls]<UL><LI><a href="#[ad]">&gt;&gt;</a>&nbsp;&nbsp;&nbsp;NINJA_API_8
<LI><a href="#[ab]">&gt;&gt;</a>&nbsp;&nbsp;&nbsp;NINJA_API_1
<LI><a href="#[ac]">&gt;&gt;</a>&nbsp;&nbsp;&nbsp;BsrLulu
</UL>
<BR>[Called By]<UL><LI><a href="#[a9]">&gt;&gt;</a>&nbsp;&nbsp;&nbsp;CSpotter_GetMemoryUsage_Multi
</UL>

<P><STRONG><a name="[ae]"></a>CSpotter_GetNumWord</STRONG> (Thumb, 36 bytes, Stack size 8 bytes, CSpotterSDKApi.o(i.CSpotter_GetNumWord))
<BR><BR>[Stack]<UL><LI>Max Depth = 20<LI>Call Chain = CSpotter_GetNumWord &rArr; BsrJosh
</UL>
<BR>[Calls]<UL><LI><a href="#[af]">&gt;&gt;</a>&nbsp;&nbsp;&nbsp;NINJA_API_31
<LI><a href="#[6b]">&gt;&gt;</a>&nbsp;&nbsp;&nbsp;BsrJosh
</UL>
<BR>[Called By]<UL><LI><a href="#[cc]">&gt;&gt;</a>&nbsp;&nbsp;&nbsp;DoVR_two_as_one
</UL>

<P><STRONG><a name="[b0]"></a>CSpotter_GetResult</STRONG> (Thumb, 30 bytes, Stack size 8 bytes, CSpotterSDKApi.o(i.CSpotter_GetResult))
<BR><BR>[Stack]<UL><LI>Max Depth = 96<LI>Call Chain = CSpotter_GetResult &rArr; NINJA_API_47 &rArr; BsrTre &rArr; BsrJoan &rArr; __aeabi_idivmod
</UL>
<BR>[Calls]<UL><LI><a href="#[b2]">&gt;&gt;</a>&nbsp;&nbsp;&nbsp;NINJA_API_55
<LI><a href="#[b1]">&gt;&gt;</a>&nbsp;&nbsp;&nbsp;NINJA_API_47
</UL>
<BR>[Called By]<UL><LI><a href="#[c5]">&gt;&gt;</a>&nbsp;&nbsp;&nbsp;DoVR_get_two_as_one
</UL>

<P><STRONG><a name="[b3]"></a>CSpotter_GetResultEPD</STRONG> (Thumb, 64 bytes, Stack size 24 bytes, CSpotterSDKApi.o(i.CSpotter_GetResultEPD))
<BR><BR>[Stack]<UL><LI>Max Depth = 60<LI>Call Chain = CSpotter_GetResultEPD &rArr; NINJA_API_43 &rArr; BsrEli
</UL>
<BR>[Calls]<UL><LI><a href="#[b4]">&gt;&gt;</a>&nbsp;&nbsp;&nbsp;NINJA_API_43
</UL>
<BR>[Called By]<UL><LI><a href="#[c5]">&gt;&gt;</a>&nbsp;&nbsp;&nbsp;DoVR_get_two_as_one
</UL>

<P><STRONG><a name="[b5]"></a>CSpotter_Init_Multi</STRONG> (Thumb, 376 bytes, Stack size 104 bytes, CSpotterSDKApi.o(i.CSpotter_Init_Multi))
<BR><BR>[Stack]<UL><LI>Max Depth = 624<LI>Call Chain = CSpotter_Init_Multi &rArr; NINJA_API_9 &rArr; BsrRay &rArr; BsrDina &rArr; BsrJami &rArr; BsrJose
</UL>
<BR>[Calls]<UL><LI><a href="#[bc]">&gt;&gt;</a>&nbsp;&nbsp;&nbsp;CSpotter_Release
<LI><a href="#[a9]">&gt;&gt;</a>&nbsp;&nbsp;&nbsp;CSpotter_GetMemoryUsage_Multi
<LI><a href="#[b7]">&gt;&gt;</a>&nbsp;&nbsp;&nbsp;NINJA_API_9
<LI><a href="#[b9]">&gt;&gt;</a>&nbsp;&nbsp;&nbsp;NINJA_API_56
<LI><a href="#[b2]">&gt;&gt;</a>&nbsp;&nbsp;&nbsp;NINJA_API_55
<LI><a href="#[b8]">&gt;&gt;</a>&nbsp;&nbsp;&nbsp;NINJA_API_48
<LI><a href="#[b1]">&gt;&gt;</a>&nbsp;&nbsp;&nbsp;NINJA_API_47
<LI><a href="#[bb]">&gt;&gt;</a>&nbsp;&nbsp;&nbsp;NINJA_API_26
<LI><a href="#[ba]">&gt;&gt;</a>&nbsp;&nbsp;&nbsp;NINJA_API_19
<LI><a href="#[a7]">&gt;&gt;</a>&nbsp;&nbsp;&nbsp;NINJA_API_15
<LI><a href="#[ab]">&gt;&gt;</a>&nbsp;&nbsp;&nbsp;NINJA_API_1
<LI><a href="#[45]">&gt;&gt;</a>&nbsp;&nbsp;&nbsp;BsrJohn
<LI><a href="#[ac]">&gt;&gt;</a>&nbsp;&nbsp;&nbsp;BsrLulu
<LI><a href="#[b6]">&gt;&gt;</a>&nbsp;&nbsp;&nbsp;BsrLuke
</UL>
<BR>[Called By]<UL><LI><a href="#[c4]">&gt;&gt;</a>&nbsp;&nbsp;&nbsp;DoVR_create_multi
</UL>

<P><STRONG><a name="[bc]"></a>CSpotter_Release</STRONG> (Thumb, 36 bytes, Stack size 8 bytes, CSpotterSDKApi.o(i.CSpotter_Release))
<BR><BR>[Stack]<UL><LI>Max Depth = 96<LI>Call Chain = CSpotter_Release &rArr; NINJA_API_47 &rArr; BsrTre &rArr; BsrJoan &rArr; __aeabi_idivmod
</UL>
<BR>[Calls]<UL><LI><a href="#[b2]">&gt;&gt;</a>&nbsp;&nbsp;&nbsp;NINJA_API_55
<LI><a href="#[b1]">&gt;&gt;</a>&nbsp;&nbsp;&nbsp;NINJA_API_47
<LI><a href="#[bd]">&gt;&gt;</a>&nbsp;&nbsp;&nbsp;NINJA_API_2
</UL>
<BR>[Called By]<UL><LI><a href="#[b5]">&gt;&gt;</a>&nbsp;&nbsp;&nbsp;CSpotter_Init_Multi
<LI><a href="#[c5]">&gt;&gt;</a>&nbsp;&nbsp;&nbsp;DoVR_get_two_as_one
</UL>

<P><STRONG><a name="[be]"></a>CSpotter_Reset</STRONG> (Thumb, 42 bytes, Stack size 8 bytes, CSpotterSDKApi.o(i.CSpotter_Reset))
<BR><BR>[Stack]<UL><LI>Max Depth = 28<LI>Call Chain = CSpotter_Reset &rArr; NINJA_API_3 &rArr; BsrAri
</UL>
<BR>[Calls]<UL><LI><a href="#[bf]">&gt;&gt;</a>&nbsp;&nbsp;&nbsp;NINJA_API_3
</UL>
<BR>[Called By]<UL><LI><a href="#[c5]">&gt;&gt;</a>&nbsp;&nbsp;&nbsp;DoVR_get_two_as_one
</UL>

<P><STRONG><a name="[c0]"></a>CSpotter_SetCmdResponseReward</STRONG> (Thumb, 40 bytes, Stack size 8 bytes, CSpotterSDKApi.o(i.CSpotter_SetCmdResponseReward))
<BR><BR>[Stack]<UL><LI>Max Depth = 28<LI>Call Chain = CSpotter_SetCmdResponseReward &rArr; NINJA_API_18 &rArr; BsrIvy
</UL>
<BR>[Calls]<UL><LI><a href="#[c1]">&gt;&gt;</a>&nbsp;&nbsp;&nbsp;NINJA_API_18
</UL>
<BR>[Called By]<UL><LI><a href="#[cc]">&gt;&gt;</a>&nbsp;&nbsp;&nbsp;DoVR_two_as_one
</UL>

<P><STRONG><a name="[c2]"></a>CSpotter_SetResponseTime</STRONG> (Thumb, 40 bytes, Stack size 8 bytes, CSpotterSDKApi.o(i.CSpotter_SetResponseTime))
<BR><BR>[Stack]<UL><LI>Max Depth = 16<LI>Call Chain = CSpotter_SetResponseTime &rArr; NINJA_API_16
</UL>
<BR>[Calls]<UL><LI><a href="#[c3]">&gt;&gt;</a>&nbsp;&nbsp;&nbsp;NINJA_API_16
</UL>
<BR>[Called By]<UL><LI><a href="#[cc]">&gt;&gt;</a>&nbsp;&nbsp;&nbsp;DoVR_two_as_one
</UL>

<P><STRONG><a name="[c4]"></a>DoVR_create_multi</STRONG> (Thumb, 64 bytes, Stack size 40 bytes, vr.o(i.DoVR_create_multi))
<BR><BR>[Stack]<UL><LI>Max Depth = 664<LI>Call Chain = DoVR_create_multi &rArr; CSpotter_Init_Multi &rArr; NINJA_API_9 &rArr; BsrRay &rArr; BsrDina &rArr; BsrJami &rArr; BsrJose
</UL>
<BR>[Calls]<UL><LI><a href="#[b5]">&gt;&gt;</a>&nbsp;&nbsp;&nbsp;CSpotter_Init_Multi
<LI><a href="#[a9]">&gt;&gt;</a>&nbsp;&nbsp;&nbsp;CSpotter_GetMemoryUsage_Multi
</UL>
<BR>[Called By]<UL><LI><a href="#[cc]">&gt;&gt;</a>&nbsp;&nbsp;&nbsp;DoVR_two_as_one
</UL>

<P><STRONG><a name="[c5]"></a>DoVR_get_two_as_one</STRONG> (Thumb, 244 bytes, Stack size 56 bytes, vr.o(i.DoVR_get_two_as_one))
<BR><BR>[Stack]<UL><LI>Max Depth = 564<LI>Call Chain = DoVR_get_two_as_one &rArr; CSpotter_AddSample &rArr; NINJA_API_13 &rArr; NINJA_API_11 &rArr; BsrAsa &rArr; BsrCara &rArr; BsrJanek &rArr; BsrBret
</UL>
<BR>[Calls]<UL><LI><a href="#[be]">&gt;&gt;</a>&nbsp;&nbsp;&nbsp;CSpotter_Reset
<LI><a href="#[bc]">&gt;&gt;</a>&nbsp;&nbsp;&nbsp;CSpotter_Release
<LI><a href="#[b3]">&gt;&gt;</a>&nbsp;&nbsp;&nbsp;CSpotter_GetResultEPD
<LI><a href="#[b0]">&gt;&gt;</a>&nbsp;&nbsp;&nbsp;CSpotter_GetResult
<LI><a href="#[a5]">&gt;&gt;</a>&nbsp;&nbsp;&nbsp;CSpotter_AddSample
<LI><a href="#[ca]">&gt;&gt;</a>&nbsp;&nbsp;&nbsp;Wave_UnlockSample
<LI><a href="#[cb]">&gt;&gt;</a>&nbsp;&nbsp;&nbsp;Wave_StopRecord
<LI><a href="#[c6]">&gt;&gt;</a>&nbsp;&nbsp;&nbsp;Wave_StartRecord
<LI><a href="#[c7]">&gt;&gt;</a>&nbsp;&nbsp;&nbsp;Wave_GetSample
<LI><a href="#[c9]">&gt;&gt;</a>&nbsp;&nbsp;&nbsp;Wave_ClearCpuOverload
<LI><a href="#[c8]">&gt;&gt;</a>&nbsp;&nbsp;&nbsp;Wave_CheckCpuOverload
</UL>
<BR>[Called By]<UL><LI><a href="#[cc]">&gt;&gt;</a>&nbsp;&nbsp;&nbsp;DoVR_two_as_one
</UL>

<P><STRONG><a name="[cc]"></a>DoVR_two_as_one</STRONG> (Thumb, 162 bytes, Stack size 56 bytes, vr.o(i.DoVR_two_as_one))
<BR><BR>[Stack]<UL><LI>Max Depth = 720<LI>Call Chain = DoVR_two_as_one &rArr; DoVR_create_multi &rArr; CSpotter_Init_Multi &rArr; NINJA_API_9 &rArr; BsrRay &rArr; BsrDina &rArr; BsrJami &rArr; BsrJose
</UL>
<BR>[Calls]<UL><LI><a href="#[c2]">&gt;&gt;</a>&nbsp;&nbsp;&nbsp;CSpotter_SetResponseTime
<LI><a href="#[c0]">&gt;&gt;</a>&nbsp;&nbsp;&nbsp;CSpotter_SetCmdResponseReward
<LI><a href="#[ae]">&gt;&gt;</a>&nbsp;&nbsp;&nbsp;CSpotter_GetNumWord
<LI><a href="#[c5]">&gt;&gt;</a>&nbsp;&nbsp;&nbsp;DoVR_get_two_as_one
<LI><a href="#[c4]">&gt;&gt;</a>&nbsp;&nbsp;&nbsp;DoVR_create_multi
</UL>
<BR>[Called By]<UL><LI><a href="#[2c]">&gt;&gt;</a>&nbsp;&nbsp;&nbsp;main
</UL>

<P><STRONG><a name="[f]"></a>GPAB_IRQHandler</STRONG> (Thumb, 54 bytes, Stack size 8 bytes, main.o(i.GPAB_IRQHandler))
<BR><BR>[Stack]<UL><LI>Max Depth = 96<LI>Call Chain = GPAB_IRQHandler &rArr; Vibrate_SmartGlove &rArr; ActiveVibrator &rArr; TIMER_Open &rArr; TIMER_GetModuleClock
</UL>
<BR>[Calls]<UL><LI><a href="#[cd]">&gt;&gt;</a>&nbsp;&nbsp;&nbsp;Vibrate_SmartGlove
<LI><a href="#[3b]">&gt;&gt;</a>&nbsp;&nbsp;&nbsp;SetOutputPin
</UL>
<BR>[Address Reference Count : 1]<UL><LI> startup_isd9100.o(RESET)
</UL>
<P><STRONG><a name="[d0]"></a>GPIO_EnableInt</STRONG> (Thumb, 26 bytes, Stack size 8 bytes, gpio.o(i.GPIO_EnableInt))
<BR><BR>[Stack]<UL><LI>Max Depth = 8<LI>Call Chain = GPIO_EnableInt
</UL>
<BR>[Called By]<UL><LI><a href="#[ce]">&gt;&gt;</a>&nbsp;&nbsp;&nbsp;InitialGPIO
</UL>

<P><STRONG><a name="[cf]"></a>GPIO_SetMode</STRONG> (Thumb, 40 bytes, Stack size 20 bytes, gpio.o(i.GPIO_SetMode))
<BR><BR>[Stack]<UL><LI>Max Depth = 20<LI>Call Chain = GPIO_SetMode
</UL>
<BR>[Called By]<UL><LI><a href="#[ce]">&gt;&gt;</a>&nbsp;&nbsp;&nbsp;InitialGPIO
</UL>

<P><STRONG><a name="[ce]"></a>InitialGPIO</STRONG> (Thumb, 110 bytes, Stack size 16 bytes, main.o(i.InitialGPIO))
<BR><BR>[Stack]<UL><LI>Max Depth = 36<LI>Call Chain = InitialGPIO &rArr; GPIO_SetMode
</UL>
<BR>[Calls]<UL><LI><a href="#[cf]">&gt;&gt;</a>&nbsp;&nbsp;&nbsp;GPIO_SetMode
<LI><a href="#[d0]">&gt;&gt;</a>&nbsp;&nbsp;&nbsp;GPIO_EnableInt
<LI><a href="#[39]">&gt;&gt;</a>&nbsp;&nbsp;&nbsp;SetOutputPin_0
<LI><a href="#[3b]">&gt;&gt;</a>&nbsp;&nbsp;&nbsp;SetOutputPin
</UL>
<BR>[Called By]<UL><LI><a href="#[2c]">&gt;&gt;</a>&nbsp;&nbsp;&nbsp;main
</UL>

<P><STRONG><a name="[d1]"></a>MIC_Close</STRONG> (Thumb, 58 bytes, Stack size 8 bytes, micspk.o(i.MIC_Close))
<BR><BR>[Stack]<UL><LI>Max Depth = 8<LI>Call Chain = MIC_Close
</UL>
<BR>[Calls]<UL><LI><a href="#[d3]">&gt;&gt;</a>&nbsp;&nbsp;&nbsp;ADC_DisableMICBias
<LI><a href="#[d2]">&gt;&gt;</a>&nbsp;&nbsp;&nbsp;ADC_DisableInt
<LI><a href="#[d4]">&gt;&gt;</a>&nbsp;&nbsp;&nbsp;ADC_Close
<LI><a href="#[d5]">&gt;&gt;</a>&nbsp;&nbsp;&nbsp;CLK_DisableModuleClock
</UL>
<BR>[Called By]<UL><LI><a href="#[cb]">&gt;&gt;</a>&nbsp;&nbsp;&nbsp;Wave_StopRecord
</UL>

<P><STRONG><a name="[d6]"></a>MIC_Open</STRONG> (Thumb, 144 bytes, Stack size 16 bytes, micspk.o(i.MIC_Open))
<BR><BR>[Stack]<UL><LI>Max Depth = 68<LI>Call Chain = MIC_Open &rArr; PdmaCtrl_Open &rArr; PDMA_SetTransferMode &rArr; __ARM_common_switch8
</UL>
<BR>[Calls]<UL><LI><a href="#[35]">&gt;&gt;</a>&nbsp;&nbsp;&nbsp;ADC_SetPGAGaindB
<LI><a href="#[d9]">&gt;&gt;</a>&nbsp;&nbsp;&nbsp;ADC_SetAMUX
<LI><a href="#[da]">&gt;&gt;</a>&nbsp;&nbsp;&nbsp;ADC_Open
<LI><a href="#[d8]">&gt;&gt;</a>&nbsp;&nbsp;&nbsp;ADC_EnableMICBias
<LI><a href="#[d7]">&gt;&gt;</a>&nbsp;&nbsp;&nbsp;SYS_ResetModule
<LI><a href="#[3d]">&gt;&gt;</a>&nbsp;&nbsp;&nbsp;CLK_EnableModuleClock
<LI><a href="#[db]">&gt;&gt;</a>&nbsp;&nbsp;&nbsp;PdmaCtrl_Open
<LI><a href="#[3c]">&gt;&gt;</a>&nbsp;&nbsp;&nbsp;BIQFilter_Setting
</UL>
<BR>[Called By]<UL><LI><a href="#[c6]">&gt;&gt;</a>&nbsp;&nbsp;&nbsp;Wave_StartRecord
</UL>

<P><STRONG><a name="[f6]"></a>MIC_Start</STRONG> (Thumb, 8 bytes, Stack size 0 bytes, micspk.o(i.MIC_Start))
<BR><BR>[Called By]<UL><LI><a href="#[c6]">&gt;&gt;</a>&nbsp;&nbsp;&nbsp;Wave_StartRecord
</UL>

<P><STRONG><a name="[ab]"></a>NINJA_API_1</STRONG> (Thumb, 96 bytes, Stack size 20 bytes, BsrGo.o(i.NINJA_API_1))
<BR><BR>[Stack]<UL><LI>Max Depth = 20<LI>Call Chain = NINJA_API_1
</UL>
<BR>[Called By]<UL><LI><a href="#[b5]">&gt;&gt;</a>&nbsp;&nbsp;&nbsp;CSpotter_Init_Multi
<LI><a href="#[b7]">&gt;&gt;</a>&nbsp;&nbsp;&nbsp;NINJA_API_9
<LI><a href="#[ad]">&gt;&gt;</a>&nbsp;&nbsp;&nbsp;NINJA_API_8
<LI><a href="#[aa]">&gt;&gt;</a>&nbsp;&nbsp;&nbsp;CSpotter_GetMemoryUsage_MultiWithSpeaker
</UL>

<P><STRONG><a name="[dc]"></a>NINJA_API_11</STRONG> (Thumb, 342 bytes, Stack size 64 bytes, BsrGo.o(i.NINJA_API_11))
<BR><BR>[Stack]<UL><LI>Max Depth = 308<LI>Call Chain = NINJA_API_11 &rArr; BsrAsa &rArr; BsrCara &rArr; BsrJanek &rArr; BsrBret
</UL>
<BR>[Calls]<UL><LI><a href="#[dd]">&gt;&gt;</a>&nbsp;&nbsp;&nbsp;BsrEva
<LI><a href="#[de]">&gt;&gt;</a>&nbsp;&nbsp;&nbsp;BsrEli
<LI><a href="#[49]">&gt;&gt;</a>&nbsp;&nbsp;&nbsp;BsrBrad
<LI><a href="#[54]">&gt;&gt;</a>&nbsp;&nbsp;&nbsp;BsrAsa
<LI><a href="#[5c]">&gt;&gt;</a>&nbsp;&nbsp;&nbsp;BsrAri
<LI><a href="#[88]">&gt;&gt;</a>&nbsp;&nbsp;&nbsp;BsrJoel
<LI><a href="#[36]">&gt;&gt;</a>&nbsp;&nbsp;&nbsp;__aeabi_idivmod
</UL>
<BR>[Called By]<UL><LI><a href="#[a6]">&gt;&gt;</a>&nbsp;&nbsp;&nbsp;NINJA_API_13
</UL>

<P><STRONG><a name="[a6]"></a>NINJA_API_13</STRONG> (Thumb, 214 bytes, Stack size 192 bytes, BsrGo.o(i.NINJA_API_13))
<BR><BR>[Stack]<UL><LI>Max Depth = 500<LI>Call Chain = NINJA_API_13 &rArr; NINJA_API_11 &rArr; BsrAsa &rArr; BsrCara &rArr; BsrJanek &rArr; BsrBret
</UL>
<BR>[Calls]<UL><LI><a href="#[9d]">&gt;&gt;</a>&nbsp;&nbsp;&nbsp;BsrRon
<LI><a href="#[df]">&gt;&gt;</a>&nbsp;&nbsp;&nbsp;BsrRey
<LI><a href="#[4c]">&gt;&gt;</a>&nbsp;&nbsp;&nbsp;BsrAmos
<LI><a href="#[dc]">&gt;&gt;</a>&nbsp;&nbsp;&nbsp;NINJA_API_11
<LI><a href="#[8a]">&gt;&gt;</a>&nbsp;&nbsp;&nbsp;BsrJoey
<LI><a href="#[50]">&gt;&gt;</a>&nbsp;&nbsp;&nbsp;BsrJose
</UL>
<BR>[Called By]<UL><LI><a href="#[a5]">&gt;&gt;</a>&nbsp;&nbsp;&nbsp;CSpotter_AddSample
</UL>

<P><STRONG><a name="[a7]"></a>NINJA_API_15</STRONG> (Thumb, 32 bytes, Stack size 8 bytes, BsrGo.o(i.NINJA_API_15))
<BR><BR>[Stack]<UL><LI>Max Depth = 16<LI>Call Chain = NINJA_API_15 &rArr; BsrDan
</UL>
<BR>[Calls]<UL><LI><a href="#[e0]">&gt;&gt;</a>&nbsp;&nbsp;&nbsp;BsrDan
</UL>
<BR>[Called By]<UL><LI><a href="#[b5]">&gt;&gt;</a>&nbsp;&nbsp;&nbsp;CSpotter_Init_Multi
<LI><a href="#[a5]">&gt;&gt;</a>&nbsp;&nbsp;&nbsp;CSpotter_AddSample
</UL>

<P><STRONG><a name="[c3]"></a>NINJA_API_16</STRONG> (Thumb, 32 bytes, Stack size 8 bytes, BsrGo.o(i.NINJA_API_16))
<BR><BR>[Stack]<UL><LI>Max Depth = 8<LI>Call Chain = NINJA_API_16
</UL>
<BR>[Calls]<UL><LI><a href="#[8f]">&gt;&gt;</a>&nbsp;&nbsp;&nbsp;BsrGuy
</UL>
<BR>[Called By]<UL><LI><a href="#[c2]">&gt;&gt;</a>&nbsp;&nbsp;&nbsp;CSpotter_SetResponseTime
</UL>

<P><STRONG><a name="[c1]"></a>NINJA_API_18</STRONG> (Thumb, 42 bytes, Stack size 8 bytes, BsrGo.o(i.NINJA_API_18))
<BR><BR>[Stack]<UL><LI>Max Depth = 20<LI>Call Chain = NINJA_API_18 &rArr; BsrIvy
</UL>
<BR>[Calls]<UL><LI><a href="#[92]">&gt;&gt;</a>&nbsp;&nbsp;&nbsp;BsrIvy
</UL>
<BR>[Called By]<UL><LI><a href="#[c0]">&gt;&gt;</a>&nbsp;&nbsp;&nbsp;CSpotter_SetCmdResponseReward
</UL>

<P><STRONG><a name="[ba]"></a>NINJA_API_19</STRONG> (Thumb, 32 bytes, Stack size 8 bytes, BsrGo.o(i.NINJA_API_19))
<BR><BR>[Stack]<UL><LI>Max Depth = 8<LI>Call Chain = NINJA_API_19
</UL>
<BR>[Calls]<UL><LI><a href="#[e1]">&gt;&gt;</a>&nbsp;&nbsp;&nbsp;BsrJan
</UL>
<BR>[Called By]<UL><LI><a href="#[b5]">&gt;&gt;</a>&nbsp;&nbsp;&nbsp;CSpotter_Init_Multi
</UL>

<P><STRONG><a name="[bd]"></a>NINJA_API_2</STRONG> (Thumb, 40 bytes, Stack size 8 bytes, BsrGo.o(i.NINJA_API_2))
<BR><BR>[Stack]<UL><LI>Max Depth = 52<LI>Call Chain = NINJA_API_2 &rArr; BsrNia &rArr; BsrMia &rArr; BsrCoty &rArr; BsrAdam
</UL>
<BR>[Calls]<UL><LI><a href="#[99]">&gt;&gt;</a>&nbsp;&nbsp;&nbsp;BsrNia
<LI><a href="#[51]">&gt;&gt;</a>&nbsp;&nbsp;&nbsp;BsrAna
<LI><a href="#[4a]">&gt;&gt;</a>&nbsp;&nbsp;&nbsp;BsrAmir
</UL>
<BR>[Called By]<UL><LI><a href="#[bc]">&gt;&gt;</a>&nbsp;&nbsp;&nbsp;CSpotter_Release
<LI><a href="#[b7]">&gt;&gt;</a>&nbsp;&nbsp;&nbsp;NINJA_API_9
</UL>

<P><STRONG><a name="[a8]"></a>NINJA_API_23</STRONG> (Thumb, 36 bytes, Stack size 8 bytes, BsrGo.o(i.NINJA_API_23))
<BR><BR>[Stack]<UL><LI>Max Depth = 20<LI>Call Chain = NINJA_API_23 &rArr; BsrEli
</UL>
<BR>[Calls]<UL><LI><a href="#[de]">&gt;&gt;</a>&nbsp;&nbsp;&nbsp;BsrEli
</UL>
<BR>[Called By]<UL><LI><a href="#[a5]">&gt;&gt;</a>&nbsp;&nbsp;&nbsp;CSpotter_AddSample
</UL>

<P><STRONG><a name="[bb]"></a>NINJA_API_26</STRONG> (Thumb, 46 bytes, Stack size 8 bytes, BsrGo.o(i.NINJA_API_26))
<BR><BR>[Stack]<UL><LI>Max Depth = 8<LI>Call Chain = NINJA_API_26
</UL>
<BR>[Calls]<UL><LI><a href="#[e2]">&gt;&gt;</a>&nbsp;&nbsp;&nbsp;BsrAyla
</UL>
<BR>[Called By]<UL><LI><a href="#[b5]">&gt;&gt;</a>&nbsp;&nbsp;&nbsp;CSpotter_Init_Multi
</UL>

<P><STRONG><a name="[bf]"></a>NINJA_API_3</STRONG> (Thumb, 32 bytes, Stack size 8 bytes, BsrGo.o(i.NINJA_API_3))
<BR><BR>[Stack]<UL><LI>Max Depth = 20<LI>Call Chain = NINJA_API_3 &rArr; BsrAri
</UL>
<BR>[Calls]<UL><LI><a href="#[5c]">&gt;&gt;</a>&nbsp;&nbsp;&nbsp;BsrAri
</UL>
<BR>[Called By]<UL><LI><a href="#[be]">&gt;&gt;</a>&nbsp;&nbsp;&nbsp;CSpotter_Reset
<LI><a href="#[b7]">&gt;&gt;</a>&nbsp;&nbsp;&nbsp;NINJA_API_9
</UL>

<P><STRONG><a name="[af]"></a>NINJA_API_31</STRONG> (Thumb, 12 bytes, Stack size 8 bytes, BsrGo.o(i.NINJA_API_31))
<BR><BR>[Stack]<UL><LI>Max Depth = 8<LI>Call Chain = NINJA_API_31
</UL>
<BR>[Calls]<UL><LI><a href="#[90]">&gt;&gt;</a>&nbsp;&nbsp;&nbsp;BsrMichelle
</UL>
<BR>[Called By]<UL><LI><a href="#[ae]">&gt;&gt;</a>&nbsp;&nbsp;&nbsp;CSpotter_GetNumWord
</UL>

<P><STRONG><a name="[b4]"></a>NINJA_API_43</STRONG> (Thumb, 82 bytes, Stack size 24 bytes, BsrGo.o(i.NINJA_API_43))
<BR><BR>[Stack]<UL><LI>Max Depth = 36<LI>Call Chain = NINJA_API_43 &rArr; BsrEli
</UL>
<BR>[Calls]<UL><LI><a href="#[de]">&gt;&gt;</a>&nbsp;&nbsp;&nbsp;BsrEli
</UL>
<BR>[Called By]<UL><LI><a href="#[b3]">&gt;&gt;</a>&nbsp;&nbsp;&nbsp;CSpotter_GetResultEPD
</UL>

<P><STRONG><a name="[b1]"></a>NINJA_API_47</STRONG> (Thumb, 104 bytes, Stack size 40 bytes, BsrGo.o(i.NINJA_API_47))
[...]
<BR><BR>[Stack]<UL><LI>Max Depth = 24<LI>Call Chain = SYS_Init &rArr; CLK_EnableXtalRC &rArr; SYS_Unlock
</UL>
<BR>[Calls]<UL><LI><a href="#[a4]">&gt;&gt;</a>&nbsp;&nbsp;&nbsp;CLK_EnableXtalRC
<LI><a href="#[3d]">&gt;&gt;</a>&nbsp;&nbsp;&nbsp;CLK_EnableModuleClock
<LI><a href="#[a1]">&gt;&gt;</a>&nbsp;&nbsp;&nbsp;CLK_EnableLDO
</UL>
<BR>[Called By]<UL><LI><a href="#[2c]">&gt;&gt;</a>&nbsp;&nbsp;&nbsp;main
</UL>

<P><STRONG><a name="[a3]"></a>SYS_Lock</STRONG> (Thumb, 12 bytes, Stack size 0 bytes, sys.o(i.SYS_Lock))
<BR><BR>[Called By]<UL><LI><a href="#[a4]">&gt;&gt;</a>&nbsp;&nbsp;&nbsp;CLK_EnableXtalRC
<LI><a href="#[a1]">&gt;&gt;</a>&nbsp;&nbsp;&nbsp;CLK_EnableLDO
</UL>

<P><STRONG><a name="[d7]"></a>SYS_ResetModule</STRONG> (Thumb, 26 bytes, Stack size 0 bytes, sys.o(i.SYS_ResetModule))
<BR><BR>[Called By]<UL><LI><a href="#[ea]">&gt;&gt;</a>&nbsp;&nbsp;&nbsp;PdmaCtrl_Init
<LI><a href="#[d6]">&gt;&gt;</a>&nbsp;&nbsp;&nbsp;MIC_Open
</UL>

<P><STRONG><a name="[a2]"></a>SYS_Unlock</STRONG> (Thumb, 38 bytes, Stack size 8 bytes, sys.o(i.SYS_Unlock))
<BR><BR>[Stack]<UL><LI>Max Depth = 8<LI>Call Chain = SYS_Unlock
</UL>
<BR>[Called By]<UL><LI><a href="#[a4]">&gt;&gt;</a>&nbsp;&nbsp;&nbsp;CLK_EnableXtalRC
<LI><a href="#[a1]">&gt;&gt;</a>&nbsp;&nbsp;&nbsp;CLK_EnableLDO
<LI><a href="#[2c]">&gt;&gt;</a>&nbsp;&nbsp;&nbsp;main
</UL>

<P><STRONG><a name="[3b]"></a>SetOutputPin</STRONG> (Thumb, 20 bytes, Stack size 0 bytes, main.o(i.SetOutputPin))
<BR><BR>[Called By]<UL><LI><a href="#[cd]">&gt;&gt;</a>&nbsp;&nbsp;&nbsp;Vibrate_SmartGlove
<LI><a href="#[f5]">&gt;&gt;</a>&nbsp;&nbsp;&nbsp;Toggle_Bit
<LI><a href="#[ce]">&gt;&gt;</a>&nbsp;&nbsp;&nbsp;InitialGPIO
<LI><a href="#[f]">&gt;&gt;</a>&nbsp;&nbsp;&nbsp;GPAB_IRQHandler
<LI><a href="#[40]">&gt;&gt;</a>&nbsp;&nbsp;&nbsp;BioworldEncodeOutput
<LI><a href="#[3a]">&gt;&gt;</a>&nbsp;&nbsp;&nbsp;ActiveVibrator
</UL>

<P><STRONG><a name="[39]"></a>SetOutputPin_0</STRONG> (Thumb, 20 bytes, Stack size 0 bytes, main.o(i.SetOutputPin_0))
<BR><BR>[Called By]<UL><LI><a href="#[ce]">&gt;&gt;</a>&nbsp;&nbsp;&nbsp;InitialGPIO
<LI><a href="#[37]">&gt;&gt;</a>&nbsp;&nbsp;&nbsp;ActiveTimer
</UL>

<P><STRONG><a name="[f4]"></a>TIMER_Close</STRONG> (Thumb, 6 bytes, Stack size 0 bytes, timer.o(i.TIMER_Close))
<BR><BR>[Called By]<UL><LI><a href="#[13]">&gt;&gt;</a>&nbsp;&nbsp;&nbsp;TMR0_IRQHandler
</UL>

<P><STRONG><a name="[f2]"></a>TIMER_GetModuleClock</STRONG> (Thumb, 70 bytes, Stack size 32 bytes, timer.o(i.TIMER_GetModuleClock))
<BR><BR>[Stack]<UL><LI>Max Depth = 32<LI>Call Chain = TIMER_GetModuleClock
</UL>
<BR>[Calls]<UL><LI><a href="#[f3]">&gt;&gt;</a>&nbsp;&nbsp;&nbsp;__aeabi_memcpy4
</UL>
<BR>[Called By]<UL><LI><a href="#[38]">&gt;&gt;</a>&nbsp;&nbsp;&nbsp;TIMER_Open
</UL>

<P><STRONG><a name="[38]"></a>TIMER_Open</STRONG> (Thumb, 96 bytes, Stack size 32 bytes, timer.o(i.TIMER_Open))
<BR><BR>[Stack]<UL><LI>Max Depth = 64<LI>Call Chain = TIMER_Open &rArr; TIMER_GetModuleClock
</UL>
<BR>[Calls]<UL><LI><a href="#[f2]">&gt;&gt;</a>&nbsp;&nbsp;&nbsp;TIMER_GetModuleClock
<LI><a href="#[8b]">&gt;&gt;</a>&nbsp;&nbsp;&nbsp;__aeabi_uidivmod
</UL>
<BR>[Called By]<UL><LI><a href="#[3a]">&gt;&gt;</a>&nbsp;&nbsp;&nbsp;ActiveVibrator
<LI><a href="#[37]">&gt;&gt;</a>&nbsp;&nbsp;&nbsp;ActiveTimer
</UL>

<P><STRONG><a name="[13]"></a>TMR0_IRQHandler</STRONG> (Thumb, 64 bytes, Stack size 16 bytes, main.o(i.TMR0_IRQHandler))
<BR><BR>[Stack]<UL><LI>Max Depth = 104<LI>Call Chain = TMR0_IRQHandler &rArr; Vibrate_SmartGlove &rArr; ActiveVibrator &rArr; TIMER_Open &rArr; TIMER_GetModuleClock
</UL>
<BR>[Calls]<UL><LI><a href="#[f4]">&gt;&gt;</a>&nbsp;&nbsp;&nbsp;TIMER_Close
<LI><a href="#[cd]">&gt;&gt;</a>&nbsp;&nbsp;&nbsp;Vibrate_SmartGlove
</UL>
<BR>[Address Reference Count : 1]<UL><LI> startup_isd9100.o(RESET)
</UL>
<P><STRONG><a name="[14]"></a>TMR1_IRQHandler</STRONG> (Thumb, 34 bytes, Stack size 4 bytes, main.o(i.TMR1_IRQHandler))
<BR><BR>[Stack]<UL><LI>Max Depth = 12<LI>Call Chain = TMR1_IRQHandler &rArr; Toggle_Bit
</UL>
<BR>[Calls]<UL><LI><a href="#[f5]">&gt;&gt;</a>&nbsp;&nbsp;&nbsp;Toggle_Bit
</UL>
<BR>[Address Reference Count : 1]<UL><LI> startup_isd9100.o(RESET)
</UL>
<P><STRONG><a name="[f5]"></a>Toggle_Bit</STRONG> (Thumb, 52 bytes, Stack size 8 bytes, main.o(i.Toggle_Bit))
<BR><BR>[Stack]<UL><LI>Max Depth = 8<LI>Call Chain = Toggle_Bit
</UL>
<BR>[Calls]<UL><LI><a href="#[3b]">&gt;&gt;</a>&nbsp;&nbsp;&nbsp;SetOutputPin
</UL>
<BR>[Called By]<UL><LI><a href="#[14]">&gt;&gt;</a>&nbsp;&nbsp;&nbsp;TMR1_IRQHandler
</UL>

<P><STRONG><a name="[f9]"></a>UnpackBin</STRONG> (Thumb, 70 bytes, Stack size 20 bytes, main.o(i.UnpackBin))
<BR><BR>[Stack]<UL><LI>Max Depth = 20<LI>Call Chain = UnpackBin
</UL>
<BR>[Called By]<UL><LI><a href="#[2c]">&gt;&gt;</a>&nbsp;&nbsp;&nbsp;main
</UL>

<P><STRONG><a name="[cd]"></a>Vibrate_SmartGlove</STRONG> (Thumb, 74 bytes, Stack size 8 bytes, main.o(i.Vibrate_SmartGlove))
<BR><BR>[Stack]<UL><LI>Max Depth = 88<LI>Call Chain = Vibrate_SmartGlove &rArr; ActiveVibrator &rArr; TIMER_Open &rArr; TIMER_GetModuleClock
</UL>
<BR>[Calls]<UL><LI><a href="#[3b]">&gt;&gt;</a>&nbsp;&nbsp;&nbsp;SetOutputPin
<LI><a href="#[3a]">&gt;&gt;</a>&nbsp;&nbsp;&nbsp;ActiveVibrator
</UL>
<BR>[Called By]<UL><LI><a href="#[13]">&gt;&gt;</a>&nbsp;&nbsp;&nbsp;TMR0_IRQHandler
<LI><a href="#[f]">&gt;&gt;</a>&nbsp;&nbsp;&nbsp;GPAB_IRQHandler
</UL>

<P><STRONG><a name="[c8]"></a>Wave_CheckCpuOverload</STRONG> (Thumb, 6 bytes, Stack size 0 bytes, waverecord.o(i.Wave_CheckCpuOverload))
<BR><BR>[Called By]<UL><LI><a href="#[c5]">&gt;&gt;</a>&nbsp;&nbsp;&nbsp;DoVR_get_two_as_one
</UL>

<P><STRONG><a name="[c9]"></a>Wave_ClearCpuOverload</STRONG> (Thumb, 8 bytes, Stack size 0 bytes, waverecord.o(i.Wave_ClearCpuOverload))
<BR><BR>[Called By]<UL><LI><a href="#[c5]">&gt;&gt;</a>&nbsp;&nbsp;&nbsp;DoVR_get_two_as_one
</UL>

<P><STRONG><a name="[c7]"></a>Wave_GetSample</STRONG> (Thumb, 50 bytes, Stack size 0 bytes, waverecord.o(i.Wave_GetSample))
<BR><BR>[Called By]<UL><LI><a href="#[c5]">&gt;&gt;</a>&nbsp;&nbsp;&nbsp;DoVR_get_two_as_one
</UL>

<P><STRONG><a name="[c6]"></a>Wave_StartRecord</STRONG> (Thumb, 90 bytes, Stack size 8 bytes, waverecord.o(i.Wave_StartRecord))
<BR><BR>[Stack]<UL><LI>Max Depth = 76<LI>Call Chain = Wave_StartRecord &rArr; MIC_Open &rArr; PdmaCtrl_Open &rArr; PDMA_SetTransferMode &rArr; __ARM_common_switch8
</UL>
<BR>[Calls]<UL><LI><a href="#[ea]">&gt;&gt;</a>&nbsp;&nbsp;&nbsp;PdmaCtrl_Init
<LI><a href="#[f6]">&gt;&gt;</a>&nbsp;&nbsp;&nbsp;MIC_Start
<LI><a href="#[d6]">&gt;&gt;</a>&nbsp;&nbsp;&nbsp;MIC_Open
<LI><a href="#[e8]">&gt;&gt;</a>&nbsp;&nbsp;&nbsp;PdmaCtrl_Start
</UL>
<BR>[Called By]<UL><LI><a href="#[c5]">&gt;&gt;</a>&nbsp;&nbsp;&nbsp;DoVR_get_two_as_one
</UL>

<P><STRONG><a name="[cb]"></a>Wave_StopRecord</STRONG> (Thumb, 24 bytes, Stack size 8 bytes, waverecord.o(i.Wave_StopRecord))
<BR><BR>[Stack]<UL><LI>Max Depth = 16<LI>Call Chain = Wave_StopRecord &rArr; MIC_Close
</UL>
<BR>[Calls]<UL><LI><a href="#[f7]">&gt;&gt;</a>&nbsp;&nbsp;&nbsp;PdmaCtrl_Stop
<LI><a href="#[f8]">&gt;&gt;</a>&nbsp;&nbsp;&nbsp;PdmaCtrl_Close
<LI><a href="#[d1]">&gt;&gt;</a>&nbsp;&nbsp;&nbsp;MIC_Close
</UL>
<BR>[Called By]<UL><LI><a href="#[c5]">&gt;&gt;</a>&nbsp;&nbsp;&nbsp;DoVR_get_two_as_one
</UL>

<P><STRONG><a name="[ca]"></a>Wave_UnlockSample</STRONG> (Thumb, 32 bytes, Stack size 12 bytes, waverecord.o(i.Wave_UnlockSample))
<BR><BR>[Stack]<UL><LI>Max Depth = 12<LI>Call Chain = Wave_UnlockSample
</UL>
<BR>[Called By]<UL><LI><a href="#[c5]">&gt;&gt;</a>&nbsp;&nbsp;&nbsp;DoVR_get_two_as_one
</UL>

<P><STRONG><a name="[41]"></a>__ARM_common_switch8</STRONG> (Thumb, 26 bytes, Stack size 8 bytes, main.o(i.__ARM_common_switch8))
<BR><BR>[Stack]<UL><LI>Max Depth = 8<LI>Call Chain = __ARM_common_switch8
</UL>
<BR>[Called By]<UL><LI><a href="#[40]">&gt;&gt;</a>&nbsp;&nbsp;&nbsp;BioworldEncodeOutput
<LI><a href="#[e9]">&gt;&gt;</a>&nbsp;&nbsp;&nbsp;PDMA_SetTransferMode
</UL>

<P><STRONG><a name="[2c]"></a>main</STRONG> (Thumb, 74 bytes, Stack size 24 bytes, main.o(i.main))
<BR><BR>[Stack]<UL><LI>Max Depth = 744<LI>Call Chain = main &rArr; DoVR_two_as_one &rArr; DoVR_create_multi &rArr; CSpotter_Init_Multi &rArr; NINJA_API_9 &rArr; BsrRay &rArr; BsrDina &rArr; BsrJami &rArr; BsrJose
</UL>
<BR>[Calls]<UL><LI><a href="#[a2]">&gt;&gt;</a>&nbsp;&nbsp;&nbsp;SYS_Unlock
<LI><a href="#[cc]">&gt;&gt;</a>&nbsp;&nbsp;&nbsp;DoVR_two_as_one
<LI><a href="#[f9]">&gt;&gt;</a>&nbsp;&nbsp;&nbsp;UnpackBin
<LI><a href="#[f1]">&gt;&gt;</a>&nbsp;&nbsp;&nbsp;SYS_Init
<LI><a href="#[ce]">&gt;&gt;</a>&nbsp;&nbsp;&nbsp;InitialGPIO
<LI><a href="#[40]">&gt;&gt;</a>&nbsp;&nbsp;&nbsp;BioworldEncodeOutput
<LI><a href="#[37]">&gt;&gt;</a>&nbsp;&nbsp;&nbsp;ActiveTimer
</UL>
<BR>[Called By]<UL><LI><a href="#[2b]">&gt;&gt;</a>&nbsp;&nbsp;&nbsp;__rt_entry_main
</UL>
<P>
<H3>
Local Symbols
</H3>
<P><STRONG><a name="[12]"></a>Default_Handler</STRONG> (Thumb, 2 bytes, Stack size 0 bytes, startup_isd9100.o(.text))
<BR><BR>[Calls]<UL><LI><a href="#[12]">&gt;&gt;</a>&nbsp;&nbsp;&nbsp;Default_Handler
</UL>
<BR>[Called By]<UL><LI><a href="#[12]">&gt;&gt;</a>&nbsp;&nbsp;&nbsp;Default_Handler
</UL>
<BR>[Address Reference Count : 1]<UL><LI> startup_isd9100.o(RESET)
</UL>
<P><STRONG><a name="[3c]"></a>BIQFilter_Setting</STRONG> (Thumb, 40 bytes, Stack size 8 bytes, micspk.o(i.BIQFilter_Setting))
<BR><BR>[Stack]<UL><LI>Max Depth = 24<LI>Call Chain = BIQFilter_Setting &rArr; BIQ_SetCoeff
</UL>
<BR>[Calls]<UL><LI><a href="#[3f]">&gt;&gt;</a>&nbsp;&nbsp;&nbsp;BIQ_SetCoeff
<LI><a href="#[3e]">&gt;&gt;</a>&nbsp;&nbsp;&nbsp;BIQ_Reset
<LI><a href="#[3d]">&gt;&gt;</a>&nbsp;&nbsp;&nbsp;CLK_EnableModuleClock
</UL>
<BR>[Called By]<UL><LI><a href="#[d6]">&gt;&gt;</a>&nbsp;&nbsp;&nbsp;MIC_Open
</UL>

<P><STRONG><a name="[b6]"></a>BsrLuke</STRONG> (Thumb, 24 bytes, Stack size 0 bytes, CSpotterSDKApi.o(i.BsrLuke))
<BR><BR>[Called By]<UL><LI><a href="#[b5]">&gt;&gt;</a>&nbsp;&nbsp;&nbsp;CSpotter_Init_Multi
</UL>

<P><STRONG><a name="[ac]"></a>BsrLulu</STRONG> (Thumb, 28 bytes, Stack size 12 bytes, CSpotterSDKApi.o(i.BsrLulu))
<BR><BR>[Stack]<UL><LI>Max Depth = 12<LI>Call Chain = BsrLulu
</UL>
<BR>[Called By]<UL><LI><a href="#[b5]">&gt;&gt;</a>&nbsp;&nbsp;&nbsp;CSpotter_Init_Multi
<LI><a href="#[aa]">&gt;&gt;</a>&nbsp;&nbsp;&nbsp;CSpotter_GetMemoryUsage_MultiWithSpeaker
</UL>

<P><STRONG><a name="[88]"></a>BsrJoel</STRONG> (Thumb, 326 bytes, Stack size 80 bytes, BsrGo.o(i.BsrJoel))
<BR><BR>[Stack]<UL><LI>Max Depth = 104<LI>Call Chain = BsrJoel &rArr; BsrMaarav &rArr; __aeabi_idivmod
</UL>
<BR>[Calls]<UL><LI><a href="#[89]">&gt;&gt;</a>&nbsp;&nbsp;&nbsp;BsrMaarav
<LI><a href="#[36]">&gt;&gt;</a>&nbsp;&nbsp;&nbsp;__aeabi_idivmod
</UL>
<BR>[Called By]<UL><LI><a href="#[dc]">&gt;&gt;</a>&nbsp;&nbsp;&nbsp;NINJA_API_11
</UL>

<P><STRONG><a name="[8a]"></a>BsrJoey</STRONG> (Thumb, 82 bytes, Stack size 8 bytes, BsrGo.o(i.BsrJoey))
<BR><BR>[Stack]<UL><LI>Max Depth = 8<LI>Call Chain = BsrJoey
</UL>
<BR>[Calls]<UL><LI><a href="#[8b]">&gt;&gt;</a>&nbsp;&nbsp;&nbsp;__aeabi_uidivmod
</UL>
<BR>[Called By]<UL><LI><a href="#[a6]">&gt;&gt;</a>&nbsp;&nbsp;&nbsp;NINJA_API_13
</UL>

<P><STRONG><a name="[89]"></a>BsrMaarav</STRONG> (Thumb, 58 bytes, Stack size 16 bytes, BsrGo.o(i.BsrMaarav))
<BR><BR>[Stack]<UL><LI>Max Depth = 24<LI>Call Chain = BsrMaarav &rArr; __aeabi_idivmod
</UL>
<BR>[Calls]<UL><LI><a href="#[36]">&gt;&gt;</a>&nbsp;&nbsp;&nbsp;__aeabi_idivmod
</UL>
<BR>[Called By]<UL><LI><a href="#[88]">&gt;&gt;</a>&nbsp;&nbsp;&nbsp;BsrJoel
</UL>

<P><STRONG><a name="[8e]"></a>BsrMabel</STRONG> (Thumb, 82 bytes, Stack size 40 bytes, BsrGo.o(i.BsrMabel))
<BR><BR>[Stack]<UL><LI>Max Depth = 52<LI>Call Chain = BsrMabel &rArr; BsrIvy
</UL>
<BR>[Calls]<UL><LI><a href="#[90]">&gt;&gt;</a>&nbsp;&nbsp;&nbsp;BsrMichelle
<LI><a href="#[92]">&gt;&gt;</a>&nbsp;&nbsp;&nbsp;BsrIvy
<LI><a href="#[8f]">&gt;&gt;</a>&nbsp;&nbsp;&nbsp;BsrGuy
<LI><a href="#[91]">&gt;&gt;</a>&nbsp;&nbsp;&nbsp;NINJA_API_57
</UL>
<BR>[Called By]<UL><LI><a href="#[b7]">&gt;&gt;</a>&nbsp;&nbsp;&nbsp;NINJA_API_9
</UL>

<P><STRONG><a name="[93]"></a>BsrMegan</STRONG> (Thumb, 420 bytes, Stack size 64 bytes, BsrJim.o(i.BsrMegan))
<BR><BR>[Stack]<UL><LI>Max Depth = 80<LI>Call Chain = BsrMegan &rArr; BsrAbel
</UL>
<BR>[Calls]<UL><LI><a href="#[44]">&gt;&gt;</a>&nbsp;&nbsp;&nbsp;BsrAbel
</UL>
<BR>[Called By]<UL><LI><a href="#[95]">&gt;&gt;</a>&nbsp;&nbsp;&nbsp;BsrMichael
</UL>

<P><STRONG><a name="[96]"></a>BsrMelissa</STRONG> (Thumb, 134 bytes, Stack size 8 bytes, BsrJim.o(i.BsrMelissa))
<BR><BR>[Stack]<UL><LI>Max Depth = 8<LI>Call Chain = BsrMelissa
</UL>
<BR>[Called By]<UL><LI><a href="#[95]">&gt;&gt;</a>&nbsp;&nbsp;&nbsp;BsrMichael
</UL>

<P><STRONG><a name="[83]"></a>BsrJess</STRONG> (Thumb, 110 bytes, Stack size 48 bytes, BsrKai.o(i.BsrJess))
<BR><BR>[Stack]<UL><LI>Max Depth = 104<LI>Call Chain = BsrJess &rArr; BsrDemi
</UL>
<BR>[Calls]<UL><LI><a href="#[50]">&gt;&gt;</a>&nbsp;&nbsp;&nbsp;BsrJose
<LI><a href="#[6e]">&gt;&gt;</a>&nbsp;&nbsp;&nbsp;BsrDemi
<LI><a href="#[84]">&gt;&gt;</a>&nbsp;&nbsp;&nbsp;BsrDeja
<LI><a href="#[4b]">&gt;&gt;</a>&nbsp;&nbsp;&nbsp;BsrAdam
<LI><a href="#[44]">&gt;&gt;</a>&nbsp;&nbsp;&nbsp;BsrAbel
</UL>
<BR>[Called By]<UL><LI><a href="#[9d]">&gt;&gt;</a>&nbsp;&nbsp;&nbsp;BsrRon
</UL>

<P><STRONG><a name="[85]"></a>BsrJill</STRONG> (Thumb, 216 bytes, Stack size 56 bytes, BsrKai.o(i.BsrJill))
<BR><BR>[Stack]<UL><LI>Max Depth = 96<LI>Call Chain = BsrJill &rArr; BsrJoan &rArr; __aeabi_idivmod
</UL>
<BR>[Calls]<UL><LI><a href="#[36]">&gt;&gt;</a>&nbsp;&nbsp;&nbsp;__aeabi_idivmod
<LI><a href="#[87]">&gt;&gt;</a>&nbsp;&nbsp;&nbsp;BsrJodi
<LI><a href="#[86]">&gt;&gt;</a>&nbsp;&nbsp;&nbsp;BsrJoan
<LI><a href="#[4b]">&gt;&gt;</a>&nbsp;&nbsp;&nbsp;BsrAdam
<LI><a href="#[44]">&gt;&gt;</a>&nbsp;&nbsp;&nbsp;BsrAbel
</UL>
<BR>[Called By]<UL><LI><a href="#[9d]">&gt;&gt;</a>&nbsp;&nbsp;&nbsp;BsrRon
</UL>

<P><STRONG><a name="[86]"></a>BsrJoan</STRONG> (Thumb, 228 bytes, Stack size 32 bytes, BsrKai.o(i.BsrJoan))
<BR><BR>[Stack]<UL><LI>Max Depth = 40<LI>Call Chain = BsrJoan &rArr; __aeabi_idivmod
</UL>
<BR>[Calls]<UL><LI><a href="#[36]">&gt;&gt;</a>&nbsp;&nbsp;&nbsp;__aeabi_idivmod
</UL>
<BR>[Called By]<UL><LI><a href="#[a0]">&gt;&gt;</a>&nbsp;&nbsp;&nbsp;BsrTre
<LI><a href="#[85]">&gt;&gt;</a>&nbsp;&nbsp;&nbsp;BsrJill
</UL>

<P><STRONG><a name="[87]"></a>BsrJodi</STRONG> (Thumb, 128 bytes, Stack size 24 bytes, BsrKai.o(i.BsrJodi))
<BR><BR>[Stack]<UL><LI>Max Depth = 32<LI>Call Chain = BsrJodi &rArr; __aeabi_idivmod
</UL>
<BR>[Calls]<UL><LI><a href="#[36]">&gt;&gt;</a>&nbsp;&nbsp;&nbsp;__aeabi_idivmod
</UL>
<BR>[Called By]<UL><LI><a href="#[85]">&gt;&gt;</a>&nbsp;&nbsp;&nbsp;BsrJill
</UL>

<P><STRONG><a name="[9e]"></a>BsrJody</STRONG> (Thumb, 132 bytes, Stack size 20 bytes, BsrKai.o(i.BsrJody))
<BR><BR>[Stack]<UL><LI>Max Depth = 20<LI>Call Chain = BsrJody
</UL>
<BR>[Called By]<UL><LI><a href="#[9d]">&gt;&gt;</a>&nbsp;&nbsp;&nbsp;BsrRon
</UL>

<P><STRONG><a name="[81]"></a>BsrJuanita</STRONG> (Thumb, 24 bytes, Stack size 12 bytes, BsrEva.o(i.BsrJuanita))
<BR><BR>[Stack]<UL><LI>Max Depth = 12<LI>Call Chain = BsrJuanita
</UL>
<BR>[Called By]<UL><LI><a href="#[4f]">&gt;&gt;</a>&nbsp;&nbsp;&nbsp;BsrElsa
<LI><a href="#[4e]">&gt;&gt;</a>&nbsp;&nbsp;&nbsp;BsrElla
</UL>

<P><STRONG><a name="[80]"></a>BsrJuanitez</STRONG> (Thumb, 24 bytes, Stack size 12 bytes, BsrEva.o(i.BsrJuanitez))
<BR><BR>[Stack]<UL><LI>Max Depth = 12<LI>Call Chain = BsrJuanitez
</UL>
<BR>[Called By]<UL><LI><a href="#[4f]">&gt;&gt;</a>&nbsp;&nbsp;&nbsp;BsrElsa
<LI><a href="#[4e]">&gt;&gt;</a>&nbsp;&nbsp;&nbsp;BsrElla
</UL>

<P><STRONG><a name="[66]"></a>BsrJana</STRONG> (Thumb, 42 bytes, Stack size 8 bytes, BsrJay.o(i.BsrJana))
<BR><BR>[Stack]<UL><LI>Max Depth = 16<LI>Call Chain = BsrJana &rArr; __aeabi_idivmod
</UL>
<BR>[Calls]<UL><LI><a href="#[36]">&gt;&gt;</a>&nbsp;&nbsp;&nbsp;__aeabi_idivmod
</UL>
<BR>[Called By]<UL><LI><a href="#[68]">&gt;&gt;</a>&nbsp;&nbsp;&nbsp;BsrJeni
<LI><a href="#[5d]">&gt;&gt;</a>&nbsp;&nbsp;&nbsp;BsrClay
</UL>

<P><STRONG><a name="[67]"></a>BsrJane</STRONG> (Thumb, 26 bytes, Stack size 8 bytes, BsrJay.o(i.BsrJane))
<BR><BR>[Stack]<UL><LI>Max Depth = 16<LI>Call Chain = BsrJane &rArr; __aeabi_idivmod
</UL>
<BR>[Calls]<UL><LI><a href="#[36]">&gt;&gt;</a>&nbsp;&nbsp;&nbsp;__aeabi_idivmod
</UL>
<BR>[Called By]<UL><LI><a href="#[5d]">&gt;&gt;</a>&nbsp;&nbsp;&nbsp;BsrClay
</UL>

<P><STRONG><a name="[62]"></a>BsrJanek</STRONG> (Thumb, 94 bytes, Stack size 24 bytes, BsrJay.o(i.BsrJanek))
<BR><BR>[Stack]<UL><LI>Max Depth = 124<LI>Call Chain = BsrJanek &rArr; BsrBret
</UL>
<BR>[Calls]<UL><LI><a href="#[61]">&gt;&gt;</a>&nbsp;&nbsp;&nbsp;BsrBret
</UL>
<BR>[Called By]<UL><LI><a href="#[57]">&gt;&gt;</a>&nbsp;&nbsp;&nbsp;BsrCara
</UL>

<P><STRONG><a name="[69]"></a>BsrJanelle</STRONG> (Thumb, 114 bytes, Stack size 8 bytes, BsrJay.o(i.BsrJanelle))
<BR><BR>[Stack]<UL><LI>Max Depth = 8<LI>Call Chain = BsrJanelle
</UL>
<BR>[Called By]<UL><LI><a href="#[5d]">&gt;&gt;</a>&nbsp;&nbsp;&nbsp;BsrClay
</UL>

<P><STRONG><a name="[64]"></a>BsrJean</STRONG> (Thumb, 158 bytes, Stack size 24 bytes, BsrJay.o(i.BsrJean))
<BR><BR>[Stack]<UL><LI>Max Depth = 32<LI>Call Chain = BsrJean &rArr; __aeabi_idivmod
</UL>
<BR>[Calls]<UL><LI><a href="#[36]">&gt;&gt;</a>&nbsp;&nbsp;&nbsp;__aeabi_idivmod
</UL>
<BR>[Called By]<UL><LI><a href="#[5d]">&gt;&gt;</a>&nbsp;&nbsp;&nbsp;BsrClay
</UL>

<P><STRONG><a name="[65]"></a>BsrJeff</STRONG> (Thumb, 74 bytes, Stack size 20 bytes, BsrJay.o(i.BsrJeff))
<BR><BR>[Stack]<UL><LI>Max Depth = 20<LI>Call Chain = BsrJeff
</UL>
<BR>[Called By]<UL><LI><a href="#[5d]">&gt;&gt;</a>&nbsp;&nbsp;&nbsp;BsrClay
</UL>

<P><STRONG><a name="[63]"></a>BsrJena</STRONG> (Thumb, 30 bytes, Stack size 0 bytes, BsrJay.o(i.BsrJena))
<BR><BR>[Called By]<UL><LI><a href="#[5d]">&gt;&gt;</a>&nbsp;&nbsp;&nbsp;BsrClay
</UL>

<P><STRONG><a name="[68]"></a>BsrJeni</STRONG> (Thumb, 294 bytes, Stack size 56 bytes, BsrJay.o(i.BsrJeni))
<BR><BR>[Stack]<UL><LI>Max Depth = 72<LI>Call Chain = BsrJeni &rArr; BsrJana &rArr; __aeabi_idivmod
</UL>
<BR>[Calls]<UL><LI><a href="#[36]">&gt;&gt;</a>&nbsp;&nbsp;&nbsp;__aeabi_idivmod
<LI><a href="#[66]">&gt;&gt;</a>&nbsp;&nbsp;&nbsp;BsrJana
</UL>
<BR>[Called By]<UL><LI><a href="#[5d]">&gt;&gt;</a>&nbsp;&nbsp;&nbsp;BsrClay
</UL>

<P><STRONG><a name="[6c]"></a>BsrJade</STRONG> (Thumb, 118 bytes, Stack size 24 bytes, BsrJoy.o(i.BsrJade))
<BR><BR>[Stack]<UL><LI>Max Depth = 24<LI>Call Chain = BsrJade
</UL>
<BR>[Called By]<UL><LI><a href="#[74]">&gt;&gt;</a>&nbsp;&nbsp;&nbsp;BsrDion
<LI><a href="#[6a]">&gt;&gt;</a>&nbsp;&nbsp;&nbsp;BsrCory
</UL>

<P><STRONG><a name="[72]"></a>BsrJami</STRONG> (Thumb, 116 bytes, Stack size 72 bytes, BsrJoy.o(i.BsrJami))
<BR><BR>[Stack]<UL><LI>Max Depth = 80<LI>Call Chain = BsrJami &rArr; BsrJose
</UL>
<BR>[Calls]<UL><LI><a href="#[50]">&gt;&gt;</a>&nbsp;&nbsp;&nbsp;BsrJose
<LI><a href="#[36]">&gt;&gt;</a>&nbsp;&nbsp;&nbsp;__aeabi_idivmod
</UL>
<BR>[Called By]<UL><LI><a href="#[73]">&gt;&gt;</a>&nbsp;&nbsp;&nbsp;BsrDina
<LI><a href="#[70]">&gt;&gt;</a>&nbsp;&nbsp;&nbsp;BsrDeon
</UL>

<P><STRONG><a name="[82]"></a>BsrIvan</STRONG> (Thumb, 130 bytes, Stack size 28 bytes, BsrAnn.o(i.BsrIvan))
<BR><BR>[Stack]<UL><LI>Max Depth = 28<LI>Call Chain = BsrIvan
</UL>
<BR>[Called By]<UL><LI><a href="#[79]">&gt;&gt;</a>&nbsp;&nbsp;&nbsp;BsrGreg
</UL>
<P>
<H3>
Undefined Global Symbols
</H3>
<P><STRONG><a name="[33]"></a>_call_atexit_fns</STRONG> (ARM, 0 bytes, Stack size 0 bytes, UNDEFINED)
<BR><BR>[Called By]<UL><LI><a href="#[2d]">&gt;&gt;</a>&nbsp;&nbsp;&nbsp;exit
</UL>
<HR></body></html>
