Component: ARM Compiler 5.06 update 5 (build 528) Tool: armlink [4d35e2]

==============================================================================

Small function inlining results

Inlined function __aeabi_idiv0 from aeabi_idiv0.o at offset 0x1e2 in aeabi_sdivfast.o(.text).
Inlined Instruction: BX       lr
Inlined function __aeabi_idiv0 from aeabi_idiv0.o at offset 0x1e2 in aeabi_sdivfast_div0.o(.text).
Inlined Instruction: BX       lr
Inlined function _platform_pre_stackheap_init from boardinit1.o at offset 0x0 in __rtentry2.o(.ARM.Collect$$rtentry$$00000001).
Inlined Instruction: BX       lr
Inlined function _fp_init from fpinit.o at offset 0x0 in libinit2.o(.ARM.Collect$$libinit$$00000001).
Inlined Instruction: BX       lr
Inlined function _platform_pre_lib_shutdown from boardshut.o at offset 0x0 in rtexit2.o(.ARM.Collect$$rtexit$$00000001).
Inlined Instruction: BX       lr
Inlined function __ARM_get_argv from no_argv.o at offset 0x2 in argv_veneer.o(.text).
Inlined Instruction: BX       lr
Inlined total of 6 calls.

==============================================================================

Section Cross References

    system_isd9100.o(i.SystemCoreClockUpdate) refers to aeabi_sdivfast.o(.text) for __aeabi_uidivmod
    system_isd9100.o(i.SystemCoreClockUpdate) refers to system_isd9100.o(.data) for .data
    startup_isd9100.o(STACK) refers (Special) to heapauxi.o(.text) for __use_two_region_memory
    startup_isd9100.o(HEAP) refers (Special) to heapauxi.o(.text) for __use_two_region_memory
    startup_isd9100.o(RESET) refers (Special) to heapauxi.o(.text) for __use_two_region_memory
    startup_isd9100.o(RESET) refers to startup_isd9100.o(STACK) for __initial_sp
    startup_isd9100.o(RESET) refers to startup_isd9100.o(.text) for Reset_Handler
    startup_isd9100.o(RESET) refers to main.o(i.GPAB_IRQHandler) for GPAB_IRQHandler
    startup_isd9100.o(RESET) refers to main.o(i.TMR0_IRQHandler) for TMR0_IRQHandler
    startup_isd9100.o(RESET) refers to interrupthandler.o(i.PDMA_IRQHandler) for PDMA_IRQHandler
    startup_isd9100.o(.text) refers (Special) to heapauxi.o(.text) for __use_two_region_memory
    startup_isd9100.o(.text) refers to __main.o(!!!main) for __main
    startup_isd9100.o(.text) refers to startup_isd9100.o(HEAP) for Heap_Mem
    startup_isd9100.o(.text) refers to startup_isd9100.o(STACK) for Stack_Mem
    main.o(i.ActiveVibrator) refers to timer.o(i.TIMER_Open) for TIMER_Open
    main.o(i.ActiveVibrator) refers to main.o(i.SetOutputPin) for SetOutputPin
    main.o(i.ActiveVibrator) refers to main.o(.data) for .data
    main.o(i.BioworldEncodeOutput) refers to main.o(i.__ARM_common_switch8) for __ARM_common_switch8
    main.o(i.BioworldEncodeOutput) refers to main.o(i.SetOutputPin) for SetOutputPin
    main.o(i.BioworldEncodeOutput) refers to clk.o(i.CLK_SysTickDelay) for CLK_SysTickDelay
    main.o(i.BioworldEncodeOutput) refers to main.o(.data) for .data
    main.o(i.GPAB_IRQHandler) refers to main.o(i.SetOutputPin) for SetOutputPin
    main.o(i.GPAB_IRQHandler) refers to main.o(i.Vibrate_SmartGlove) for Vibrate_SmartGlove
    main.o(i.GPAB_IRQHandler) refers to main.o(.data) for .data
    main.o(i.InitialGPIO) refers to gpio.o(i.GPIO_SetMode) for GPIO_SetMode
    main.o(i.InitialGPIO) refers to main.o(i.SetOutputPin) for SetOutputPin
    main.o(i.InitialGPIO) refers to gpio.o(i.GPIO_EnableInt) for GPIO_EnableInt
    main.o(i.SPIFlash_Initiate) refers to clk.o(i.CLK_EnableModuleClock) for CLK_EnableModuleClock
    main.o(i.SPIFlash_Initiate) refers to sys.o(i.SYS_ResetModule) for SYS_ResetModule
    main.o(i.SPIFlash_Initiate) refers to spiflash.o(i.SPIFlash_Open) for SPIFlash_Open
    main.o(i.SPIFlash_Initiate) refers to spiflash.o(i.SPIFlash_PowerDown) for SPIFlash_PowerDown
    main.o(i.SPIFlash_Initiate) refers to spiflash.o(i.SPIFlash_Read) for SPIFlash_Read
    main.o(i.SPIFlash_Initiate) refers to spiflash.o(i.SPIFlash_GetChipInfo) for SPIFlash_GetChipInfo
    main.o(i.SPIFlash_Initiate) refers to main.o(.bss) for .bss
    main.o(i.SYS_Init) refers to clk.o(i.CLK_EnableXtalRC) for CLK_EnableXtalRC
    main.o(i.SYS_Init) refers to clk.o(i.CLK_EnableLDO) for CLK_EnableLDO
    main.o(i.SYS_Init) refers to clk.o(i.CLK_EnableModuleClock) for CLK_EnableModuleClock
    main.o(i.TMR0_IRQHandler) refers to timer.o(i.TIMER_Close) for TIMER_Close
    main.o(i.TMR0_IRQHandler) refers to main.o(i.Vibrate_SmartGlove) for Vibrate_SmartGlove
    main.o(i.TMR0_IRQHandler) refers to main.o(.data) for .data
    main.o(i.Vibrate_SmartGlove) refers to main.o(i.SetOutputPin) for SetOutputPin
    main.o(i.Vibrate_SmartGlove) refers to main.o(i.ActiveVibrator) for ActiveVibrator
    main.o(i.Vibrate_SmartGlove) refers to main.o(.data) for .data
    main.o(i.main) refers to sys.o(i.SYS_Unlock) for SYS_Unlock
    main.o(i.main) refers to main.o(i.SYS_Init) for SYS_Init
[...]
    i.BsrGreg                                0x00002658   Section        0  BsrAnn.o(i.BsrGreg)
    i.BsrGuy                                 0x00002754   Section        0  BsrJim.o(i.BsrGuy)
    i.BsrHugo                                0x00002788   Section        0  BsrGuy.o(i.BsrHugo)
    i.BsrIris                                0x000027cc   Section        0  BsrGuy.o(i.BsrIris)
    i.BsrIrma                                0x00002804   Section        0  BsrGuy.o(i.BsrIrma)
    i.BsrIsai                                0x00002858   Section        0  BsrGuy.o(i.BsrIsai)
    i.BsrIvan                                0x00002874   Section        0  BsrAnn.o(i.BsrIvan)
    BsrIvan                                  0x00002875   Thumb Code   130  BsrAnn.o(i.BsrIvan)
    i.BsrIvy                                 0x000028fc   Section        0  BsrJim.o(i.BsrIvy)
    i.BsrJade                                0x00002964   Section        0  BsrJoy.o(i.BsrJade)
    BsrJade                                  0x00002965   Thumb Code   118  BsrJoy.o(i.BsrJade)
    i.BsrJami                                0x000029da   Section        0  BsrJoy.o(i.BsrJami)
    BsrJami                                  0x000029db   Thumb Code   116  BsrJoy.o(i.BsrJami)
    i.BsrJan                                 0x00002a4e   Section        0  BsrJim.o(i.BsrJan)
    i.BsrJana                                0x00002a68   Section        0  BsrJay.o(i.BsrJana)
    BsrJana                                  0x00002a69   Thumb Code    42  BsrJay.o(i.BsrJana)
    i.BsrJane                                0x00002a92   Section        0  BsrJay.o(i.BsrJane)
    BsrJane                                  0x00002a93   Thumb Code    26  BsrJay.o(i.BsrJane)
    i.BsrJanek                               0x00002aac   Section        0  BsrJay.o(i.BsrJanek)
    BsrJanek                                 0x00002aad   Thumb Code    94  BsrJay.o(i.BsrJanek)
    i.BsrJanelle                             0x00002b0a   Section        0  BsrJay.o(i.BsrJanelle)
    BsrJanelle                               0x00002b0b   Thumb Code   114  BsrJay.o(i.BsrJanelle)
    i.BsrJean                                0x00002b7c   Section        0  BsrJay.o(i.BsrJean)
    BsrJean                                  0x00002b7d   Thumb Code   158  BsrJay.o(i.BsrJean)
    i.BsrJeff                                0x00002c20   Section        0  BsrJay.o(i.BsrJeff)
    BsrJeff                                  0x00002c21   Thumb Code    74  BsrJay.o(i.BsrJeff)
    i.BsrJena                                0x00002c70   Section        0  BsrJay.o(i.BsrJena)
    BsrJena                                  0x00002c71   Thumb Code    30  BsrJay.o(i.BsrJena)
    i.BsrJeni                                0x00002c94   Section        0  BsrJay.o(i.BsrJeni)
    BsrJeni                                  0x00002c95   Thumb Code   294  BsrJay.o(i.BsrJeni)
    i.BsrJess                                0x00002dc0   Section        0  BsrKai.o(i.BsrJess)
    BsrJess                                  0x00002dc1   Thumb Code   110  BsrKai.o(i.BsrJess)
    i.BsrJill                                0x00002e2e   Section        0  BsrKai.o(i.BsrJill)
    BsrJill                                  0x00002e2f   Thumb Code   216  BsrKai.o(i.BsrJill)
    i.BsrJoan                                0x00002f06   Section        0  BsrKai.o(i.BsrJoan)
    BsrJoan                                  0x00002f07   Thumb Code   228  BsrKai.o(i.BsrJoan)
    i.BsrJodi                                0x00002fea   Section        0  BsrKai.o(i.BsrJodi)
    BsrJodi                                  0x00002feb   Thumb Code   128  BsrKai.o(i.BsrJodi)
    i.BsrJody                                0x0000306a   Section        0  BsrKai.o(i.BsrJody)
    BsrJody                                  0x0000306b   Thumb Code   132  BsrKai.o(i.BsrJody)
    i.BsrJoel                                0x000030f0   Section        0  BsrGo.o(i.BsrJoel)
    BsrJoel                                  0x000030f1   Thumb Code   326  BsrGo.o(i.BsrJoel)
    i.BsrJoey                                0x0000323c   Section        0  BsrGo.o(i.BsrJoey)
    BsrJoey                                  0x0000323d   Thumb Code    82  BsrGo.o(i.BsrJoey)
    i.BsrJohn                                0x0000328e   Section        0  BsrAli.o(i.BsrJohn)
    i.BsrJose                                0x000032a4   Section        0  BsrAli.o(i.BsrJose)
    i.BsrJosh                                0x000032c6   Section        0  BsrAli.o(i.BsrJosh)
    i.BsrJuanita                             0x00003308   Section        0  BsrEva.o(i.BsrJuanita)
    BsrJuanita                               0x00003309   Thumb Code    24  BsrEva.o(i.BsrJuanita)
    i.BsrJuanitez                            0x00003320   Section        0  BsrEva.o(i.BsrJuanitez)
    BsrJuanitez                              0x00003321   Thumb Code    24  BsrEva.o(i.BsrJuanitez)
    i.BsrLee                                 0x00003338   Section        0  BsrJim.o(i.BsrLee)
    i.BsrLei                                 0x0000334a   Section        0  BsrJim.o(i.BsrLei)
    i.BsrLuke                                0x0000335c   Section        0  CSpotterSDKApi.o(i.BsrLuke)
    BsrLuke                                  0x0000335d   Thumb Code    24  CSpotterSDKApi.o(i.BsrLuke)
    i.BsrLulu                                0x00003378   Section        0  CSpotterSDKApi.o(i.BsrLulu)
    BsrLulu                                  0x00003379   Thumb Code    28  CSpotterSDKApi.o(i.BsrLulu)
    i.BsrMaarav                              0x00003394   Section        0  BsrGo.o(i.BsrMaarav)
    BsrMaarav                                0x00003395   Thumb Code    58  BsrGo.o(i.BsrMaarav)
    i.BsrMabel                               0x000033d0   Section        0  BsrGo.o(i.BsrMabel)
    BsrMabel                                 0x000033d1   Thumb Code    82  BsrGo.o(i.BsrMabel)
    i.BsrMaxi                                0x00003428   Section        0  BsrJim.o(i.BsrMaxi)
    i.BsrMegan                               0x000034b0   Section        0  BsrJim.o(i.BsrMegan)
    BsrMegan                                 0x000034b1   Thumb Code   420  BsrJim.o(i.BsrMegan)
    i.BsrMelissa                             0x00003654   Section        0  BsrJim.o(i.BsrMelissa)
    BsrMelissa                               0x00003655   Thumb Code   134  BsrJim.o(i.BsrMelissa)
    i.BsrMia                                 0x000036da   Section        0  BsrKai.o(i.BsrMia)
    i.BsrMichael                             0x00003704   Section        0  BsrJim.o(i.BsrMichael)
    i.BsrMichelle                            0x00003856   Section        0  BsrJim.o(i.BsrMichelle)
    i.BsrMya                                 0x0000385e   Section        0  BsrKai.o(i.BsrMya)
    i.BsrNia                                 0x000038b8   Section        0  BsrKai.o(i.BsrNia)
    i.BsrRay                                 0x000038d6   Section        0  BsrKai.o(i.BsrRay)
    i.BsrRex                                 0x0000395e   Section        0  BsrKai.o(i.BsrRex)
    i.BsrRey                                 0x00003970   Section        0  BsrKai.o(i.BsrRey)
    i.BsrRon                                 0x00003980   Section        0  BsrKai.o(i.BsrRon)
    i.BsrRoy                                 0x000039e4   Section        0  BsrKai.o(i.BsrRoy)
    i.BsrTed                                 0x00003a0c   Section        0  BsrKai.o(i.BsrTed)
    i.BsrTia                                 0x00003a1c   Section        0  BsrKai.o(i.BsrTia)
    i.BsrTom                                 0x00003a62   Section        0  BsrKai.o(i.BsrTom)
    i.BsrTre                                 0x00003ade   Section        0  BsrKai.o(i.BsrTre)
    i.BsrZoe                                 0x00003af2   Section        0  BsrJoe.o(i.BsrZoe)
    i.CLK_DisableModuleClock                 0x00003af8   Section        0  clk.o(i.CLK_DisableModuleClock)
    i.CLK_EnableLDO                          0x00003b14   Section        0  clk.o(i.CLK_EnableLDO)
    i.CLK_EnableModuleClock                  0x00003b48   Section        0  clk.o(i.CLK_EnableModuleClock)
    i.CLK_EnableXtalRC                       0x00003b64   Section        0  clk.o(i.CLK_EnableXtalRC)
    i.CLK_SysTickDelay                       0x00003b80   Section        0  clk.o(i.CLK_SysTickDelay)
    i.CSpotter_AddSample                     0x00003ba4   Section        0  CSpotterSDKApi.o(i.CSpotter_AddSample)
    i.CSpotter_GetMemoryUsage_Multi          0x00003c04   Section        0  CSpotterSDKApi.o(i.CSpotter_GetMemoryUsage_Multi)
    i.CSpotter_GetMemoryUsage_MultiWithSpeaker 0x00003c10   Section        0  CSpotterSDKApi.o(i.CSpotter_GetMemoryUsage_MultiWithSpeaker)
    i.CSpotter_GetNumWord                    0x00003c90   Section        0  CSpotterSDKApi.o(i.CSpotter_GetNumWord)
    i.CSpotter_GetResult                     0x00003cc0   Section        0  CSpotterSDKApi.o(i.CSpotter_GetResult)
    i.CSpotter_GetResultEPD                  0x00003ce4   Section        0  CSpotterSDKApi.o(i.CSpotter_GetResultEPD)
    i.CSpotter_Init_Multi                    0x00003d28   Section        0  CSpotterSDKApi.o(i.CSpotter_Init_Multi)
    i.CSpotter_Release                       0x00003ea8   Section        0  CSpotterSDKApi.o(i.CSpotter_Release)
    i.CSpotter_Reset                         0x00003ed0   Section        0  CSpotterSDKApi.o(i.CSpotter_Reset)
    i.CSpotter_SetCmdResponseReward          0x00003f04   Section        0  CSpotterSDKApi.o(i.CSpotter_SetCmdResponseReward)
    i.CSpotter_SetResponseTime               0x00003f30   Section        0  CSpotterSDKApi.o(i.CSpotter_SetResponseTime)
    i.DoVR_create_multi                      0x00003f5c   Section        0  vr.o(i.DoVR_create_multi)
    i.DoVR_get_two_as_one                    0x00003fa8   Section        0  vr.o(i.DoVR_get_two_as_one)
    i.DoVR_two_as_one                        0x0000409c   Section        0  vr.o(i.DoVR_two_as_one)
    i.GPAB_IRQHandler                        0x00004140   Section        0  main.o(i.GPAB_IRQHandler)
    i.GPIO_EnableInt                         0x00004180   Section        0  gpio.o(i.GPIO_EnableInt)
    i.GPIO_SetMode                           0x0000419a   Section        0  gpio.o(i.GPIO_SetMode)
    i.InitialGPIO                            0x000041c4   Section        0  main.o(i.InitialGPIO)
    i.MIC_Close                              0x00004230   Section        0  micspk.o(i.MIC_Close)
    i.MIC_Open                               0x00004278   Section        0  micspk.o(i.MIC_Open)
    i.MIC_Start                              0x00004324   Section        0  micspk.o(i.MIC_Start)
    i.NINJA_API_1                            0x00004330   Section        0  BsrGo.o(i.NINJA_API_1)
    i.NINJA_API_11                           0x00004390   Section        0  BsrGo.o(i.NINJA_API_11)
    i.NINJA_API_13                           0x000044e6   Section        0  BsrGo.o(i.NINJA_API_13)
    i.NINJA_API_15                           0x000045bc   Section        0  BsrGo.o(i.NINJA_API_15)
    i.NINJA_API_16                           0x000045dc   Section        0  BsrGo.o(i.NINJA_API_16)
    i.NINJA_API_18                           0x000045fc   Section        0  BsrGo.o(i.NINJA_API_18)
    i.NINJA_API_19                           0x00004626   Section        0  BsrGo.o(i.NINJA_API_19)
    i.NINJA_API_2                            0x00004646   Section        0  BsrGo.o(i.NINJA_API_2)
    i.NINJA_API_23                           0x0000466e   Section        0  BsrGo.o(i.NINJA_API_23)
    i.NINJA_API_26                           0x00004692   Section        0  BsrGo.o(i.NINJA_API_26)
    i.NINJA_API_3                            0x000046c0   Section        0  BsrGo.o(i.NINJA_API_3)
    i.NINJA_API_31                           0x000046e0   Section        0  BsrGo.o(i.NINJA_API_31)
    i.NINJA_API_43                           0x000046ec   Section        0  BsrGo.o(i.NINJA_API_43)
    i.NINJA_API_47                           0x0000473e   Section        0  BsrGo.o(i.NINJA_API_47)
    i.NINJA_API_48                           0x000047a6   Section        0  BsrGo.o(i.NINJA_API_48)
    i.NINJA_API_55                           0x00004804   Section        0  BsrGo.o(i.NINJA_API_55)
    i.NINJA_API_56                           0x00004844   Section        0  BsrGo.o(i.NINJA_API_56)
    i.NINJA_API_57                           0x00004880   Section        0  BsrGo.o(i.NINJA_API_57)
    i.NINJA_API_8                            0x0000489c   Section        0  BsrGo.o(i.NINJA_API_8)
    i.NINJA_API_9                            0x00004960   Section        0  BsrGo.o(i.NINJA_API_9)
    i.PDMA_EnableInt                         0x00004c3c   Section        0  pdma.o(i.PDMA_EnableInt)
    i.PDMA_IRQHandler                        0x00004c50   Section        0  interrupthandler.o(i.PDMA_IRQHandler)
    i.PDMA_Open                              0x00004cf0   Section        0  pdma.o(i.PDMA_Open)
    i.PDMA_SetTransferAddr                   0x00004d00   Section        0  pdma.o(i.PDMA_SetTransferAddr)
    i.PDMA_SetTransferCnt                    0x00004d20   Section        0  pdma.o(i.PDMA_SetTransferCnt)
    i.PDMA_SetTransferDirection              0x00004d58   Section        0  pdma.o(i.PDMA_SetTransferDirection)
    i.PDMA_SetTransferMode                   0x00004d70   Section        0  pdma.o(i.PDMA_SetTransferMode)
    i.PDMA_Trigger                           0x00004e24   Section        0  pdma.o(i.PDMA_Trigger)
    i.PdmaCtrl_Close                         0x00004e3c   Section        0  pdmactrl.o(i.PdmaCtrl_Close)
    i.PdmaCtrl_Init                          0x00004e64   Section        0  pdmactrl.o(i.PdmaCtrl_Init)
    i.PdmaCtrl_Open                          0x00004e88   Section        0  pdmactrl.o(i.PdmaCtrl_Open)
    i.PdmaCtrl_Start                         0x00004f14   Section        0  pdmactrl.o(i.PdmaCtrl_Start)
    i.PdmaCtrl_Stop                          0x00004f3c   Section        0  pdmactrl.o(i.PdmaCtrl_Stop)
    i.SYS_Init                               0x00004f50   Section        0  main.o(i.SYS_Init)
    i.SYS_Lock                               0x00004f6c   Section        0  sys.o(i.SYS_Lock)
    i.SYS_ResetModule                        0x00004f7c   Section        0  sys.o(i.SYS_ResetModule)
    i.SYS_Unlock                             0x00004f98   Section        0  sys.o(i.SYS_Unlock)
    i.SetOutputPin                           0x00004fc4   Section        0  main.o(i.SetOutputPin)
    i.TIMER_Close                            0x00004fd8   Section        0  timer.o(i.TIMER_Close)
    i.TIMER_GetModuleClock                   0x00004fe0   Section        0  timer.o(i.TIMER_GetModuleClock)
    i.TIMER_Open                             0x00005038   Section        0  timer.o(i.TIMER_Open)
    i.TMR0_IRQHandler                        0x00005098   Section        0  main.o(i.TMR0_IRQHandler)
    i.UnpackBin                              0x000050e0   Section        0  main.o(i.UnpackBin)
    i.Vibrate_SmartGlove                     0x0000512c   Section        0  main.o(i.Vibrate_SmartGlove)
    i.Wave_CheckCpuOverload                  0x00005184   Section        0  waverecord.o(i.Wave_CheckCpuOverload)
    i.Wave_ClearCpuOverload                  0x00005190   Section        0  waverecord.o(i.Wave_ClearCpuOverload)
    i.Wave_GetSample                         0x0000519c   Section        0  waverecord.o(i.Wave_GetSample)
    i.Wave_StartRecord                       0x000051dc   Section        0  waverecord.o(i.Wave_StartRecord)
    i.Wave_StopRecord                        0x00005250   Section        0  waverecord.o(i.Wave_StopRecord)
    i.Wave_UnlockSample                      0x0000526c   Section        0  waverecord.o(i.Wave_UnlockSample)
    i.__ARM_common_switch8                   0x00005298   Section        0  main.o(i.__ARM_common_switch8)
    i.main                                   0x000052b2   Section        0  main.o(i.main)
    .constdata                               0x000052fc   Section       20  timer.o(.constdata)
    .constdata                               0x00005310   Section       68  micspk.o(.constdata)
    .constdata                               0x00005354   Section     2260  BsrGo.o(.constdata)
    BSR_1                                    0x00005354   Data          80  BsrGo.o(.constdata)
    BsrLori                                  0x000053a4   Data        2180  BsrGo.o(.constdata)
    .constdata                               0x00005c28   Section     2048  BsrBen.o(.constdata)
    BsrKade                                  0x00005c28   Data        2048  BsrBen.o(.constdata)
    .constdata                               0x00006428   Section      100  BsrEli.o(.constdata)
    BsrKory                                  0x00006428   Data         100  BsrEli.o(.constdata)
    .constdata                               0x0000648c   Section        9  BsrJoy.o(.constdata)
    BsrJudy                                  0x0000648c   Data           9  BsrJoy.o(.constdata)
    .constdata                               0x00006496   Section      644  BsrAna.o(.constdata)
    BsrKala                                  0x00006496   Data         644  BsrAna.o(.constdata)
    .constdata                               0x0000671a   Section     1028  BsrAnn.o(.constdata)
    BsrKira                                  0x0000671a   Data         258  BsrAnn.o(.constdata)
    BsrKirk                                  0x0000681c   Data         258  BsrAnn.o(.constdata)
    BsrKobe                                  0x0000691e   Data         512  BsrAnn.o(.constdata)
    .constdata                               0x00006b20   Section      512  BsrGuy.o(.constdata)
    BsrKyla                                  0x00006b20   Data         512  BsrGuy.o(.constdata)
    .data                                    0x20000000   Section       28  system_isd9100.o(.data)
    .data                                    0x2000001c   Section        8  main.o(.data)
    fixed_an_issue                           0x2000001f   Data           1  main.o(.data)
    music_playing                            0x20000020   Data           1  main.o(.data)
    phone_offhook                            0x20000021   Data           1  main.o(.data)
    .data                                    0x20000024   Section       20  waverecord.o(.data)
    .data                                    0x20000038   Section        4  vr.o(.data)
    .data                                    0x2000003c   Section       20  playspinuone.o(.data)
    .bss                                     0x20000050   Section    10240  overlapram.o(.bss)
    .bss                                     0x20002850   Section       64  vr.o(.bss)
    .bss                                     0x20002890   Section       96  libspace.o(.bss)
    HEAP                                     0x200028f0   Section      512  startup_isd9100.o(HEAP)
    Heap_Mem                                 0x200028f0   Data         512  startup_isd9100.o(HEAP)
    STACK                                    0x20002af0   Section     1024  startup_isd9100.o(STACK)
    Stack_Mem                                0x20002af0   Data        1024  startup_isd9100.o(STACK)
    __initial_sp                             0x20002ef0   Data           0  startup_isd9100.o(STACK)

    Global Symbols

    Symbol Name                              Value     Ov Type        Size  Object(Section)

    BuildAttributes$$THM_ISAv3M$S$PE$A:L22$X:L11$S22$IEEE1$IW$USESV6$~STKCKD$USESV7$~SHL$OTIME$ROPI$EBA8$UX$STANDARDLIB$REQ8$PRES8$EABIv2 0x00000000   Number         0  anon$$obj.o ABSOLUTE
    __ARM_use_no_argv                        0x00000000   Number         0  main.o ABSOLUTE
    __Vectors                                0x00000000   Data           4  startup_isd9100.o(RESET)
    _printf_flags                            0x00000000   Number         0  printf_stubs.o ABSOLUTE
    _printf_return_value                     0x00000000   Number         0  printf_stubs.o ABSOLUTE
    _printf_sizespec                         0x00000000   Number         0  printf_stubs.o ABSOLUTE
    _printf_widthprec                        0x00000000   Number         0  printf_stubs.o ABSOLUTE
    __ARM_exceptions_init                     - Undefined Weak Reference
    __alloca_initialize                       - Undefined Weak Reference
    __arm_preinit_                            - Undefined Weak Reference
    __cpp_initialize__aeabi_                  - Undefined Weak Reference
    __cxa_finalize                            - Undefined Weak Reference
    __rt_locale                               - Undefined Weak Reference
    __sigvec_lookup                           - Undefined Weak Reference
    _atexit_init                              - Undefined Weak Reference
    _call_atexit_fns                          - Undefined Weak Reference
    _clock_init                               - Undefined Weak Reference
    _fp_trap_init                             - Undefined Weak Reference
    _fp_trap_shutdown                         - Undefined Weak Reference
    _get_lc_collate                           - Undefined Weak Reference
    _get_lc_ctype                             - Undefined Weak Reference
    _get_lc_monetary                          - Undefined Weak Reference
    _get_lc_numeric                           - Undefined Weak Reference
    _get_lc_time                              - Undefined Weak Reference
    _getenv_init                              - Undefined Weak Reference
    _handle_redirection                       - Undefined Weak Reference
    _init_alloc                               - Undefined Weak Reference
    _init_user_alloc                          - Undefined Weak Reference
    _initio                                   - Undefined Weak Reference
    _printf_post_padding                      - Undefined Weak Reference
    _printf_pre_padding                       - Undefined Weak Reference
    _printf_truncate_unsigned                 - Undefined Weak Reference
    _rand_init                                - Undefined Weak Reference
    _signal_finish                            - Undefined Weak Reference
    _signal_init                              - Undefined Weak Reference
    _terminate_alloc                          - Undefined Weak Reference
    _terminate_user_alloc                     - Undefined Weak Reference
    _terminateio                              - Undefined Weak Reference
    __main                                   0x000000c1   Thumb Code     8  __main.o(!!!main)
    __scatterload                            0x000000c9   Thumb Code     0  __scatter.o(!!!scatter)
    __scatterload_rt2                        0x000000c9   Thumb Code    52  __scatter.o(!!!scatter)
    __scatterload_rt2_thumb_only             0x000000c9   Thumb Code     0  __scatter.o(!!!scatter)
    __scatterload_null                       0x000000d9   Thumb Code     0  __scatter.o(!!!scatter)
    __scatterload_copy                       0x00000105   Thumb Code    26  __scatter_copy.o(!!handler_copy)
    __scatterload_zeroinit                   0x00000121   Thumb Code    28  __scatter_zi.o(!!handler_zi)
    __rt_lib_init                            0x0000013d   Thumb Code     0  libinit.o(.ARM.Collect$$libinit$$00000000)
    __rt_lib_init_alloca_1                   0x0000013f   Thumb Code     0  libinit2.o(.ARM.Collect$$libinit$$0000002E)
    __rt_lib_init_argv_1                     0x0000013f   Thumb Code     0  libinit2.o(.ARM.Collect$$libinit$$0000002C)
    __rt_lib_init_atexit_1                   0x0000013f   Thumb Code     0  libinit2.o(.ARM.Collect$$libinit$$0000001B)
    __rt_lib_init_clock_1                    0x0000013f   Thumb Code     0  libinit2.o(.ARM.Collect$$libinit$$00000021)
    __rt_lib_init_cpp_1                      0x0000013f   Thumb Code     0  libinit2.o(.ARM.Collect$$libinit$$00000032)
    __rt_lib_init_exceptions_1               0x0000013f   Thumb Code     0  libinit2.o(.ARM.Collect$$libinit$$00000030)
    __rt_lib_init_fp_1                       0x0000013f   Thumb Code     0  libinit2.o(.ARM.Collect$$libinit$$00000002)
    __rt_lib_init_fp_trap_1                  0x0000013f   Thumb Code     0  libinit2.o(.ARM.Collect$$libinit$$0000001F)
    __rt_lib_init_getenv_1                   0x0000013f   Thumb Code     0  libinit2.o(.ARM.Collect$$libinit$$00000023)
    __rt_lib_init_heap_1                     0x0000013f   Thumb Code     0  libinit2.o(.ARM.Collect$$libinit$$0000000A)
    __rt_lib_init_lc_collate_1               0x0000013f   Thumb Code     0  libinit2.o(.ARM.Collect$$libinit$$00000011)
    __rt_lib_init_lc_ctype_1                 0x0000013f   Thumb Code     0  libinit2.o(.ARM.Collect$$libinit$$00000013)
    __rt_lib_init_lc_monetary_1              0x0000013f   Thumb Code     0  libinit2.o(.ARM.Collect$$libinit$$00000015)
    __rt_lib_init_lc_numeric_1               0x0000013f   Thumb Code     0  libinit2.o(.ARM.Collect$$libinit$$00000017)
    __rt_lib_init_lc_time_1                  0x0000013f   Thumb Code     0  libinit2.o(.ARM.Collect$$libinit$$00000019)
    __rt_lib_init_preinit_1                  0x0000013f   Thumb Code     0  libinit2.o(.ARM.Collect$$libinit$$00000004)
    __rt_lib_init_rand_1                     0x0000013f   Thumb Code     0  libinit2.o(.ARM.Collect$$libinit$$0000000E)
    __rt_lib_init_return                     0x0000013f   Thumb Code     0  libinit2.o(.ARM.Collect$$libinit$$00000033)
    __rt_lib_init_signal_1                   0x0000013f   Thumb Code     0  libinit2.o(.ARM.Collect$$libinit$$0000001D)
    __rt_lib_init_stdio_1                    0x0000013f   Thumb Code     0  libinit2.o(.ARM.Collect$$libinit$$00000025)
    __rt_lib_init_user_alloc_1               0x0000013f   Thumb Code     0  libinit2.o(.ARM.Collect$$libinit$$0000000C)
    __rt_lib_shutdown                        0x00000141   Thumb Code     0  libshutdown.o(.ARM.Collect$$libshutdown$$00000000)
    __rt_lib_shutdown_cpp_1                  0x00000143   Thumb Code     0  libshutdown2.o(.ARM.Collect$$libshutdown$$00000002)
    __rt_lib_shutdown_fp_trap_1              0x00000143   Thumb Code     0  libshutdown2.o(.ARM.Collect$$libshutdown$$00000007)
    __rt_lib_shutdown_heap_1                 0x00000143   Thumb Code     0  libshutdown2.o(.ARM.Collect$$libshutdown$$0000000F)
    __rt_lib_shutdown_return                 0x00000143   Thumb Code     0  libshutdown2.o(.ARM.Collect$$libshutdown$$00000010)
    __rt_lib_shutdown_signal_1               0x00000143   Thumb Code     0  libshutdown2.o(.ARM.Collect$$libshutdown$$0000000A)
    __rt_lib_shutdown_stdio_1                0x00000143   Thumb Code     0  libshutdown2.o(.ARM.Collect$$libshutdown$$00000004)
    __rt_lib_shutdown_user_alloc_1           0x00000143   Thumb Code     0  libshutdown2.o(.ARM.Collect$$libshutdown$$0000000C)
    __rt_entry                               0x00000145   Thumb Code     0  __rtentry.o(.ARM.Collect$$rtentry$$00000000)
    __rt_entry_presh_1                       0x00000145   Thumb Code     0  __rtentry2.o(.ARM.Collect$$rtentry$$00000002)
    __rt_entry_sh                            0x00000145   Thumb Code     0  __rtentry4.o(.ARM.Collect$$rtentry$$00000004)
    __rt_entry_li                            0x0000014b   Thumb Code     0  __rtentry2.o(.ARM.Collect$$rtentry$$0000000A)
    __rt_entry_postsh_1                      0x0000014b   Thumb Code     0  __rtentry2.o(.ARM.Collect$$rtentry$$00000009)
    __rt_entry_main                          0x0000014f   Thumb Code     0  __rtentry2.o(.ARM.Collect$$rtentry$$0000000D)
    __rt_entry_postli_1                      0x0000014f   Thumb Code     0  __rtentry2.o(.ARM.Collect$$rtentry$$0000000C)
    __rt_exit                                0x00000157   Thumb Code     0  rtexit.o(.ARM.Collect$$rtexit$$00000000)
    __rt_exit_ls                             0x00000159   Thumb Code     0  rtexit2.o(.ARM.Collect$$rtexit$$00000003)
    __rt_exit_prels_1                        0x00000159   Thumb Code     0  rtexit2.o(.ARM.Collect$$rtexit$$00000002)
    __rt_exit_exit                           0x0000015d   Thumb Code     0  rtexit2.o(.ARM.Collect$$rtexit$$00000004)
    __aeabi_memcpy4                          0x00000165   Thumb Code    56  rt_memcpy.o(.emb_text)
    __aeabi_memcpy8                          0x00000165   Thumb Code     0  rt_memcpy.o(.emb_text)
    Reset_Handler                            0x0000019d   Thumb Code    28  startup_isd9100.o(.text)
    NMI_Handler                              0x000001b9   Thumb Code     2  startup_isd9100.o(.text)
    HardFault_Handler                        0x000001bb   Thumb Code     2  startup_isd9100.o(.text)
    SVC_Handler                              0x000001bd   Thumb Code     2  startup_isd9100.o(.text)
    PendSV_Handler                           0x000001bf   Thumb Code     2  startup_isd9100.o(.text)
    SysTick_Handler                          0x000001c1   Thumb Code     2  startup_isd9100.o(.text)
    ACMP_IRQHandler                          0x000001c3   Thumb Code     0  startup_isd9100.o(.text)
    ADC_IRQHandler                           0x000001c3   Thumb Code     0  startup_isd9100.o(.text)
    ALC_IRQHandler                           0x000001c3   Thumb Code     0  startup_isd9100.o(.text)
    BOD_IRQHandler                           0x000001c3   Thumb Code     0  startup_isd9100.o(.text)
    CAPS_IRQHandler                          0x000001c3   Thumb Code     0  startup_isd9100.o(.text)
    EINT0_IRQHandler                         0x000001c3   Thumb Code     0  startup_isd9100.o(.text)
    EINT1_IRQHandler                         0x000001c3   Thumb Code     0  startup_isd9100.o(.text)
    I2C0_IRQHandler                          0x000001c3   Thumb Code     0  startup_isd9100.o(.text)
    I2S_IRQHandler                           0x000001c3   Thumb Code     0  startup_isd9100.o(.text)
    PWM0_IRQHandler                          0x000001c3   Thumb Code     0  startup_isd9100.o(.text)
    RTC_IRQHandler                           0x000001c3   Thumb Code     0  startup_isd9100.o(.text)
    SPI0_IRQHandler                          0x000001c3   Thumb Code     0  startup_isd9100.o(.text)
    TALARM_IRQHandler                        0x000001c3   Thumb Code     0  startup_isd9100.o(.text)
    TMR1_IRQHandler                          0x000001c3   Thumb Code     0  startup_isd9100.o(.text)
    UART0_IRQHandler                         0x000001c3   Thumb Code     0  startup_isd9100.o(.text)
    WDT_IRQHandler                           0x000001c3   Thumb Code     0  startup_isd9100.o(.text)
    __user_initial_stackheap                 0x000001c5   Thumb Code     0  startup_isd9100.o(.text)
    __aeabi_uidiv                            0x000001fd   Thumb Code     0  aeabi_sdivfast.o(.text)
    __aeabi_uidivmod                         0x000001fd   Thumb Code    28  aeabi_sdivfast.o(.text)
    __aeabi_idiv                             0x00000219   Thumb Code     0  aeabi_sdivfast.o(.text)
    __aeabi_idivmod                          0x00000219   Thumb Code   460  aeabi_sdivfast.o(.text)
    __use_two_region_memory                  0x000003e5   Thumb Code     2  heapauxi.o(.text)
    __rt_heap_escrow$2region                 0x000003e7   Thumb Code     2  heapauxi.o(.text)
    __rt_heap_expand$2region                 0x000003e9   Thumb Code     2  heapauxi.o(.text)
    __user_setup_stackheap                   0x000003eb   Thumb Code    62  sys_stackheap_outer.o(.text)
    exit                                     0x00000429   Thumb Code    16  exit.o(.text)
    __user_libspace                          0x00000439   Thumb Code     8  libspace.o(.text)
    __user_perproc_libspace                  0x00000439   Thumb Code     0  libspace.o(.text)
    __user_perthread_libspace                0x00000439   Thumb Code     0  libspace.o(.text)
    _sys_exit                                0x00000441   Thumb Code     8  sys_exit.o(.text)
    __I$use$semihosting                      0x0000044d   Thumb Code     0  use_no_semi.o(.text)
    __use_no_semihosting_swi                 0x0000044d   Thumb Code     2  use_no_semi.o(.text)
    ADC_Close                                0x0000044f   Thumb Code     2  adc.o(i.ADC_Close)
    __semihosting_library_function           0x0000044f   Thumb Code     0  indicate_semi.o(.text)
    ADC_DisableInt                           0x00000451   Thumb Code    54  adc.o(i.ADC_DisableInt)
    ADC_DisableMICBias                       0x00000491   Thumb Code    10  adc.o(i.ADC_DisableMICBias)
    ADC_EnableMICBias                        0x000004a1   Thumb Code    12  adc.o(i.ADC_EnableMICBias)
    ADC_Open                                 0x000004b1   Thumb Code     2  adc.o(i.ADC_Open)
    ADC_SetAMUX                              0x000004b5   Thumb Code    72  adc.o(i.ADC_SetAMUX)
    ADC_SetPGAGaindB                         0x00000505   Thumb Code    46  adc.o(i.ADC_SetPGAGaindB)
    ActiveVibrator                           0x00000541   Thumb Code    70  main.o(i.ActiveVibrator)
    BIQ_Reset                                0x000005c9   Thumb Code    22  biq.o(i.BIQ_Reset)
    BIQ_SetCoeff                             0x000005e5   Thumb Code    62  biq.o(i.BIQ_SetCoeff)
    BioworldEncodeOutput                     0x00000629   Thumb Code   400  main.o(i.BioworldEncodeOutput)
    BsrAbby                                  0x000007c9   Thumb Code    44  BsrJoe.o(i.BsrAbby)
    BsrAbel                                  0x000007f5   Thumb Code   120  BsrJoe.o(i.BsrAbel)
    BsrAdam                                  0x0000086d   Thumb Code   192  BsrJoe.o(i.BsrAdam)
    BsrAlma                                  0x0000092d   Thumb Code   224  BsrDon.o(i.BsrAlma)
    BsrAmir                                  0x00000a0d   Thumb Code    26  BsrDon.o(i.BsrAmir)
    BsrAmos                                  0x00000a27   Thumb Code   282  BsrDon.o(i.BsrAmos)
    BsrAna                                   0x00000b41   Thumb Code    58  BsrJim.o(i.BsrAna)
    BsrAnn                                   0x00000b7b   Thumb Code   336  BsrJim.o(i.BsrAnn)
    BsrAnna                                  0x00000ccb   Thumb Code    38  BsrDon.o(i.BsrAnna)
    BsrAnne                                  0x00000cf1   Thumb Code    24  BsrDon.o(i.BsrAnne)
    BsrAnnie                                 0x00000d09   Thumb Code    28  BsrDon.o(i.BsrAnnie)
    BsrAri                                   0x00000d25   Thumb Code   108  BsrJim.o(i.BsrAri)
    BsrAsa                                   0x00000d95   Thumb Code   208  BsrJim.o(i.BsrAsa)
    BsrAve                                   0x00000e69   Thumb Code   104  BsrJim.o(i.BsrAve)
    BsrAyla                                  0x00000ed1   Thumb Code    26  BsrDon.o(i.BsrAyla)
    BsrBaby                                  0x00000eeb   Thumb Code    14  BsrDon.o(i.BsrBaby)
    BsrBen                                   0x00000ef9   Thumb Code   140  BsrJim.o(i.BsrBen)
    BsrBrad                                  0x00000f85   Thumb Code    56  BsrBen.o(i.BsrBrad)
    BsrBret                                  0x00000fc1   Thumb Code   288  BsrJay.o(i.BsrBret)
    BsrCade                                  0x000010e9   Thumb Code   348  BsrJay.o(i.BsrCade)
    BsrCale                                  0x00001249   Thumb Code    28  BsrJay.o(i.BsrCale)
    BsrCara                                  0x00001265   Thumb Code   636  BsrJay.o(i.BsrCara)
    BsrChad                                  0x000014e5   Thumb Code   146  BsrJay.o(i.BsrChad)
    BsrChaz                                  0x0000157d   Thumb Code   160  BsrJay.o(i.BsrChaz)
    BsrChaza                                 0x00001621   Thumb Code   110  BsrJay.o(i.BsrChaza)
    BsrChazi                                 0x00001695   Thumb Code   202  BsrJay.o(i.BsrChazi)
    BsrClay                                  0x00001761   Thumb Code   702  BsrJay.o(i.BsrClay)
    BsrCory                                  0x00001a25   Thumb Code   350  BsrJoy.o(i.BsrCory)
    BsrCoty                                  0x00001b89   Thumb Code    30  BsrJoy.o(i.BsrCoty)
    BsrDale                                  0x00001ba7   Thumb Code    18  BsrJoy.o(i.BsrDale)
    BsrDan                                   0x00001bb9   Thumb Code    76  BsrJim.o(i.BsrDan)
    BsrDane                                  0x00001c09   Thumb Code     8  BsrJoy.o(i.BsrDane)
    BsrDawn                                  0x00001c11   Thumb Code     8  BsrJoy.o(i.BsrDawn)
    BsrDeja                                  0x00001c19   Thumb Code    72  BsrJoy.o(i.BsrDeja)
    BsrDemi                                  0x00001c61   Thumb Code   170  BsrJoy.o(i.BsrDemi)
    BsrDeon                                  0x00001d15   Thumb Code   206  BsrJoy.o(i.BsrDeon)
    BsrDina                                  0x00001de3   Thumb Code   248  BsrJoy.o(i.BsrDina)
    BsrDion                                  0x00001edd   Thumb Code   116  BsrJoy.o(i.BsrDion)
    BsrEden                                  0x00001f55   Thumb Code   286  BsrEva.o(i.BsrEden)
    BsrEli                                   0x00002079   Thumb Code    86  BsrJim.o(i.BsrEli)
    BsrElla                                  0x000020d1   Thumb Code   330  BsrEva.o(i.BsrElla)
    BsrElsa                                  0x00002221   Thumb Code   244  BsrEva.o(i.BsrElsa)
    BsrEmma                                  0x00002319   Thumb Code   128  BsrEli.o(i.BsrEmma)
    BsrEric                                  0x0000239d   Thumb Code    58  BsrEli.o(i.BsrEric)
    BsrErica                                 0x000023d9   Thumb Code   196  BsrEli.o(i.BsrErica)
    BsrErik                                  0x000024a5   Thumb Code    46  BsrEli.o(i.BsrErik)
    BsrErin                                  0x000024d3   Thumb Code   216  BsrEli.o(i.BsrErin)
    BsrEva                                   0x000025ab   Thumb Code    36  BsrJim.o(i.BsrEva)
    BsrEvan                                  0x000025cf   Thumb Code    36  BsrEli.o(i.BsrEvan)
    BsrGary                                  0x000025f5   Thumb Code    96  BsrAna.o(i.BsrGary)
    BsrGreg                                  0x00002659   Thumb Code   248  BsrAnn.o(i.BsrGreg)
    BsrGuy                                   0x00002755   Thumb Code    52  BsrJim.o(i.BsrGuy)
    BsrHugo                                  0x00002789   Thumb Code    64  BsrGuy.o(i.BsrHugo)
    BsrIris                                  0x000027cd   Thumb Code    56  BsrGuy.o(i.BsrIris)
    BsrIrma                                  0x00002805   Thumb Code    80  BsrGuy.o(i.BsrIrma)
    BsrIsai                                  0x00002859   Thumb Code    26  BsrGuy.o(i.BsrIsai)
    BsrIvy                                   0x000028fd   Thumb Code   104  BsrJim.o(i.BsrIvy)
    BsrJan                                   0x00002a4f   Thumb Code    26  BsrJim.o(i.BsrJan)
    BsrJohn                                  0x0000328f   Thumb Code    22  BsrAli.o(i.BsrJohn)
    BsrJose                                  0x000032a5   Thumb Code    34  BsrAli.o(i.BsrJose)
    BsrJosh                                  0x000032c7   Thumb Code    66  BsrAli.o(i.BsrJosh)
    BsrLee                                   0x00003339   Thumb Code    18  BsrJim.o(i.BsrLee)
    BsrLei                                   0x0000334b   Thumb Code    18  BsrJim.o(i.BsrLei)
    BsrMaxi                                  0x00003429   Thumb Code   136  BsrJim.o(i.BsrMaxi)
    BsrMia                                   0x000036db   Thumb Code    42  BsrKai.o(i.BsrMia)
    BsrMichael                               0x00003705   Thumb Code   338  BsrJim.o(i.BsrMichael)
    BsrMichelle                              0x00003857   Thumb Code     8  BsrJim.o(i.BsrMichelle)
    BsrMya                                   0x0000385f   Thumb Code    90  BsrKai.o(i.BsrMya)
    BsrNia                                   0x000038b9   Thumb Code    30  BsrKai.o(i.BsrNia)
    BsrRay                                   0x000038d7   Thumb Code   136  BsrKai.o(i.BsrRay)
    BsrRex                                   0x0000395f   Thumb Code    18  BsrKai.o(i.BsrRex)
    BsrRey                                   0x00003971   Thumb Code    16  BsrKai.o(i.BsrRey)
    BsrRon                                   0x00003981   Thumb Code   100  BsrKai.o(i.BsrRon)
    BsrRoy                                   0x000039e5   Thumb Code    40  BsrKai.o(i.BsrRoy)
    BsrTed                                   0x00003a0d   Thumb Code    16  BsrKai.o(i.BsrTed)
    BsrTia                                   0x00003a1d   Thumb Code    70  BsrKai.o(i.BsrTia)
    BsrTom                                   0x00003a63   Thumb Code   124  BsrKai.o(i.BsrTom)
    BsrTre                                   0x00003adf   Thumb Code    20  BsrKai.o(i.BsrTre)
    BsrZoe                                   0x00003af3   Thumb Code     4  BsrJoe.o(i.BsrZoe)
    CLK_DisableModuleClock                   0x00003af9   Thumb Code    24  clk.o(i.CLK_DisableModuleClock)
    CLK_EnableLDO                            0x00003b15   Thumb Code    44  clk.o(i.CLK_EnableLDO)
    CLK_EnableModuleClock                    0x00003b49   Thumb Code    24  clk.o(i.CLK_EnableModuleClock)
    CLK_EnableXtalRC                         0x00003b65   Thumb Code    22  clk.o(i.CLK_EnableXtalRC)
    CLK_SysTickDelay                         0x00003b81   Thumb Code    26  clk.o(i.CLK_SysTickDelay)
    CSpotter_AddSample                       0x00003ba5   Thumb Code    86  CSpotterSDKApi.o(i.CSpotter_AddSample)
    CSpotter_GetMemoryUsage_Multi            0x00003c05   Thumb Code    12  CSpotterSDKApi.o(i.CSpotter_GetMemoryUsage_Multi)
    CSpotter_GetMemoryUsage_MultiWithSpeaker 0x00003c11   Thumb Code   124  CSpotterSDKApi.o(i.CSpotter_GetMemoryUsage_MultiWithSpeaker)
    CSpotter_GetNumWord                      0x00003c91   Thumb Code    36  CSpotterSDKApi.o(i.CSpotter_GetNumWord)
    CSpotter_GetResult                       0x00003cc1   Thumb Code    30  CSpotterSDKApi.o(i.CSpotter_GetResult)
    CSpotter_GetResultEPD                    0x00003ce5   Thumb Code    64  CSpotterSDKApi.o(i.CSpotter_GetResultEPD)
    CSpotter_Init_Multi                      0x00003d29   Thumb Code   376  CSpotterSDKApi.o(i.CSpotter_Init_Multi)
    CSpotter_Release                         0x00003ea9   Thumb Code    36  CSpotterSDKApi.o(i.CSpotter_Release)
    CSpotter_Reset                           0x00003ed1   Thumb Code    42  CSpotterSDKApi.o(i.CSpotter_Reset)
    CSpotter_SetCmdResponseReward            0x00003f05   Thumb Code    40  CSpotterSDKApi.o(i.CSpotter_SetCmdResponseReward)
    CSpotter_SetResponseTime                 0x00003f31   Thumb Code    40  CSpotterSDKApi.o(i.CSpotter_SetResponseTime)
    DoVR_create_multi                        0x00003f5d   Thumb Code    64  vr.o(i.DoVR_create_multi)
    DoVR_get_two_as_one                      0x00003fa9   Thumb Code   244  vr.o(i.DoVR_get_two_as_one)
    DoVR_two_as_one                          0x0000409d   Thumb Code   162  vr.o(i.DoVR_two_as_one)
    GPAB_IRQHandler                          0x00004141   Thumb Code    54  main.o(i.GPAB_IRQHandler)
    GPIO_EnableInt                           0x00004181   Thumb Code    26  gpio.o(i.GPIO_EnableInt)
    GPIO_SetMode                             0x0000419b   Thumb Code    40  gpio.o(i.GPIO_SetMode)
    InitialGPIO                              0x000041c5   Thumb Code    90  main.o(i.InitialGPIO)
    MIC_Close                                0x00004231   Thumb Code    58  micspk.o(i.MIC_Close)
    MIC_Open                                 0x00004279   Thumb Code   144  micspk.o(i.MIC_Open)
    MIC_Start                                0x00004325   Thumb Code     8  micspk.o(i.MIC_Start)
    NINJA_API_1                              0x00004331   Thumb Code    96  BsrGo.o(i.NINJA_API_1)
    NINJA_API_11                             0x00004391   Thumb Code   342  BsrGo.o(i.NINJA_API_11)
    NINJA_API_13                             0x000044e7   Thumb Code   214  BsrGo.o(i.NINJA_API_13)
    NINJA_API_15                             0x000045bd   Thumb Code    32  BsrGo.o(i.NINJA_API_15)
    NINJA_API_16                             0x000045dd   Thumb Code    32  BsrGo.o(i.NINJA_API_16)
    NINJA_API_18                             0x000045fd   Thumb Code    42  BsrGo.o(i.NINJA_API_18)
    NINJA_API_19                             0x00004627   Thumb Code    32  BsrGo.o(i.NINJA_API_19)
    NINJA_API_2                              0x00004647   Thumb Code    40  BsrGo.o(i.NINJA_API_2)
    NINJA_API_23                             0x0000466f   Thumb Code    36  BsrGo.o(i.NINJA_API_23)
    NINJA_API_26                             0x00004693   Thumb Code    46  BsrGo.o(i.NINJA_API_26)
    NINJA_API_3                              0x000046c1   Thumb Code    32  BsrGo.o(i.NINJA_API_3)
    NINJA_API_31                             0x000046e1   Thumb Code    12  BsrGo.o(i.NINJA_API_31)
    NINJA_API_43                             0x000046ed   Thumb Code    82  BsrGo.o(i.NINJA_API_43)
    NINJA_API_47                             0x0000473f   Thumb Code   104  BsrGo.o(i.NINJA_API_47)
    NINJA_API_48                             0x000047a7   Thumb Code    94  BsrGo.o(i.NINJA_API_48)
    NINJA_API_55                             0x00004805   Thumb Code    64  BsrGo.o(i.NINJA_API_55)
    NINJA_API_56                             0x00004845   Thumb Code    60  BsrGo.o(i.NINJA_API_56)
    NINJA_API_57                             0x00004881   Thumb Code    26  BsrGo.o(i.NINJA_API_57)
    NINJA_API_8                              0x0000489d   Thumb Code   190  BsrGo.o(i.NINJA_API_8)
    NINJA_API_9                              0x00004961   Thumb Code   726  BsrGo.o(i.NINJA_API_9)
    PDMA_EnableInt                           0x00004c3d   Thumb Code    14  pdma.o(i.PDMA_EnableInt)
    PDMA_IRQHandler                          0x00004c51   Thumb Code   116  interrupthandler.o(i.PDMA_IRQHandler)
    PDMA_Open                                0x00004cf1   Thumb Code    12  pdma.o(i.PDMA_Open)
    PDMA_SetTransferAddr                     0x00004d01   Thumb Code    28  pdma.o(i.PDMA_SetTransferAddr)
    PDMA_SetTransferCnt                      0x00004d21   Thumb Code    52  pdma.o(i.PDMA_SetTransferCnt)
    PDMA_SetTransferDirection                0x00004d59   Thumb Code    18  pdma.o(i.PDMA_SetTransferDirection)
    PDMA_SetTransferMode                     0x00004d71   Thumb Code   176  pdma.o(i.PDMA_SetTransferMode)
    PDMA_Trigger                             0x00004e25   Thumb Code    16  pdma.o(i.PDMA_Trigger)
    PdmaCtrl_Close                           0x00004e3d   Thumb Code    30  pdmactrl.o(i.PdmaCtrl_Close)
    PdmaCtrl_Init                            0x00004e65   Thumb Code    28  pdmactrl.o(i.PdmaCtrl_Init)
    PdmaCtrl_Open                            0x00004e89   Thumb Code   132  pdmactrl.o(i.PdmaCtrl_Open)
    PdmaCtrl_Start                           0x00004f15   Thumb Code    36  pdmactrl.o(i.PdmaCtrl_Start)
    PdmaCtrl_Stop                            0x00004f3d   Thumb Code    16  pdmactrl.o(i.PdmaCtrl_Stop)
    SYS_Init                                 0x00004f51   Thumb Code    22  main.o(i.SYS_Init)
    SYS_Lock                                 0x00004f6d   Thumb Code    12  sys.o(i.SYS_Lock)
    SYS_ResetModule                          0x00004f7d   Thumb Code    26  sys.o(i.SYS_ResetModule)
    SYS_Unlock                               0x00004f99   Thumb Code    38  sys.o(i.SYS_Unlock)
    SetOutputPin                             0x00004fc5   Thumb Code    20  main.o(i.SetOutputPin)
    TIMER_Close                              0x00004fd9   Thumb Code     6  timer.o(i.TIMER_Close)
    TIMER_GetModuleClock                     0x00004fe1   Thumb Code    70  timer.o(i.TIMER_GetModuleClock)
    TIMER_Open                               0x00005039   Thumb Code    96  timer.o(i.TIMER_Open)
    TMR0_IRQHandler                          0x00005099   Thumb Code    64  main.o(i.TMR0_IRQHandler)
    UnpackBin                                0x000050e1   Thumb Code    70  main.o(i.UnpackBin)
    Vibrate_SmartGlove                       0x0000512d   Thumb Code    74  main.o(i.Vibrate_SmartGlove)
    Wave_CheckCpuOverload                    0x00005185   Thumb Code     6  waverecord.o(i.Wave_CheckCpuOverload)
    Wave_ClearCpuOverload                    0x00005191   Thumb Code     8  waverecord.o(i.Wave_ClearCpuOverload)
    Wave_GetSample                           0x0000519d   Thumb Code    50  waverecord.o(i.Wave_GetSample)
    Wave_StartRecord                         0x000051dd   Thumb Code    90  waverecord.o(i.Wave_StartRecord)
    Wave_StopRecord                          0x00005251   Thumb Code    24  waverecord.o(i.Wave_StopRecord)
    Wave_UnlockSample                        0x0000526d   Thumb Code    32  waverecord.o(i.Wave_UnlockSample)
    __ARM_common_switch8                     0x00005299   Thumb Code    26  main.o(i.__ARM_common_switch8)
    main                                     0x000052b3   Thumb Code    72  main.o(i.main)
    g_u32BiqCoeff                            0x00005318   Data          60  micspk.o(.constdata)
    Region$$Table$$Base                      0x00006d20   Number         0  anon$$obj.o(Region$$Table)
    Region$$Table$$Limit                     0x00006d40   Number         0  anon$$obj.o(Region$$Table)
    SystemCoreClock                          0x20000000   Data           4  system_isd9100.o(.data)
    CyclesPerUs                              0x20000004   Data           4  system_isd9100.o(.data)
    gau32HiRCSrcTbl                          0x20000008   Data           8  system_isd9100.o(.data)
    gau32ClkSrcTbl                           0x20000010   Data          12  system_isd9100.o(.data)
    Motor_control_bit                        0x2000001c   Data           1  main.o(.data)
    vibrator_On                              0x2000001d   Data           1  main.o(.data)
    timer_open                               0x2000001e   Data           1  main.o(.data)
    u8Counter                                0x20000022   Data           2  main.o(.data)
    g_nCallbackCounter                       0x20000024   Data           4  waverecord.o(.data)
    g_bCpuOverload                           0x20000028   Data           4  waverecord.o(.data)
    g_bRecordStart                           0x2000002c   Data           4  waverecord.o(.data)
    g_bBlockReady                            0x20000030   Data           8  waverecord.o(.data)
    nMemSize                                 0x20000038   Data           4  vr.o(.data)
    bPCMPlaying                              0x2000003c   Data           1  playspinuone.o(.data)
    bBufferEmpty                             0x2000003d   Data           1  playspinuone.o(.data)
    bLastOneBuffer                           0x2000003e   Data           1  playspinuone.o(.data)
    u8TotalAudioNum                          0x2000003f   Data           1  playspinuone.o(.data)
    u16SampleRate                            0x20000040   Data           2  playspinuone.o(.data)
    PDMA1CallBackCount                       0x20000044   Data           4  playspinuone.o(.data)
    sAudioChunkInfo                          0x20000048   Data           8  playspinuone.o(.data)
    overlapMem                               0x20000050   Data       10240  overlapram.o(.bss)
    lpbyState                                0x20002850   Data          64  vr.o(.bss)
    __libspace_start                         0x20002890   Data          96  libspace.o(.bss)
    __temporary_stack_top$libspace           0x200028f0   Data           0  libspace.o(.bss)



==============================================================================

Memory Map of the image

  Image Entry point : 0x0000019d

  Load Region LR_1 (Base: 0x00000000, Size: 0x00006d90, Max: 0xffffffff, ABSOLUTE)

    Execution Region ER_RO (Exec base: 0x00000000, Load base: 0x00000000, Size: 0x00006d40, Max: 0xffffffff, ABSOLUTE)

    Exec Addr    Load Addr    Size         Type   Attr      Idx    E Section Name        Object

    0x00000000   0x00000000   0x000000c0   Data   RO          119    RESET               startup_isd9100.o
    0x000000c0   0x000000c0   0x00000008   Code   RO         2718  * !!!main             c_p.l(__main.o)
    0x000000c8   0x000000c8   0x0000003c   Code   RO         2899    !!!scatter          c_p.l(__scatter.o)
    0x00000104   0x00000104   0x0000001a   Code   RO         2901    !!handler_copy      c_p.l(__scatter_copy.o)
    0x0000011e   0x0000011e   0x00000002   PAD
    0x00000120   0x00000120   0x0000001c   Code   RO         2903    !!handler_zi        c_p.l(__scatter_zi.o)
    0x0000013c   0x0000013c   0x00000002   Code   RO         2770    .ARM.Collect$$libinit$$00000000  c_p.l(libinit.o)
    0x0000013e   0x0000013e   0x00000000   Code   RO         2784    .ARM.Collect$$libinit$$00000002  c_p.l(libinit2.o)
    0x0000013e   0x0000013e   0x00000000   Code   RO         2786    .ARM.Collect$$libinit$$00000004  c_p.l(libinit2.o)
    0x0000013e   0x0000013e   0x00000000   Code   RO         2789    .ARM.Collect$$libinit$$0000000A  c_p.l(libinit2.o)
    0x0000013e   0x0000013e   0x00000000   Code   RO         2791    .ARM.Collect$$libinit$$0000000C  c_p.l(libinit2.o)
    0x0000013e   0x0000013e   0x00000000   Code   RO         2793    .ARM.Collect$$libinit$$0000000E  c_p.l(libinit2.o)
    0x0000013e   0x0000013e   0x00000000   Code   RO         2796    .ARM.Collect$$libinit$$00000011  c_p.l(libinit2.o)
    0x0000013e   0x0000013e   0x00000000   Code   RO         2798    .ARM.Collect$$libinit$$00000013  c_p.l(libinit2.o)
    0x0000013e   0x0000013e   0x00000000   Code   RO         2800    .ARM.Collect$$libinit$$00000015  c_p.l(libinit2.o)
    0x0000013e   0x0000013e   0x00000000   Code   RO         2802    .ARM.Collect$$libinit$$00000017  c_p.l(libinit2.o)
    0x0000013e   0x0000013e   0x00000000   Code   RO         2804    .ARM.Collect$$libinit$$00000019  c_p.l(libinit2.o)
    0x0000013e   0x0000013e   0x00000000   Code   RO         2806    .ARM.Collect$$libinit$$0000001B  c_p.l(libinit2.o)
    0x0000013e   0x0000013e   0x00000000   Code   RO         2808    .ARM.Collect$$libinit$$0000001D  c_p.l(libinit2.o)
    0x0000013e   0x0000013e   0x00000000   Code   RO         2810    .ARM.Collect$$libinit$$0000001F  c_p.l(libinit2.o)
    0x0000013e   0x0000013e   0x00000000   Code   RO         2812    .ARM.Collect$$libinit$$00000021  c_p.l(libinit2.o)
    0x0000013e   0x0000013e   0x00000000   Code   RO         2814    .ARM.Collect$$libinit$$00000023  c_p.l(libinit2.o)
    0x0000013e   0x0000013e   0x00000000   Code   RO         2816    .ARM.Collect$$libinit$$00000025  c_p.l(libinit2.o)
    0x0000013e   0x0000013e   0x00000000   Code   RO         2820    .ARM.Collect$$libinit$$0000002C  c_p.l(libinit2.o)
    0x0000013e   0x0000013e   0x00000000   Code   RO         2822    .ARM.Collect$$libinit$$0000002E  c_p.l(libinit2.o)
    0x0000013e   0x0000013e   0x00000000   Code   RO         2824    .ARM.Collect$$libinit$$00000030  c_p.l(libinit2.o)
    0x0000013e   0x0000013e   0x00000000   Code   RO         2826    .ARM.Collect$$libinit$$00000032  c_p.l(libinit2.o)
    0x0000013e   0x0000013e   0x00000002   Code   RO         2827    .ARM.Collect$$libinit$$00000033  c_p.l(libinit2.o)
    0x00000140   0x00000140   0x00000002   Code   RO         2856    .ARM.Collect$$libshutdown$$00000000  c_p.l(libshutdown.o)
    0x00000142   0x00000142   0x00000000   Code   RO         2882    .ARM.Collect$$libshutdown$$00000002  c_p.l(libshutdown2.o)
    0x00000142   0x00000142   0x00000000   Code   RO         2884    .ARM.Collect$$libshutdown$$00000004  c_p.l(libshutdown2.o)
    0x00000142   0x00000142   0x00000000   Code   RO         2887    .ARM.Collect$$libshutdown$$00000007  c_p.l(libshutdown2.o)
    0x00000142   0x00000142   0x00000000   Code   RO         2890    .ARM.Collect$$libshutdown$$0000000A  c_p.l(libshutdown2.o)
    0x00000142   0x00000142   0x00000000   Code   RO         2892    .ARM.Collect$$libshutdown$$0000000C  c_p.l(libshutdown2.o)
    0x00000142   0x00000142   0x00000000   Code   RO         2895    .ARM.Collect$$libshutdown$$0000000F  c_p.l(libshutdown2.o)
    0x00000142   0x00000142   0x00000002   Code   RO         2896    .ARM.Collect$$libshutdown$$00000010  c_p.l(libshutdown2.o)
    0x00000144   0x00000144   0x00000000   Code   RO         2724    .ARM.Collect$$rtentry$$00000000  c_p.l(__rtentry.o)
    0x00000144   0x00000144   0x00000000   Code   RO         2736    .ARM.Collect$$rtentry$$00000002  c_p.l(__rtentry2.o)
    0x00000144   0x00000144   0x00000006   Code   RO         2748    .ARM.Collect$$rtentry$$00000004  c_p.l(__rtentry4.o)
    0x0000014a   0x0000014a   0x00000000   Code   RO         2738    .ARM.Collect$$rtentry$$00000009  c_p.l(__rtentry2.o)
    0x0000014a   0x0000014a   0x00000004   Code   RO         2739    .ARM.Collect$$rtentry$$0000000A  c_p.l(__rtentry2.o)
    0x0000014e   0x0000014e   0x00000000   Code   RO         2741    .ARM.Collect$$rtentry$$0000000C  c_p.l(__rtentry2.o)
    0x0000014e   0x0000014e   0x00000008   Code   RO         2742    .ARM.Collect$$rtentry$$0000000D  c_p.l(__rtentry2.o)
    0x00000156   0x00000156   0x00000002   Code   RO         2775    .ARM.Collect$$rtexit$$00000000  c_p.l(rtexit.o)
    0x00000158   0x00000158   0x00000000   Code   RO         2831    .ARM.Collect$$rtexit$$00000002  c_p.l(rtexit2.o)
    0x00000158   0x00000158   0x00000004   Code   RO         2832    .ARM.Collect$$rtexit$$00000003  c_p.l(rtexit2.o)
    0x0000015c   0x0000015c   0x00000006   Code   RO         2833    .ARM.Collect$$rtexit$$00000004  c_p.l(rtexit2.o)
    0x00000162   0x00000162   0x00000002   PAD
    0x00000164   0x00000164   0x00000038   Code   RO         2708    .emb_text           c_p.l(rt_memcpy.o)
    0x0000019c   0x0000019c   0x00000060   Code   RO          120  * .text               startup_isd9100.o
    0x000001fc   0x000001fc   0x000001e8   Code   RO         2712    .text               c_p.l(aeabi_sdivfast.o)
    0x000003e4   0x000003e4   0x00000006   Code   RO         2716    .text               c_p.l(heapauxi.o)
    0x000003ea   0x000003ea   0x0000003e   Code   RO         2754    .text               c_p.l(sys_stackheap_outer.o)
    0x00000428   0x00000428   0x00000010   Code   RO         2759    .text               c_p.l(exit.o)
    0x00000438   0x00000438   0x00000008   Code   RO         2771    .text               c_p.l(libspace.o)
    0x00000440   0x00000440   0x0000000c   Code   RO         2828    .text               c_p.l(sys_exit.o)
    0x0000044c   0x0000044c   0x00000002   Code   RO         2845    .text               c_p.l(use_no_semi.o)
    0x0000044e   0x0000044e   0x00000000   Code   RO         2847    .text               c_p.l(indicate_semi.o)
    0x0000044e   0x0000044e   0x00000002   Code   RO          492    i.ADC_Close         adc.o
    0x00000450   0x00000450   0x00000040   Code   RO          493    i.ADC_DisableInt    adc.o
    0x00000490   0x00000490   0x00000010   Code   RO          494    i.ADC_DisableMICBias  adc.o
    0x000004a0   0x000004a0   0x00000010   Code   RO          496    i.ADC_EnableMICBias  adc.o
    0x000004b0   0x000004b0   0x00000002   Code   RO          500    i.ADC_Open          adc.o
    0x000004b2   0x000004b2   0x00000002   PAD
    0x000004b4   0x000004b4   0x00000050   Code   RO          504    i.ADC_SetAMUX       adc.o
    0x00000504   0x00000504   0x0000003c   Code   RO          506    i.ADC_SetPGAGaindB  adc.o
    0x00000540   0x00000540   0x00000058   Code   RO          126    i.ActiveVibrator    main.o
    0x00000598   0x00000598   0x00000030   Code   RO         1551    i.BIQFilter_Setting  micspk.o
    0x000005c8   0x000005c8   0x0000001c   Code   RO          601    i.BIQ_Reset         biq.o
    0x000005e4   0x000005e4   0x00000044   Code   RO          602    i.BIQ_SetCoeff      biq.o
    0x00000628   0x00000628   0x000001a0   Code   RO          127    i.BioworldEncodeOutput  main.o
    0x000007c8   0x000007c8   0x0000002c   Code   RO         2431    i.BsrAbby           libCSpotterSDK_16k24d_ISD9xxC_arm-cm0.lib(BsrJoe.o)
    0x000007f4   0x000007f4   0x00000078   Code   RO         2432    i.BsrAbel           libCSpotterSDK_16k24d_ISD9xxC_arm-cm0.lib(BsrJoe.o)
    0x0000086c   0x0000086c   0x000000c0   Code   RO         2433    i.BsrAdam           libCSpotterSDK_16k24d_ISD9xxC_arm-cm0.lib(BsrJoe.o)
    0x0000092c   0x0000092c   0x000000e0   Code   RO         2313    i.BsrAlma           libCSpotterSDK_16k24d_ISD9xxC_arm-cm0.lib(BsrDon.o)
    0x00000a0c   0x00000a0c   0x0000001a   Code   RO         2314    i.BsrAmir           libCSpotterSDK_16k24d_ISD9xxC_arm-cm0.lib(BsrDon.o)
    0x00000a26   0x00000a26   0x0000011a   Code   RO         2315    i.BsrAmos           libCSpotterSDK_16k24d_ISD9xxC_arm-cm0.lib(BsrDon.o)
    0x00000b40   0x00000b40   0x0000003a   Code   RO         2348    i.BsrAna            libCSpotterSDK_16k24d_ISD9xxC_arm-cm0.lib(BsrJim.o)
    0x00000b7a   0x00000b7a   0x00000150   Code   RO         2349    i.BsrAnn            libCSpotterSDK_16k24d_ISD9xxC_arm-cm0.lib(BsrJim.o)
    0x00000cca   0x00000cca   0x00000026   Code   RO         2317    i.BsrAnna           libCSpotterSDK_16k24d_ISD9xxC_arm-cm0.lib(BsrDon.o)
    0x00000cf0   0x00000cf0   0x00000018   Code   RO         2318    i.BsrAnne           libCSpotterSDK_16k24d_ISD9xxC_arm-cm0.lib(BsrDon.o)
    0x00000d08   0x00000d08   0x0000001c   Code   RO         2319    i.BsrAnnie          libCSpotterSDK_16k24d_ISD9xxC_arm-cm0.lib(BsrDon.o)
    0x00000d24   0x00000d24   0x00000070   Code   RO         2350    i.BsrAri            libCSpotterSDK_16k24d_ISD9xxC_arm-cm0.lib(BsrJim.o)
    0x00000d94   0x00000d94   0x000000d4   Code   RO         2351    i.BsrAsa            libCSpotterSDK_16k24d_ISD9xxC_arm-cm0.lib(BsrJim.o)
    0x00000e68   0x00000e68   0x00000068   Code   RO         2353    i.BsrAve            libCSpotterSDK_16k24d_ISD9xxC_arm-cm0.lib(BsrJim.o)
    0x00000ed0   0x00000ed0   0x0000001a   Code   RO         2325    i.BsrAyla           libCSpotterSDK_16k24d_ISD9xxC_arm-cm0.lib(BsrDon.o)
    0x00000eea   0x00000eea   0x0000000e   Code   RO         2326    i.BsrBaby           libCSpotterSDK_16k24d_ISD9xxC_arm-cm0.lib(BsrDon.o)
    0x00000ef8   0x00000ef8   0x0000008c   Code   RO         2354    i.BsrBen            libCSpotterSDK_16k24d_ISD9xxC_arm-cm0.lib(BsrJim.o)
    0x00000f84   0x00000f84   0x0000003c   Code   RO         2310    i.BsrBrad           libCSpotterSDK_16k24d_ISD9xxC_arm-cm0.lib(BsrBen.o)
    0x00000fc0   0x00000fc0   0x00000128   Code   RO         2563    i.BsrBret           libCSpotterSDK_16k24d_ISD9xxC_arm-cm0.lib(BsrJay.o)
    0x000010e8   0x000010e8   0x00000160   Code   RO         2564    i.BsrCade           libCSpotterSDK_16k24d_ISD9xxC_arm-cm0.lib(BsrJay.o)
    0x00001248   0x00001248   0x0000001c   Code   RO         2565    i.BsrCale           libCSpotterSDK_16k24d_ISD9xxC_arm-cm0.lib(BsrJay.o)
    0x00001264   0x00001264   0x00000280   Code   RO         2566    i.BsrCara           libCSpotterSDK_16k24d_ISD9xxC_arm-cm0.lib(BsrJay.o)
    0x000014e4   0x000014e4   0x00000098   Code   RO         2567    i.BsrChad           libCSpotterSDK_16k24d_ISD9xxC_arm-cm0.lib(BsrJay.o)
    0x0000157c   0x0000157c   0x000000a4   Code   RO         2568    i.BsrChaz           libCSpotterSDK_16k24d_ISD9xxC_arm-cm0.lib(BsrJay.o)
    0x00001620   0x00001620   0x00000074   Code   RO         2569    i.BsrChaza          libCSpotterSDK_16k24d_ISD9xxC_arm-cm0.lib(BsrJay.o)
    0x00001694   0x00001694   0x000000ca   Code   RO         2570    i.BsrChazi          libCSpotterSDK_16k24d_ISD9xxC_arm-cm0.lib(BsrJay.o)
    0x0000175e   0x0000175e   0x00000002   PAD
    0x00001760   0x00001760   0x000002c4   Code   RO         2571    i.BsrClay           libCSpotterSDK_16k24d_ISD9xxC_arm-cm0.lib(BsrJay.o)
    0x00001a24   0x00001a24   0x00000164   Code   RO         2597    i.BsrCory           libCSpotterSDK_16k24d_ISD9xxC_arm-cm0.lib(BsrJoy.o)
    0x00001b88   0x00001b88   0x0000001e   Code   RO         2598    i.BsrCoty           libCSpotterSDK_16k24d_ISD9xxC_arm-cm0.lib(BsrJoy.o)
    0x00001ba6   0x00001ba6   0x00000012   Code   RO         2600    i.BsrDale           libCSpotterSDK_16k24d_ISD9xxC_arm-cm0.lib(BsrJoy.o)
    0x00001bb8   0x00001bb8   0x00000050   Code   RO         2356    i.BsrDan            libCSpotterSDK_16k24d_ISD9xxC_arm-cm0.lib(BsrJim.o)
    0x00001c08   0x00001c08   0x00000008   Code   RO         2602    i.BsrDane           libCSpotterSDK_16k24d_ISD9xxC_arm-cm0.lib(BsrJoy.o)
    0x00001c10   0x00001c10   0x00000008   Code   RO         2604    i.BsrDawn           libCSpotterSDK_16k24d_ISD9xxC_arm-cm0.lib(BsrJoy.o)
    0x00001c18   0x00001c18   0x00000048   Code   RO         2605    i.BsrDeja           libCSpotterSDK_16k24d_ISD9xxC_arm-cm0.lib(BsrJoy.o)
    0x00001c60   0x00001c60   0x000000b4   Code   RO         2606    i.BsrDemi           libCSpotterSDK_16k24d_ISD9xxC_arm-cm0.lib(BsrJoy.o)
    0x00001d14   0x00001d14   0x000000ce   Code   RO         2607    i.BsrDeon           libCSpotterSDK_16k24d_ISD9xxC_arm-cm0.lib(BsrJoy.o)
    0x00001de2   0x00001de2   0x000000f8   Code   RO         2608    i.BsrDina           libCSpotterSDK_16k24d_ISD9xxC_arm-cm0.lib(BsrJoy.o)
    0x00001eda   0x00001eda   0x00000002   PAD
    0x00001edc   0x00001edc   0x00000078   Code   RO         2609    i.BsrDion           libCSpotterSDK_16k24d_ISD9xxC_arm-cm0.lib(BsrJoy.o)
    0x00001f54   0x00001f54   0x00000124   Code   RO         2553    i.BsrEden           libCSpotterSDK_16k24d_ISD9xxC_arm-cm0.lib(BsrEva.o)
    0x00002078   0x00002078   0x00000056   Code   RO         2358    i.BsrEli            libCSpotterSDK_16k24d_ISD9xxC_arm-cm0.lib(BsrJim.o)
    0x000020ce   0x000020ce   0x00000002   PAD
    0x000020d0   0x000020d0   0x00000150   Code   RO         2554    i.BsrElla           libCSpotterSDK_16k24d_ISD9xxC_arm-cm0.lib(BsrEva.o)
    0x00002220   0x00002220   0x000000f8   Code   RO         2555    i.BsrElsa           libCSpotterSDK_16k24d_ISD9xxC_arm-cm0.lib(BsrEva.o)
    0x00002318   0x00002318   0x00000084   Code   RO         2540    i.BsrEmma           libCSpotterSDK_16k24d_ISD9xxC_arm-cm0.lib(BsrEli.o)
    0x0000239c   0x0000239c   0x0000003a   Code   RO         2541    i.BsrEric           libCSpotterSDK_16k24d_ISD9xxC_arm-cm0.lib(BsrEli.o)
    0x000023d6   0x000023d6   0x00000002   PAD
    0x000023d8   0x000023d8   0x000000cc   Code   RO         2542    i.BsrErica          libCSpotterSDK_16k24d_ISD9xxC_arm-cm0.lib(BsrEli.o)
    0x000024a4   0x000024a4   0x0000002e   Code   RO         2543    i.BsrErik           libCSpotterSDK_16k24d_ISD9xxC_arm-cm0.lib(BsrEli.o)
    0x000024d2   0x000024d2   0x000000d8   Code   RO         2544    i.BsrErin           libCSpotterSDK_16k24d_ISD9xxC_arm-cm0.lib(BsrEli.o)
    0x000025aa   0x000025aa   0x00000024   Code   RO         2359    i.BsrEva            libCSpotterSDK_16k24d_ISD9xxC_arm-cm0.lib(BsrJim.o)
    0x000025ce   0x000025ce   0x00000024   Code   RO         2545    i.BsrEvan           libCSpotterSDK_16k24d_ISD9xxC_arm-cm0.lib(BsrEli.o)
    0x000025f2   0x000025f2   0x00000002   PAD
    0x000025f4   0x000025f4   0x00000064   Code   RO         2630    i.BsrGary           libCSpotterSDK_16k24d_ISD9xxC_arm-cm0.lib(BsrAna.o)
    0x00002658   0x00002658   0x000000fc   Code   RO         2635    i.BsrGreg           libCSpotterSDK_16k24d_ISD9xxC_arm-cm0.lib(BsrAnn.o)
    0x00002754   0x00002754   0x00000034   Code   RO         2361    i.BsrGuy            libCSpotterSDK_16k24d_ISD9xxC_arm-cm0.lib(BsrJim.o)
    0x00002788   0x00002788   0x00000044   Code   RO         2646    i.BsrHugo           libCSpotterSDK_16k24d_ISD9xxC_arm-cm0.lib(BsrGuy.o)
    0x000027cc   0x000027cc   0x00000038   Code   RO         2647    i.BsrIris           libCSpotterSDK_16k24d_ISD9xxC_arm-cm0.lib(BsrGuy.o)
    0x00002804   0x00002804   0x00000054   Code   RO         2648    i.BsrIrma           libCSpotterSDK_16k24d_ISD9xxC_arm-cm0.lib(BsrGuy.o)
    0x00002858   0x00002858   0x0000001a   Code   RO         2649    i.BsrIsai           libCSpotterSDK_16k24d_ISD9xxC_arm-cm0.lib(BsrGuy.o)
    0x00002872   0x00002872   0x00000002   PAD
    0x00002874   0x00002874   0x00000088   Code   RO         2639    i.BsrIvan           libCSpotterSDK_16k24d_ISD9xxC_arm-cm0.lib(BsrAnn.o)
    0x000028fc   0x000028fc   0x00000068   Code   RO         2363    i.BsrIvy            libCSpotterSDK_16k24d_ISD9xxC_arm-cm0.lib(BsrJim.o)
    0x00002964   0x00002964   0x00000076   Code   RO         2611    i.BsrJade           libCSpotterSDK_16k24d_ISD9xxC_arm-cm0.lib(BsrJoy.o)
    0x000029da   0x000029da   0x00000074   Code   RO         2612    i.BsrJami           libCSpotterSDK_16k24d_ISD9xxC_arm-cm0.lib(BsrJoy.o)
    0x00002a4e   0x00002a4e   0x0000001a   Code   RO         2364    i.BsrJan            libCSpotterSDK_16k24d_ISD9xxC_arm-cm0.lib(BsrJim.o)
    0x00002a68   0x00002a68   0x0000002a   Code   RO         2572    i.BsrJana           libCSpotterSDK_16k24d_ISD9xxC_arm-cm0.lib(BsrJay.o)
    0x00002a92   0x00002a92   0x0000001a   Code   RO         2573    i.BsrJane           libCSpotterSDK_16k24d_ISD9xxC_arm-cm0.lib(BsrJay.o)
    0x00002aac   0x00002aac   0x0000005e   Code   RO         2574    i.BsrJanek          libCSpotterSDK_16k24d_ISD9xxC_arm-cm0.lib(BsrJay.o)
    0x00002b0a   0x00002b0a   0x00000072   Code   RO         2575    i.BsrJanelle        libCSpotterSDK_16k24d_ISD9xxC_arm-cm0.lib(BsrJay.o)
    0x00002b7c   0x00002b7c   0x000000a4   Code   RO         2576    i.BsrJean           libCSpotterSDK_16k24d_ISD9xxC_arm-cm0.lib(BsrJay.o)
    0x00002c20   0x00002c20   0x00000050   Code   RO         2577    i.BsrJeff           libCSpotterSDK_16k24d_ISD9xxC_arm-cm0.lib(BsrJay.o)
    0x00002c70   0x00002c70   0x00000024   Code   RO         2578    i.BsrJena           libCSpotterSDK_16k24d_ISD9xxC_arm-cm0.lib(BsrJay.o)
    0x00002c94   0x00002c94   0x0000012c   Code   RO         2579    i.BsrJeni           libCSpotterSDK_16k24d_ISD9xxC_arm-cm0.lib(BsrJay.o)
    0x00002dc0   0x00002dc0   0x0000006e   Code   RO         2447    i.BsrJess           libCSpotterSDK_16k24d_ISD9xxC_arm-cm0.lib(BsrKai.o)
    0x00002e2e   0x00002e2e   0x000000d8   Code   RO         2448    i.BsrJill           libCSpotterSDK_16k24d_ISD9xxC_arm-cm0.lib(BsrKai.o)
    0x00002f06   0x00002f06   0x000000e4   Code   RO         2449    i.BsrJoan           libCSpotterSDK_16k24d_ISD9xxC_arm-cm0.lib(BsrKai.o)
    0x00002fea   0x00002fea   0x00000080   Code   RO         2450    i.BsrJodi           libCSpotterSDK_16k24d_ISD9xxC_arm-cm0.lib(BsrKai.o)
    0x0000306a   0x0000306a   0x00000084   Code   RO         2451    i.BsrJody           libCSpotterSDK_16k24d_ISD9xxC_arm-cm0.lib(BsrKai.o)
    0x000030ee   0x000030ee   0x00000002   PAD
    0x000030f0   0x000030f0   0x0000014c   Code   RO         2045    i.BsrJoel           libCSpotterSDK_16k24d_ISD9xxC_arm-cm0.lib(BsrGo.o)
    0x0000323c   0x0000323c   0x00000052   Code   RO         2046    i.BsrJoey           libCSpotterSDK_16k24d_ISD9xxC_arm-cm0.lib(BsrGo.o)
    0x0000328e   0x0000328e   0x00000016   Code   RO         2037    i.BsrJohn           libCSpotterSDK_16k24d_ISD9xxC_arm-cm0.lib(BsrAli.o)
    0x000032a4   0x000032a4   0x00000022   Code   RO         2038    i.BsrJose           libCSpotterSDK_16k24d_ISD9xxC_arm-cm0.lib(BsrAli.o)
    0x000032c6   0x000032c6   0x00000042   Code   RO         2039    i.BsrJosh           libCSpotterSDK_16k24d_ISD9xxC_arm-cm0.lib(BsrAli.o)
    0x00003308   0x00003308   0x00000018   Code   RO         2556    i.BsrJuanita        libCSpotterSDK_16k24d_ISD9xxC_arm-cm0.lib(BsrEva.o)
    0x00003320   0x00003320   0x00000018   Code   RO         2557    i.BsrJuanitez       libCSpotterSDK_16k24d_ISD9xxC_arm-cm0.lib(BsrEva.o)
    0x00003338   0x00003338   0x00000012   Code   RO         2373    i.BsrLee            libCSpotterSDK_16k24d_ISD9xxC_arm-cm0.lib(BsrJim.o)
    0x0000334a   0x0000334a   0x00000012   Code   RO         2374    i.BsrLei            libCSpotterSDK_16k24d_ISD9xxC_arm-cm0.lib(BsrJim.o)
    0x0000335c   0x0000335c   0x0000001c   Code   RO         1795    i.BsrLuke           libCSpotterSDK_16k24d_ISD9xxC_arm-cm0.lib(CSpotterSDKApi.o)
    0x00003378   0x00003378   0x0000001c   Code   RO         1796    i.BsrLulu           libCSpotterSDK_16k24d_ISD9xxC_arm-cm0.lib(CSpotterSDKApi.o)
    0x00003394   0x00003394   0x0000003a   Code   RO         2047    i.BsrMaarav         libCSpotterSDK_16k24d_ISD9xxC_arm-cm0.lib(BsrGo.o)
    0x000033ce   0x000033ce   0x00000002   PAD
    0x000033d0   0x000033d0   0x00000058   Code   RO         2048    i.BsrMabel          libCSpotterSDK_16k24d_ISD9xxC_arm-cm0.lib(BsrGo.o)
    0x00003428   0x00003428   0x00000088   Code   RO         2379    i.BsrMaxi           libCSpotterSDK_16k24d_ISD9xxC_arm-cm0.lib(BsrJim.o)
    0x000034b0   0x000034b0   0x000001a4   Code   RO         2380    i.BsrMegan          libCSpotterSDK_16k24d_ISD9xxC_arm-cm0.lib(BsrJim.o)
    0x00003654   0x00003654   0x00000086   Code   RO         2381    i.BsrMelissa        libCSpotterSDK_16k24d_ISD9xxC_arm-cm0.lib(BsrJim.o)
    0x000036da   0x000036da   0x0000002a   Code   RO         2452    i.BsrMia            libCSpotterSDK_16k24d_ISD9xxC_arm-cm0.lib(BsrKai.o)
    0x00003704   0x00003704   0x00000152   Code   RO         2382    i.BsrMichael        libCSpotterSDK_16k24d_ISD9xxC_arm-cm0.lib(BsrJim.o)
    0x00003856   0x00003856   0x00000008   Code   RO         2383    i.BsrMichelle       libCSpotterSDK_16k24d_ISD9xxC_arm-cm0.lib(BsrJim.o)
    0x0000385e   0x0000385e   0x0000005a   Code   RO         2453    i.BsrMya            libCSpotterSDK_16k24d_ISD9xxC_arm-cm0.lib(BsrKai.o)
    0x000038b8   0x000038b8   0x0000001e   Code   RO         2454    i.BsrNia            libCSpotterSDK_16k24d_ISD9xxC_arm-cm0.lib(BsrKai.o)
    0x000038d6   0x000038d6   0x00000088   Code   RO         2457    i.BsrRay            libCSpotterSDK_16k24d_ISD9xxC_arm-cm0.lib(BsrKai.o)
    0x0000395e   0x0000395e   0x00000012   Code   RO         2458    i.BsrRex            libCSpotterSDK_16k24d_ISD9xxC_arm-cm0.lib(BsrKai.o)
    0x00003970   0x00003970   0x00000010   Code   RO         2459    i.BsrRey            libCSpotterSDK_16k24d_ISD9xxC_arm-cm0.lib(BsrKai.o)
    0x00003980   0x00003980   0x00000064   Code   RO         2460    i.BsrRon            libCSpotterSDK_16k24d_ISD9xxC_arm-cm0.lib(BsrKai.o)
    0x000039e4   0x000039e4   0x00000028   Code   RO         2461    i.BsrRoy            libCSpotterSDK_16k24d_ISD9xxC_arm-cm0.lib(BsrKai.o)
    0x00003a0c   0x00003a0c   0x00000010   Code   RO         2462    i.BsrTed            libCSpotterSDK_16k24d_ISD9xxC_arm-cm0.lib(BsrKai.o)
    0x00003a1c   0x00003a1c   0x00000046   Code   RO         2463    i.BsrTia            libCSpotterSDK_16k24d_ISD9xxC_arm-cm0.lib(BsrKai.o)
    0x00003a62   0x00003a62   0x0000007c   Code   RO         2464    i.BsrTom            libCSpotterSDK_16k24d_ISD9xxC_arm-cm0.lib(BsrKai.o)
    0x00003ade   0x00003ade   0x00000014   Code   RO         2465    i.BsrTre            libCSpotterSDK_16k24d_ISD9xxC_arm-cm0.lib(BsrKai.o)
    0x00003af2   0x00003af2   0x00000004   Code   RO         2438    i.BsrZoe            libCSpotterSDK_16k24d_ISD9xxC_arm-cm0.lib(BsrJoe.o)
    0x00003af6   0x00003af6   0x00000002   PAD
    0x00003af8   0x00003af8   0x0000001c   Code   RO          630    i.CLK_DisableModuleClock  clk.o
    0x00003b14   0x00003b14   0x00000034   Code   RO          632    i.CLK_EnableLDO     clk.o
    0x00003b48   0x00003b48   0x0000001c   Code   RO          633    i.CLK_EnableModuleClock  clk.o
    0x00003b64   0x00003b64   0x0000001c   Code   RO          634    i.CLK_EnableXtalRC  clk.o
    0x00003b80   0x00003b80   0x00000024   Code   RO          643    i.CLK_SysTickDelay  clk.o
    0x00003ba4   0x00003ba4   0x00000060   Code   RO         1797    i.CSpotter_AddSample  libCSpotterSDK_16k24d_ISD9xxC_arm-cm0.lib(CSpotterSDKApi.o)
    0x00003c04   0x00003c04   0x0000000c   Code   RO         1798    i.CSpotter_GetMemoryUsage_Multi  libCSpotterSDK_16k24d_ISD9xxC_arm-cm0.lib(CSpotterSDKApi.o)
    0x00003c10   0x00003c10   0x00000080   Code   RO         1799    i.CSpotter_GetMemoryUsage_MultiWithSpeaker  libCSpotterSDK_16k24d_ISD9xxC_arm-cm0.lib(CSpotterSDKApi.o)
    0x00003c90   0x00003c90   0x00000030   Code   RO         1803    i.CSpotter_GetNumWord  libCSpotterSDK_16k24d_ISD9xxC_arm-cm0.lib(CSpotterSDKApi.o)
    0x00003cc0   0x00003cc0   0x00000024   Code   RO         1804    i.CSpotter_GetResult  libCSpotterSDK_16k24d_ISD9xxC_arm-cm0.lib(CSpotterSDKApi.o)
    0x00003ce4   0x00003ce4   0x00000044   Code   RO         1806    i.CSpotter_GetResultEPD  libCSpotterSDK_16k24d_ISD9xxC_arm-cm0.lib(CSpotterSDKApi.o)
    0x00003d28   0x00003d28   0x00000180   Code   RO         1810    i.CSpotter_Init_Multi  libCSpotterSDK_16k24d_ISD9xxC_arm-cm0.lib(CSpotterSDKApi.o)
    0x00003ea8   0x00003ea8   0x00000028   Code   RO         1813    i.CSpotter_Release  libCSpotterSDK_16k24d_ISD9xxC_arm-cm0.lib(CSpotterSDKApi.o)
    0x00003ed0   0x00003ed0   0x00000034   Code   RO         1814    i.CSpotter_Reset    libCSpotterSDK_16k24d_ISD9xxC_arm-cm0.lib(CSpotterSDKApi.o)
    0x00003f04   0x00003f04   0x0000002c   Code   RO         1815    i.CSpotter_SetCmdResponseReward  libCSpotterSDK_16k24d_ISD9xxC_arm-cm0.lib(CSpotterSDKApi.o)
    0x00003f30   0x00003f30   0x0000002c   Code   RO         1824    i.CSpotter_SetResponseTime  libCSpotterSDK_16k24d_ISD9xxC_arm-cm0.lib(CSpotterSDKApi.o)
    0x00003f5c   0x00003f5c   0x0000004c   Code   RO          412    i.DoVR_create_multi  vr.o
    0x00003fa8   0x00003fa8   0x000000f4   Code   RO          415    i.DoVR_get_two_as_one  vr.o
    0x0000409c   0x0000409c   0x000000a2   Code   RO          418    i.DoVR_two_as_one   vr.o
    0x0000413e   0x0000413e   0x00000002   PAD
    0x00004140   0x00004140   0x00000040   Code   RO          129    i.GPAB_IRQHandler   main.o
    0x00004180   0x00004180   0x0000001a   Code   RO          898    i.GPIO_EnableInt    gpio.o
    0x0000419a   0x0000419a   0x00000028   Code   RO          899    i.GPIO_SetMode      gpio.o
    0x000041c2   0x000041c2   0x00000002   PAD
    0x000041c4   0x000041c4   0x0000006c   Code   RO          130    i.InitialGPIO       main.o
    0x00004230   0x00004230   0x00000048   Code   RO         1553    i.MIC_Close         micspk.o
    0x00004278   0x00004278   0x000000ac   Code   RO         1554    i.MIC_Open          micspk.o
    0x00004324   0x00004324   0x0000000c   Code   RO         1555    i.MIC_Start         micspk.o
    0x00004330   0x00004330   0x00000060   Code   RO         2049    i.NINJA_API_1       libCSpotterSDK_16k24d_ISD9xxC_arm-cm0.lib(BsrGo.o)
    0x00004390   0x00004390   0x00000156   Code   RO         2051    i.NINJA_API_11      libCSpotterSDK_16k24d_ISD9xxC_arm-cm0.lib(BsrGo.o)
    0x000044e6   0x000044e6   0x000000d6   Code   RO         2053    i.NINJA_API_13      libCSpotterSDK_16k24d_ISD9xxC_arm-cm0.lib(BsrGo.o)
    0x000045bc   0x000045bc   0x00000020   Code   RO         2055    i.NINJA_API_15      libCSpotterSDK_16k24d_ISD9xxC_arm-cm0.lib(BsrGo.o)
    0x000045dc   0x000045dc   0x00000020   Code   RO         2056    i.NINJA_API_16      libCSpotterSDK_16k24d_ISD9xxC_arm-cm0.lib(BsrGo.o)
    0x000045fc   0x000045fc   0x0000002a   Code   RO         2058    i.NINJA_API_18      libCSpotterSDK_16k24d_ISD9xxC_arm-cm0.lib(BsrGo.o)
    0x00004626   0x00004626   0x00000020   Code   RO         2059    i.NINJA_API_19      libCSpotterSDK_16k24d_ISD9xxC_arm-cm0.lib(BsrGo.o)
    0x00004646   0x00004646   0x00000028   Code   RO         2060    i.NINJA_API_2       libCSpotterSDK_16k24d_ISD9xxC_arm-cm0.lib(BsrGo.o)
    0x0000466e   0x0000466e   0x00000024   Code   RO         2063    i.NINJA_API_23      libCSpotterSDK_16k24d_ISD9xxC_arm-cm0.lib(BsrGo.o)
    0x00004692   0x00004692   0x0000002e   Code   RO         2066    i.NINJA_API_26      libCSpotterSDK_16k24d_ISD9xxC_arm-cm0.lib(BsrGo.o)
    0x000046c0   0x000046c0   0x00000020   Code   RO         2070    i.NINJA_API_3       libCSpotterSDK_16k24d_ISD9xxC_arm-cm0.lib(BsrGo.o)
    0x000046e0   0x000046e0   0x0000000c   Code   RO         2072    i.NINJA_API_31      libCSpotterSDK_16k24d_ISD9xxC_arm-cm0.lib(BsrGo.o)
    0x000046ec   0x000046ec   0x00000052   Code   RO         2083    i.NINJA_API_43      libCSpotterSDK_16k24d_ISD9xxC_arm-cm0.lib(BsrGo.o)
    0x0000473e   0x0000473e   0x00000068   Code   RO         2087    i.NINJA_API_47      libCSpotterSDK_16k24d_ISD9xxC_arm-cm0.lib(BsrGo.o)
    0x000047a6   0x000047a6   0x0000005e   Code   RO         2088    i.NINJA_API_48      libCSpotterSDK_16k24d_ISD9xxC_arm-cm0.lib(BsrGo.o)
    0x00004804   0x00004804   0x00000040   Code   RO         2094    i.NINJA_API_55      libCSpotterSDK_16k24d_ISD9xxC_arm-cm0.lib(BsrGo.o)
    0x00004844   0x00004844   0x0000003c   Code   RO         2095    i.NINJA_API_56      libCSpotterSDK_16k24d_ISD9xxC_arm-cm0.lib(BsrGo.o)
    0x00004880   0x00004880   0x0000001a   Code   RO         2096    i.NINJA_API_57      libCSpotterSDK_16k24d_ISD9xxC_arm-cm0.lib(BsrGo.o)
    0x0000489a   0x0000489a   0x00000002   PAD
    0x0000489c   0x0000489c   0x000000c4   Code   RO         2104    i.NINJA_API_8       libCSpotterSDK_16k24d_ISD9xxC_arm-cm0.lib(BsrGo.o)
    0x00004960   0x00004960   0x000002dc   Code   RO         2105    i.NINJA_API_9       libCSpotterSDK_16k24d_ISD9xxC_arm-cm0.lib(BsrGo.o)
    0x00004c3c   0x00004c3c   0x00000014   Code   RO          931    i.PDMA_EnableInt    pdma.o
    0x00004c50   0x00004c50   0x000000a0   Code   RO          281    i.PDMA_IRQHandler   interrupthandler.o
    0x00004cf0   0x00004cf0   0x00000010   Code   RO          932    i.PDMA_Open         pdma.o
    0x00004d00   0x00004d00   0x00000020   Code   RO          933    i.PDMA_SetTransferAddr  pdma.o
    0x00004d20   0x00004d20   0x00000038   Code   RO          934    i.PDMA_SetTransferCnt  pdma.o
    0x00004d58   0x00004d58   0x00000018   Code   RO          935    i.PDMA_SetTransferDirection  pdma.o
    0x00004d70   0x00004d70   0x000000b4   Code   RO          936    i.PDMA_SetTransferMode  pdma.o
    0x00004e24   0x00004e24   0x00000018   Code   RO          937    i.PDMA_Trigger      pdma.o
    0x00004e3c   0x00004e3c   0x00000028   Code   RO         1648    i.PdmaCtrl_Close    pdmactrl.o
    0x00004e64   0x00004e64   0x00000024   Code   RO         1649    i.PdmaCtrl_Init     pdmactrl.o
    0x00004e88   0x00004e88   0x0000008c   Code   RO         1650    i.PdmaCtrl_Open     pdmactrl.o
    0x00004f14   0x00004f14   0x00000028   Code   RO         1651    i.PdmaCtrl_Start    pdmactrl.o
    0x00004f3c   0x00004f3c   0x00000014   Code   RO         1652    i.PdmaCtrl_Stop     pdmactrl.o
    0x00004f50   0x00004f50   0x0000001c   Code   RO          132    i.SYS_Init          main.o
    0x00004f6c   0x00004f6c   0x00000010   Code   RO         1137    i.SYS_Lock          sys.o
    0x00004f7c   0x00004f7c   0x0000001a   Code   RO         1142    i.SYS_ResetModule   sys.o
    0x00004f96   0x00004f96   0x00000002   PAD
    0x00004f98   0x00004f98   0x0000002c   Code   RO         1143    i.SYS_Unlock        sys.o
    0x00004fc4   0x00004fc4   0x00000014   Code   RO          133    i.SetOutputPin      main.o
    0x00004fd8   0x00004fd8   0x00000006   Code   RO         1288    i.TIMER_Close       timer.o
    0x00004fde   0x00004fde   0x00000002   PAD
    0x00004fe0   0x00004fe0   0x00000058   Code   RO         1290    i.TIMER_GetModuleClock  timer.o
    0x00005038   0x00005038   0x00000060   Code   RO         1292    i.TIMER_Open        timer.o
    0x00005098   0x00005098   0x00000048   Code   RO          134    i.TMR0_IRQHandler   main.o
    0x000050e0   0x000050e0   0x0000004c   Code   RO          135    i.UnpackBin         main.o
    0x0000512c   0x0000512c   0x00000058   Code   RO          136    i.Vibrate_SmartGlove  main.o
    0x00005184   0x00005184   0x0000000c   Code   RO          324    i.Wave_CheckCpuOverload  waverecord.o
    0x00005190   0x00005190   0x0000000c   Code   RO          325    i.Wave_ClearCpuOverload  waverecord.o
    0x0000519c   0x0000519c   0x00000040   Code   RO          326    i.Wave_GetSample    waverecord.o
    0x000051dc   0x000051dc   0x00000074   Code   RO          327    i.Wave_StartRecord  waverecord.o
    0x00005250   0x00005250   0x0000001c   Code   RO          328    i.Wave_StopRecord   waverecord.o
    0x0000526c   0x0000526c   0x0000002c   Code   RO          329    i.Wave_UnlockSample  waverecord.o
    0x00005298   0x00005298   0x0000001a   Code   RO          211    i.__ARM_common_switch8  main.o
    0x000052b2   0x000052b2   0x00000048   Code   RO          137    i.main              main.o
    0x000052fa   0x000052fa   0x00000002   PAD
    0x000052fc   0x000052fc   0x00000014   Data   RO         1293    .constdata          timer.o
    0x00005310   0x00005310   0x00000044   Data   RO         1564    .constdata          micspk.o
    0x00005354   0x00005354   0x000008d4   Data   RO         2106    .constdata          libCSpotterSDK_16k24d_ISD9xxC_arm-cm0.lib(BsrGo.o)
    0x00005c28   0x00005c28   0x00000800   Data   RO         2311    .constdata          libCSpotterSDK_16k24d_ISD9xxC_arm-cm0.lib(BsrBen.o)
    0x00006428   0x00006428   0x00000064   Data   RO         2546    .constdata          libCSpotterSDK_16k24d_ISD9xxC_arm-cm0.lib(BsrEli.o)
    0x0000648c   0x0000648c   0x00000009   Data   RO         2613    .constdata          libCSpotterSDK_16k24d_ISD9xxC_arm-cm0.lib(BsrJoy.o)
    0x00006495   0x00006495   0x00000001   PAD
    0x00006496   0x00006496   0x00000284   Data   RO         2632    .constdata          libCSpotterSDK_16k24d_ISD9xxC_arm-cm0.lib(BsrAna.o)
    0x0000671a   0x0000671a   0x00000404   Data   RO         2640    .constdata          libCSpotterSDK_16k24d_ISD9xxC_arm-cm0.lib(BsrAnn.o)
    0x00006b1e   0x00006b1e   0x00000002   PAD
    0x00006b20   0x00006b20   0x00000200   Data   RO         2650    .constdata          libCSpotterSDK_16k24d_ISD9xxC_arm-cm0.lib(BsrGuy.o)
    0x00006d20   0x00006d20   0x00000020   Data   RO         2897    Region$$Table       anon$$obj.o


    Execution Region ER_RW (Exec base: 0x20000000, Load base: 0x00006d40, Size: 0x00000050, Max: 0xffffffff, ABSOLUTE)

    Exec Addr    Load Addr    Size         Type   Attr      Idx    E Section Name        Object

    0x20000000   0x00006d40   0x0000001c   Data   RW            5    .data               system_isd9100.o
    0x2000001c   0x00006d5c   0x00000008   Data   RW          139    .data               main.o
    0x20000024   0x00006d64   0x00000014   Data   RW          330    .data               waverecord.o
    0x20000038   0x00006d78   0x00000004   Data   RW          420    .data               vr.o
    0x2000003c   0x00006d7c   0x00000014   Data   RW         1738    .data               playspinuone.o


    Execution Region ER_ZI (Exec base: 0x20000050, Load base: 0x00006d90, Size: 0x00002ea0, Max: 0xffffffff, ABSOLUTE)

    Exec Addr    Load Addr    Size         Type   Attr      Idx    E Section Name        Object

    0x20000050        -       0x00002800   Zero   RW          383    .bss                overlapram.o
    0x20002850        -       0x00000040   Zero   RW          419    .bss                vr.o
    0x20002890        -       0x00000060   Zero   RW         2772    .bss                c_p.l(libspace.o)
    0x200028f0        -       0x00000200   Zero   RW          118    HEAP                startup_isd9100.o
    0x20002af0        -       0x00000400   Zero   RW          117    STACK               startup_isd9100.o


==============================================================================

Image component sizes


      Code (inc. data)   RO Data    RW Data    ZI Data      Debug   Object Name

       240         42          0          0          0       3530   adc.o
        96         12          0          0          0       1435   biq.o
       172         32          0          0          0       2595   clk.o
        66          0          0          0          0       1544   gpio.o
       160         44          0          0          0        558   interrupthandler.o
      1058        116          0          8          0     117521   main.o
       304         54         68          0          0       2771   micspk.o
         0          0          0          0      10240       3673   overlapram.o
       352         46          0          0          0       4732   pdma.o
       276         34          0          0          0       8922   pdmactrl.o
         0          0          0         20          0        527   playspinuone.o
        96         46        192          0       1536        768   startup_isd9100.o
        86         10          0          0          0       1506   sys.o
         0          0          0         28          0     100253   system_isd9100.o
       190         18         20          0          0       2406   timer.o
       482         12          0          4         64       5157   vr.o
       276         66          0         20          0       4131   waverecord.o

    ----------------------------------------------------------------------
      3866        532        312         80      11840     262029   Object Totals
         0          0         32          0          0          0   (incl. Generated)
        12          0          0          0          0          0   (incl. Padding)

    ----------------------------------------------------------------------

      Code (inc. data)   RO Data    RW Data    ZI Data      Debug   Library Member Name

         8          0          0          0          0         68   __main.o
         0          0          0          0          0          0   __rtentry.o
        12          0          0          0          0          0   __rtentry2.o
         6          0          0          0          0          0   __rtentry4.o
        60          8          0          0          0          0   __scatter.o
        26          0          0          0          0          0   __scatter_copy.o
        28          0          0          0          0          0   __scatter_zi.o
       488          0          0          0          0         92   aeabi_sdivfast.o
        16          0          0          0          0         68   exit.o
         6          0          0          0          0        136   heapauxi.o
         0          0          0          0          0          0   indicate_semi.o
         2          0          0          0          0          0   libinit.o
         2          0          0          0          0          0   libinit2.o
         2          0          0          0          0          0   libshutdown.o
         2          0          0          0          0          0   libshutdown2.o
         8          4          0          0         96         68   libspace.o
        56          0          0          0          0         68   rt_memcpy.o
         2          0          0          0          0          0   rtexit.o
        10          0          0          0          0          0   rtexit2.o
        12          4          0          0          0         60   sys_exit.o
        62          0          0          0          0         80   sys_stackheap_outer.o
         2          0          0          0          0         68   use_no_semi.o
       122          0          0          0          0        200   BsrAli.o
       100          4        644          0          0         80   BsrAna.o
       388         10       1028          0          0        160   BsrAnn.o
        60          4       2048          0          0         60   BsrBen.o
       662          0          0          0          0        568   BsrDon.o
       692         12        100          0          0        464   BsrEli.o
       924         16          0          0          0        384   BsrEva.o
      2874         24       2260          0          0       1764   BsrGo.o
       234          8        512          0          0        300   BsrGuy.o
      3514         62          0          0          0       1280   BsrJay.o
      2418         12          0          0          0       1332   BsrJim.o
       360          0          0          0          0        264   BsrJoe.o
      1480         20          9          0          0        888   BsrJoy.o
      1516          0          0          0          0       1252   BsrKai.o
      1008         70          0          0          0        920   CSpotterSDKApi.o

    ----------------------------------------------------------------------
     17186        258       6604          0         96      10624   Library Totals
        24          0          3          0          0          0   (incl. Padding)

    ----------------------------------------------------------------------

      Code (inc. data)   RO Data    RW Data    ZI Data      Debug   Library Name

       810         16          0          0         96        708   c_p.l
     16352        242       6601          0          0       9916   libCSpotterSDK_16k24d_ISD9xxC_arm-cm0.lib

    ----------------------------------------------------------------------
     17186        258       6604          0         96      10624   Library Totals

    ----------------------------------------------------------------------

==============================================================================


      Code (inc. data)   RO Data    RW Data    ZI Data      Debug   

     21052        790       6916         80      11936     264229   Grand Totals
     21052        790       6916         80      11936     264229   ELF Image Totals
     21052        790       6916         80          0          0   ROM Totals

==============================================================================

    Total RO  Size (Code + RO Data)                27968 (  27.31kB)
    Total RW  Size (RW Data + ZI Data)             12016 (  11.73kB)
    Total ROM Size (Code + RO Data + RW Data)      28048 (  27.39kB)

==============================================================================

